Archive member included to satisfy reference by file (symbol)

c:/program files (x86)/atmel/studio/7.0/toolchain/arm/arm-gnu-toolchain/bin/../lib/gcc/arm-none-eabi/6.3.1/thumb/v6-m\libgcc.a(_udivsi3.o)
                              hal/src/hal_flash.o (__aeabi_uidiv)
c:/program files (x86)/atmel/studio/7.0/toolchain/arm/arm-gnu-toolchain/bin/../lib/gcc/arm-none-eabi/6.3.1/thumb/v6-m\libgcc.a(_dvmd_tls.o)
                              c:/program files (x86)/atmel/studio/7.0/toolchain/arm/arm-gnu-toolchain/bin/../lib/gcc/arm-none-eabi/6.3.1/thumb/v6-m\libgcc.a(_udivsi3.o) (__aeabi_idiv0)
c:/program files (x86)/atmel/studio/7.0/toolchain/arm/arm-gnu-toolchain/bin/../lib/gcc/arm-none-eabi/6.3.1/thumb/v6-m\libgcc.a(_aeabi_uldivmod.o)
                              hpl/sercom/hpl_sercom.o (__aeabi_uldivmod)
c:/program files (x86)/atmel/studio/7.0/toolchain/arm/arm-gnu-toolchain/bin/../lib/gcc/arm-none-eabi/6.3.1/thumb/v6-m\libgcc.a(_muldi3.o)
                              hpl/sercom/hpl_sercom.o (__aeabi_lmul)
c:/program files (x86)/atmel/studio/7.0/toolchain/arm/arm-gnu-toolchain/bin/../lib/gcc/arm-none-eabi/6.3.1/thumb/v6-m\libgcc.a(_fixunsdfsi.o)
                              hpl/sercom/hpl_sercom.o (__aeabi_d2uiz)
c:/program files (x86)/atmel/studio/7.0/toolchain/arm/arm-gnu-toolchain/bin/../lib/gcc/arm-none-eabi/6.3.1/thumb/v6-m\libgcc.a(_udivmoddi4.o)
                              c:/program files (x86)/atmel/studio/7.0/toolchain/arm/arm-gnu-toolchain/bin/../lib/gcc/arm-none-eabi/6.3.1/thumb/v6-m\libgcc.a(_aeabi_uldivmod.o) (__udivmoddi4)
c:/program files (x86)/atmel/studio/7.0/toolchain/arm/arm-gnu-toolchain/bin/../lib/gcc/arm-none-eabi/6.3.1/thumb/v6-m\libgcc.a(divdf3.o)
                              hpl/sercom/hpl_sercom.o (__aeabi_ddiv)
c:/program files (x86)/atmel/studio/7.0/toolchain/arm/arm-gnu-toolchain/bin/../lib/gcc/arm-none-eabi/6.3.1/thumb/v6-m\libgcc.a(muldf3.o)
                              hpl/sercom/hpl_sercom.o (__aeabi_dmul)
c:/program files (x86)/atmel/studio/7.0/toolchain/arm/arm-gnu-toolchain/bin/../lib/gcc/arm-none-eabi/6.3.1/thumb/v6-m\libgcc.a(subdf3.o)
                              hpl/sercom/hpl_sercom.o (__aeabi_dsub)
c:/program files (x86)/atmel/studio/7.0/toolchain/arm/arm-gnu-toolchain/bin/../lib/gcc/arm-none-eabi/6.3.1/thumb/v6-m\libgcc.a(fixdfsi.o)
                              c:/program files (x86)/atmel/studio/7.0/toolchain/arm/arm-gnu-toolchain/bin/../lib/gcc/arm-none-eabi/6.3.1/thumb/v6-m\libgcc.a(_fixunsdfsi.o) (__aeabi_d2iz)
c:/program files (x86)/atmel/studio/7.0/toolchain/arm/arm-gnu-toolchain/bin/../lib/gcc/arm-none-eabi/6.3.1/thumb/v6-m\libgcc.a(floatsidf.o)
                              hpl/sercom/hpl_sercom.o (__aeabi_i2d)
c:/program files (x86)/atmel/studio/7.0/toolchain/arm/arm-gnu-toolchain/bin/../lib/gcc/arm-none-eabi/6.3.1/thumb/v6-m\libgcc.a(floatunsidf.o)
                              hpl/sercom/hpl_sercom.o (__aeabi_ui2d)
c:/program files (x86)/atmel/studio/7.0/toolchain/arm/arm-gnu-toolchain/bin/../lib/gcc/arm-none-eabi/6.3.1/thumb/v6-m\libgcc.a(_arm_cmpdf2.o)
                              c:/program files (x86)/atmel/studio/7.0/toolchain/arm/arm-gnu-toolchain/bin/../lib/gcc/arm-none-eabi/6.3.1/thumb/v6-m\libgcc.a(_fixunsdfsi.o) (__aeabi_dcmpge)
c:/program files (x86)/atmel/studio/7.0/toolchain/arm/arm-gnu-toolchain/bin/../lib/gcc/arm-none-eabi/6.3.1/thumb/v6-m\libgcc.a(_clzsi2.o)
                              c:/program files (x86)/atmel/studio/7.0/toolchain/arm/arm-gnu-toolchain/bin/../lib/gcc/arm-none-eabi/6.3.1/thumb/v6-m\libgcc.a(divdf3.o) (__clzsi2)
c:/program files (x86)/atmel/studio/7.0/toolchain/arm/arm-gnu-toolchain/bin/../lib/gcc/arm-none-eabi/6.3.1/thumb/v6-m\libgcc.a(_clzdi2.o)
                              c:/program files (x86)/atmel/studio/7.0/toolchain/arm/arm-gnu-toolchain/bin/../lib/gcc/arm-none-eabi/6.3.1/thumb/v6-m\libgcc.a(_udivmoddi4.o) (__clzdi2)
c:/program files (x86)/atmel/studio/7.0/toolchain/arm/arm-gnu-toolchain/bin/../lib/gcc/arm-none-eabi/6.3.1/thumb/v6-m\libgcc.a(eqdf2.o)
                              c:/program files (x86)/atmel/studio/7.0/toolchain/arm/arm-gnu-toolchain/bin/../lib/gcc/arm-none-eabi/6.3.1/thumb/v6-m\libgcc.a(_arm_cmpdf2.o) (__eqdf2)
c:/program files (x86)/atmel/studio/7.0/toolchain/arm/arm-gnu-toolchain/bin/../lib/gcc/arm-none-eabi/6.3.1/thumb/v6-m\libgcc.a(gedf2.o)
                              c:/program files (x86)/atmel/studio/7.0/toolchain/arm/arm-gnu-toolchain/bin/../lib/gcc/arm-none-eabi/6.3.1/thumb/v6-m\libgcc.a(_arm_cmpdf2.o) (__gedf2)
c:/program files (x86)/atmel/studio/7.0/toolchain/arm/arm-gnu-toolchain/bin/../lib/gcc/arm-none-eabi/6.3.1/thumb/v6-m\libgcc.a(ledf2.o)
                              c:/program files (x86)/atmel/studio/7.0/toolchain/arm/arm-gnu-toolchain/bin/../lib/gcc/arm-none-eabi/6.3.1/thumb/v6-m\libgcc.a(_arm_cmpdf2.o) (__ledf2)
[...]
Memory Configuration

Name             Origin             Length             Attributes
rom              0x00000000         0x00040000         xr
ram              0x20000000         0x00008000         xrw
*default*        0x00000000         0xffffffff

Linker script and memory map

LOAD c:/program files (x86)/atmel/studio/7.0/toolchain/arm/arm-gnu-toolchain/bin/../lib/gcc/arm-none-eabi/6.3.1/thumb/v6-m/crti.o
LOAD c:/program files (x86)/atmel/studio/7.0/toolchain/arm/arm-gnu-toolchain/bin/../lib/gcc/arm-none-eabi/6.3.1/thumb/v6-m/crtbegin.o
LOAD c:/program files (x86)/atmel/studio/7.0/toolchain/arm/arm-gnu-toolchain/bin/../lib/gcc/arm-none-eabi/6.3.1/../../../../arm-none-eabi/lib/thumb/v6-m/crt0.o
LOAD atmel_start.o
LOAD Device_Startup/startup_samd21.o
LOAD Device_Startup/system_samd21.o
LOAD driver_init.o
LOAD examples/driver_examples.o
LOAD hal/src/hal_atomic.o
LOAD hal/src/hal_delay.o
LOAD hal/src/hal_flash.o
LOAD hal/src/hal_gpio.o
LOAD hal/src/hal_init.o
LOAD hal/src/hal_io.o
LOAD hal/src/hal_sleep.o
LOAD hal/src/hal_timer.o
LOAD hal/src/hal_usart_async.o
LOAD hal/utils/src/utils_assert.o
LOAD hal/utils/src/utils_event.o
LOAD hal/utils/src/utils_list.o
LOAD hal/utils/src/utils_ringbuffer.o
LOAD hal/utils/src/utils_syscalls.o
LOAD hpl/core/hpl_core_m0plus_base.o
LOAD hpl/core/hpl_init.o
LOAD hpl/dmac/hpl_dmac.o
LOAD hpl/gclk/hpl_gclk.o
LOAD hpl/nvmctrl/hpl_nvmctrl.o
LOAD hpl/pm/hpl_pm.o
LOAD hpl/rtc/hpl_rtc.o
LOAD hpl/sercom/hpl_sercom.o
LOAD hpl/sysctrl/hpl_sysctrl.o
LOAD main.o
START GROUP
LOAD c:/program files (x86)/atmel/studio/7.0/toolchain/arm/arm-gnu-toolchain/bin/../lib/gcc/arm-none-eabi/6.3.1/../../../../arm-none-eabi/lib/thumb/v6-m\libm.a
END GROUP
START GROUP
LOAD c:/program files (x86)/atmel/studio/7.0/toolchain/arm/arm-gnu-toolchain/bin/../lib/gcc/arm-none-eabi/6.3.1/thumb/v6-m\libgcc.a
LOAD c:/program files (x86)/atmel/studio/7.0/toolchain/arm/arm-gnu-toolchain/bin/../lib/gcc/arm-none-eabi/6.3.1/../../../../arm-none-eabi/lib/thumb/v6-m\libc_nano.a
END GROUP
START GROUP
LOAD c:/program files (x86)/atmel/studio/7.0/toolchain/arm/arm-gnu-toolchain/bin/../lib/gcc/arm-none-eabi/6.3.1/thumb/v6-m\libgcc.a
LOAD c:/program files (x86)/atmel/studio/7.0/toolchain/arm/arm-gnu-toolchain/bin/../lib/gcc/arm-none-eabi/6.3.1/../../../../arm-none-eabi/lib/thumb/v6-m\libc_nano.a
END GROUP
LOAD c:/program files (x86)/atmel/studio/7.0/toolchain/arm/arm-gnu-toolchain/bin/../lib/gcc/arm-none-eabi/6.3.1/thumb/v6-m/crtend.o
LOAD c:/program files (x86)/atmel/studio/7.0/toolchain/arm/arm-gnu-toolchain/bin/../lib/gcc/arm-none-eabi/6.3.1/thumb/v6-m/crtn.o
                0x00002000                STACK_SIZE = DEFINED (STACK_SIZE)?STACK_SIZE:DEFINED (__stack_size__)?__stack_size__:0x2000

.text           0x00000000     0x17a0
                0x00000000                . = ALIGN (0x4)
                0x00000000                _sfixed = .
 *(.vectors .vectors.*)
 .vectors       0x00000000       0xb4 Device_Startup/startup_samd21.o
                0x00000000                exception_table
 *(.text .text.* .gnu.linkonce.t.*)
 .text          0x000000b4       0x60 c:/program files (x86)/atmel/studio/7.0/toolchain/arm/arm-gnu-toolchain/bin/../lib/gcc/arm-none-eabi/6.3.1/thumb/v6-m/crtbegin.o
 .text.atmel_start_init
                0x00000114        0xc atmel_start.o
                0x00000114                atmel_start_init
 .text.Dummy_Handler
                0x00000120        0x2 Device_Startup/startup_samd21.o
                0x00000120                SVCall_Handler
                0x00000120                DMAC_Handler
                0x00000120                HardFault_Handler
                0x00000120                AC_Handler
                0x00000120                SysTick_Handler
                0x00000120                PendSV_Handler
                0x00000120                TC7_Handler
                0x00000120                SERCOM1_Handler
                0x00000120                ADC_Handler
                0x00000120                NonMaskableInt_Handler
                0x00000120                TCC1_Handler
                0x00000120                SERCOM2_Handler
                0x00000120                TCC0_Handler
                0x00000120                EIC_Handler
                0x00000120                TC6_Handler
                0x00000120                WDT_Handler
                0x00000120                TC4_Handler
                0x00000120                USB_Handler
                0x00000120                TC3_Handler
                0x00000120                Dummy_Handler
                0x00000120                PM_Handler
                0x00000120                SERCOM5_Handler
                0x00000120                TCC2_Handler
                0x00000120                EVSYS_Handler
                0x00000120                SERCOM4_Handler
                0x00000120                I2S_Handler
                0x00000120                DAC_Handler
                0x00000120                PTC_Handler
                0x00000120                TC5_Handler
                0x00000120                SYSCTRL_Handler
 *fill*         0x00000122        0x2 
 .text.Reset_Handler
                0x00000124       0xc4 Device_Startup/startup_samd21.o
                0x00000124                Reset_Handler
 .text.TIMER_init
                0x000001e8       0x40 driver_init.o
 .text.FLASH_CLOCK_init
                0x00000228       0x10 driver_init.o
                0x00000228                FLASH_CLOCK_init
 .text.FLASH_init
                0x00000238       0x20 driver_init.o
                0x00000238                FLASH_init
 .text.serial_knx_CLOCK_init
                0x00000258       0x20 driver_init.o
                0x00000258                serial_knx_CLOCK_init
 .text.serial_knx_PORT_init
                0x00000278       0x44 driver_init.o
                0x00000278                serial_knx_PORT_init
 .text.serial_knx_init
                0x000002bc       0x38 driver_init.o
                0x000002bc                serial_knx_init
 .text.serial_bsm_CLOCK_init
                0x000002f4       0x20 driver_init.o
                0x000002f4                serial_bsm_CLOCK_init
 .text.serial_bsm_PORT_init
                0x00000314       0x44 driver_init.o
                0x00000314                serial_bsm_PORT_init
 .text.serial_bsm_init
                0x00000358       0x3c driver_init.o
                0x00000358                serial_bsm_init
 .text.system_init
                0x00000394       0x58 driver_init.o
                0x00000394                system_init
 .text.atomic_enter_critical
                0x000003ec        0xe hal/src/hal_atomic.o
                0x000003ec                atomic_enter_critical
 .text.atomic_leave_critical
                0x000003fa        0xc hal/src/hal_atomic.o
                0x000003fa                atomic_leave_critical
 .text.flash_ready
                0x00000406        0xc hal/src/hal_flash.o
 .text.flash_error
                0x00000412        0xc hal/src/hal_flash.o
 *fill*         0x0000041e        0x2 
 .text.flash_init
                0x00000420       0x4c hal/src/hal_flash.o
                0x00000420                flash_init
 .text.flash_read
                0x0000046c       0x80 hal/src/hal_flash.o
                0x0000046c                flash_read
 .text.flash_write
                0x000004ec       0x98 hal/src/hal_flash.o
                0x000004ec                flash_write
 .text.flash_get_page_size
                0x00000584       0x28 hal/src/hal_flash.o
                0x00000584                flash_get_page_size
 .text.io_read  0x000005ac       0x38 hal/src/hal_io.o
                0x000005ac                io_read
 .text.timer_add_timer_task
                0x000005e4       0x58 hal/src/hal_timer.o
 .text.timer_process_counted
                0x0000063c       0x64 hal/src/hal_timer.o
 .text.timer_init
                0x000006a0       0x44 hal/src/hal_timer.o
                0x000006a0                timer_init
 .text.timer_start
                0x000006e4       0x3c hal/src/hal_timer.o
                0x000006e4                timer_start
 .text.timer_add_task
                0x00000720       0xb0 hal/src/hal_timer.o
                0x00000720                timer_add_task
 .text.usart_transmission_complete
                0x000007d0       0x12 hal/src/hal_usart_async.o
 .text.usart_error
                0x000007e2       0x12 hal/src/hal_usart_async.o
 .text.usart_fill_rx_buffer
                0x000007f4       0x1c hal/src/hal_usart_async.o
 .text.usart_async_write
                0x00000810       0x68 hal/src/hal_usart_async.o
 .text.usart_process_byte_sent
                0x00000878       0x44 hal/src/hal_usart_async.o
 .text.usart_async_read
                0x000008bc       0x80 hal/src/hal_usart_async.o
 .text.usart_async_init
                0x0000093c       0x9c hal/src/hal_usart_async.o
                0x0000093c                usart_async_init
 .text.usart_async_enable
                0x000009d8       0x2c hal/src/hal_usart_async.o
                0x000009d8                usart_async_enable
 .text.usart_async_get_io_descriptor
                0x00000a04       0x30 hal/src/hal_usart_async.o
                0x00000a04                usart_async_get_io_descriptor
 .text.usart_async_register_callback
                0x00000a34       0x78 hal/src/hal_usart_async.o
                0x00000a34                usart_async_register_callback
 .text.assert   0x00000aac        0x8 hal/utils/src/utils_assert.o
                0x00000aac                assert
 .text.is_list_element
                0x00000ab4       0x16 hal/utils/src/utils_list.o
                0x00000ab4                is_list_element
 *fill*         0x00000aca        0x2 
 .text.list_insert_as_head
                0x00000acc       0x2c hal/utils/src/utils_list.o
                0x00000acc                list_insert_as_head
 .text.list_insert_after
                0x00000af8        0x8 hal/utils/src/utils_list.o
                0x00000af8                list_insert_after
 .text.list_remove_head
                0x00000b00       0x12 hal/utils/src/utils_list.o
                0x00000b00                list_remove_head
 *fill*         0x00000b12        0x2 
 .text.ringbuffer_init
                0x00000b14       0x4c hal/utils/src/utils_ringbuffer.o
                0x00000b14                ringbuffer_init
 .text.ringbuffer_get
                0x00000b60       0x4c hal/utils/src/utils_ringbuffer.o
                0x00000b60                ringbuffer_get
 .text.ringbuffer_put
                0x00000bac       0x40 hal/utils/src/utils_ringbuffer.o
                0x00000bac                ringbuffer_put
 .text.ringbuffer_num
                0x00000bec       0x24 hal/utils/src/utils_ringbuffer.o
                0x00000bec                ringbuffer_num
 .text._init_chip
                0x00000c10       0x30 hpl/core/hpl_init.o
                0x00000c10                _init_chip
 .text._gclk_init_generators_by_fref
                0x00000c40       0x58 hpl/gclk/hpl_gclk.o
                0x00000c40                _gclk_init_generators_by_fref
 .text._flash_erase_row
                0x00000c98       0x20 hpl/nvmctrl/hpl_nvmctrl.o
 .text._flash_program
                0x00000cb8       0x80 hpl/nvmctrl/hpl_nvmctrl.o
 .text._flash_init
                0x00000d38       0x60 hpl/nvmctrl/hpl_nvmctrl.o
                0x00000d38                _flash_init
 .text._flash_get_page_size
                0x00000d98        0x4 hpl/nvmctrl/hpl_nvmctrl.o
                0x00000d98                _flash_get_page_size
 .text._flash_get_total_pages
                0x00000d9c        0x6 hpl/nvmctrl/hpl_nvmctrl.o
                0x00000d9c                _flash_get_total_pages
 .text._flash_read
                0x00000da2       0x4c hpl/nvmctrl/hpl_nvmctrl.o
                0x00000da2                _flash_read
 *fill*         0x00000dee        0x2 
 .text._flash_write
                0x00000df0       0xd8 hpl/nvmctrl/hpl_nvmctrl.o
                0x00000df0                _flash_write
 .text._flash_is_locked
                0x00000ec8       0x18 hpl/nvmctrl/hpl_nvmctrl.o
                0x00000ec8                _flash_is_locked
 .text.NVMCTRL_Handler
                0x00000ee0       0x30 hpl/nvmctrl/hpl_nvmctrl.o
                0x00000ee0                NVMCTRL_Handler
 .text._pm_init
                0x00000f10       0x20 hpl/pm/hpl_pm.o
                0x00000f10                _pm_init
 .text._rtc_timer_interrupt_handler
                0x00000f30       0x1c hpl/rtc/hpl_rtc.o
 .text._timer_init
                0x00000f4c       0x5c hpl/rtc/hpl_rtc.o
                0x00000f4c                _timer_init
 .text._timer_start
                0x00000fa8       0x58 hpl/rtc/hpl_rtc.o
                0x00000fa8                _timer_start
 .text._timer_is_started
                0x00001000       0x12 hpl/rtc/hpl_rtc.o
                0x00001000                _timer_is_started
 .text._timer_set_irq
                0x00001012        0x2 hpl/rtc/hpl_rtc.o
                0x00001012                _timer_set_irq
 .text._rtc_get_timer
                0x00001014        0x4 hpl/rtc/hpl_rtc.o
                0x00001014                _rtc_get_timer
 .text.RTC_Handler
                0x00001018       0x14 hpl/rtc/hpl_rtc.o
                0x00001018                RTC_Handler
 .text._sercom_get_hardware_index
                0x0000102c       0x10 hpl/sercom/hpl_sercom.o
 .text._sercom_usart_interrupt_handler
                0x0000103c       0x64 hpl/sercom/hpl_sercom.o
 .text._sercom_init_irq_param
                0x000010a0       0x28 hpl/sercom/hpl_sercom.o
 .text._sercom_get_irq_num
                0x000010c8       0x10 hpl/sercom/hpl_sercom.o
 .text._get_sercom_index
                0x000010d8       0x44 hpl/sercom/hpl_sercom.o
 .text._usart_init
                0x0000111c       0xf0 hpl/sercom/hpl_sercom.o
 .text._usart_async_init
                0x0000120c       0x8c hpl/sercom/hpl_sercom.o
                0x0000120c                _usart_async_init
 .text._usart_async_enable
                0x00001298       0x12 hpl/sercom/hpl_sercom.o
                0x00001298                _usart_async_enable
 .text._usart_async_write_byte
                0x000012aa        0x8 hpl/sercom/hpl_sercom.o
                0x000012aa                _usart_async_write_byte
 .text._usart_async_enable_byte_sent_irq
                0x000012b2        0x8 hpl/sercom/hpl_sercom.o
                0x000012b2                _usart_async_enable_byte_sent_irq
 .text._usart_async_enable_tx_done_irq
                0x000012ba        0x8 hpl/sercom/hpl_sercom.o
                0x000012ba                _usart_async_enable_tx_done_irq
 *fill*         0x000012c2        0x2 
 .text._usart_async_set_irq_state
                0x000012c4       0x78 hpl/sercom/hpl_sercom.o
                0x000012c4                _usart_async_set_irq_state
 .text.SERCOM0_Handler
                0x0000133c       0x14 hpl/sercom/hpl_sercom.o
                0x0000133c                SERCOM0_Handler
 .text.SERCOM3_Handler
                0x00001350       0x14 hpl/sercom/hpl_sercom.o
                0x00001350                SERCOM3_Handler
 .text._sysctrl_init_sources
                0x00001364       0x4c hpl/sysctrl/hpl_sysctrl.o
                0x00001364                _sysctrl_init_sources
 .text._sysctrl_init_referenced_generators
                0x000013b0       0x10 hpl/sysctrl/hpl_sysctrl.o
                0x000013b0                _sysctrl_init_referenced_generators
 .text.tx_cb_serial_knx
                0x000013c0        0x2 main.o
 .text.tx_cb_serial_bsm
                0x000013c2        0x2 main.o
 .text.TIMER_task1_cb
                0x000013c4        0x2 main.o
 .text.TIMER_task2_cb
                0x000013c6        0x2 main.o
 .text.rx_cb_serial_knx
                0x000013c8       0x40 main.o
 .text.rx_cb_serial_bsm
                0x00001408       0x40 main.o
 .text.serial_knx_Init
                0x00001448       0x44 main.o
                0x00001448                serial_knx_Init
 .text.serial_bsm_Init
                0x0000148c       0x44 main.o
                0x0000148c                serial_bsm_Init
 .text.TIMER_Init
                0x000014d0       0x50 main.o
                0x000014d0                TIMER_Init
 .text.FLASH_example
                0x00001520       0x88 main.o
                0x00001520                FLASH_example
 .text.main     0x000015a8       0x2c main.o
                0x000015a8                main
 .text.__libc_init_array
                0x000015d4       0x48 c:/program files (x86)/atmel/studio/7.0/toolchain/arm/arm-gnu-toolchain/bin/../lib/gcc/arm-none-eabi/6.3.1/../../../../arm-none-eabi/lib/thumb/v6-m\libc_nano.a(lib_a-init.o)
                0x000015d4                __libc_init_array
 *(.glue_7t)
 .glue_7t       0x0000161c        0x0 linker stubs
 *(.glue_7)
 .glue_7        0x0000161c        0x0 linker stubs
 *(.rodata .rodata* .gnu.linkonce.r.*)
 .rodata.str1.4
                0x0000161c       0x17 hal/src/hal_flash.o
 *fill*         0x00001633        0x1 
 .rodata.str1.4
                0x00001634       0x14 hal/src/hal_io.o
 .rodata.str1.4
                0x00001648       0x17 hal/src/hal_timer.o
 *fill*         0x0000165f        0x1 
 .rodata.str1.4
                0x00001660       0x1d hal/src/hal_usart_async.o
 *fill*         0x0000167d        0x3 
 .rodata.str1.4
                0x00001680       0x1e hal/utils/src/utils_list.o
 *fill*         0x0000169e        0x2 
 .rodata.str1.4
                0x000016a0       0x24 hal/utils/src/utils_ringbuffer.o
 .rodata.str1.4
                0x000016c4       0x1d hpl/nvmctrl/hpl_nvmctrl.o
 *fill*         0x000016e1        0x3 
 .rodata.str1.4
                0x000016e4       0x15 hpl/rtc/hpl_rtc.o
 *fill*         0x000016f9        0x3 
 .rodata        0x000016fc       0x61 hpl/sercom/hpl_sercom.o
 *fill*         0x0000175d        0x3 
 .rodata.str1.4
                0x00001760       0x1c hpl/sercom/hpl_sercom.o
                                 0x1b (size before relaxing)
 .rodata        0x0000177c        0x4 main.o
 *(.ARM.extab* .gnu.linkonce.armextab.*)
                0x00001780                . = ALIGN (0x4)
 *(.init)
 .init          0x00001780        0x4 c:/program files (x86)/atmel/studio/7.0/toolchain/arm/arm-gnu-toolchain/bin/../lib/gcc/arm-none-eabi/6.3.1/thumb/v6-m/crti.o
                0x00001780                _init
 .init          0x00001784        0x8 c:/program files (x86)/atmel/studio/7.0/toolchain/arm/arm-gnu-toolchain/bin/../lib/gcc/arm-none-eabi/6.3.1/thumb/v6-m/crtn.o
                0x0000178c                . = ALIGN (0x4)
                0x0000178c                __preinit_array_start = .
 *(.preinit_array)
                0x0000178c                __preinit_array_end = .
                0x0000178c                . = ALIGN (0x4)
                0x0000178c                __init_array_start = .
 *(SORT(.init_array.*))
 *(.init_array)
 .init_array    0x0000178c        0x4 c:/program files (x86)/atmel/studio/7.0/toolchain/arm/arm-gnu-toolchain/bin/../lib/gcc/arm-none-eabi/6.3.1/thumb/v6-m/crtbegin.o
                0x00001790                __init_array_end = .
                0x00001790                . = ALIGN (0x4)
 *crtbegin.o(.ctors)
 *(EXCLUDE_FILE(*crtend.o) .ctors)
 *(SORT(.ctors.*))
 *crtend.o(.ctors)
                0x00001790                . = ALIGN (0x4)
 *(.fini)
 .fini          0x00001790        0x4 c:/program files (x86)/atmel/studio/7.0/toolchain/arm/arm-gnu-toolchain/bin/../lib/gcc/arm-none-eabi/6.3.1/thumb/v6-m/crti.o
                0x00001790                _fini
 .fini          0x00001794        0x8 c:/program files (x86)/atmel/studio/7.0/toolchain/arm/arm-gnu-toolchain/bin/../lib/gcc/arm-none-eabi/6.3.1/thumb/v6-m/crtn.o
                0x0000179c                . = ALIGN (0x4)
                0x0000179c                __fini_array_start = .
 *(.fini_array)
 .fini_array    0x0000179c        0x4 c:/program files (x86)/atmel/studio/7.0/toolchain/arm/arm-gnu-toolchain/bin/../lib/gcc/arm-none-eabi/6.3.1/thumb/v6-m/crtbegin.o
 *(SORT(.fini_array.*))
                0x000017a0                __fini_array_end = .
 *crtbegin.o(.dtors)
 *(EXCLUDE_FILE(*crtend.o) .dtors)
 *(SORT(.dtors.*))
 *crtend.o(.dtors)
                0x000017a0                . = ALIGN (0x4)
                0x000017a0                _efixed = .
                [!provide]                PROVIDE (__exidx_start, .)

.vfp11_veneer   0x000017a0        0x0
 .vfp11_veneer  0x000017a0        0x0 linker stubs

.v4_bx          0x000017a0        0x0
 .v4_bx         0x000017a0        0x0 linker stubs

.iplt           0x000017a0        0x0
 .iplt          0x000017a0        0x0 c:/program files (x86)/atmel/studio/7.0/toolchain/arm/arm-gnu-toolchain/bin/../lib/gcc/arm-none-eabi/6.3.1/thumb/v6-m/crtbegin.o

.eh_frame       0x000017a0        0x0
 .eh_frame      0x000017a0        0x0 c:/program files (x86)/atmel/studio/7.0/toolchain/arm/arm-gnu-toolchain/bin/../lib/gcc/arm-none-eabi/6.3.1/thumb/v6-m/crtbegin.o

.rel.dyn        0x000017a0        0x0
 .rel.iplt      0x000017a0        0x0 c:/program files (x86)/atmel/studio/7.0/toolchain/arm/arm-gnu-toolchain/bin/../lib/gcc/arm-none-eabi/6.3.1/thumb/v6-m/crtbegin.o

.jcr            0x000017a0        0x0
 .jcr           0x000017a0        0x0 c:/program files (x86)/atmel/studio/7.0/toolchain/arm/arm-gnu-toolchain/bin/../lib/gcc/arm-none-eabi/6.3.1/thumb/v6-m/crtbegin.o

.igot.plt       0x000017a0        0x0
 .igot.plt      0x000017a0        0x0 c:/program files (x86)/atmel/studio/7.0/toolchain/arm/arm-gnu-toolchain/bin/../lib/gcc/arm-none-eabi/6.3.1/thumb/v6-m/crtbegin.o

.ARM.exidx
 *(.ARM.exidx* .gnu.linkonce.armexidx.*)
                [!provide]                PROVIDE (__exidx_end, .)
                0x000017a0                . = ALIGN (0x4)
                0x000017a0                _etext = .

.relocate       0x20000000        0x0 load address 0x000017a0
                0x20000000                . = ALIGN (0x4)
                0x20000000                _srelocate = .
 *(.ramfunc .ramfunc.*)
 *(.data .data.*)
                0x20000000                . = ALIGN (0x4)
                0x20000000                _erelocate = .

.bss            0x20000000      0x268
                0x20000000                . = ALIGN (0x4)
                0x20000000                _sbss = .
                0x20000000                _szero = .
 *(.bss .bss.*)
 .bss           0x20000000       0x1c c:/program files (x86)/atmel/studio/7.0/toolchain/arm/arm-gnu-toolchain/bin/../lib/gcc/arm-none-eabi/6.3.1/thumb/v6-m/crtbegin.o
 .bss           0x2000001c       0x20 driver_init.o
 .bss           0x2000003c        0x4 hpl/nvmctrl/hpl_nvmctrl.o
 .bss           0x20000040        0x4 hpl/rtc/hpl_rtc.o
 .bss           0x20000044        0x8 hpl/sercom/hpl_sercom.o
 .bss           0x2000004c      0x144 main.o
                0x2000004c                knx_ptr
                0x20000050                knx_testArray
                0x20000059                ptr
                0x2000005c                testArray
 *(COMMON)
 COMMON         0x20000190       0xd8 driver_init.o
                0x20000190                TIMER
                0x200001ac                FLASH
                0x200001c8                serial_bsm
                0x20000218                serial_knx
                0x20000268                . = ALIGN (0x4)
                0x20000268                _ebss = .
                0x20000268                _ezero = .

.stack          0x20000268     0x2000
                0x20000268                . = ALIGN (0x8)
                0x20000268                _sstack = .
                0x20002268                . = (. + STACK_SIZE)
 *fill*         0x20000268     0x2000 
                0x20002268                . = ALIGN (0x8)
                0x20002268                _estack = .
                0x20002268                . = ALIGN (0x4)
                0x20002268                _end = .
OUTPUT(BSMCMaster.elf elf32-littlearm)

.ARM.attributes
                0x00000000       0x28
 .ARM.attributes
                0x00000000       0x1e c:/program files (x86)/atmel/studio/7.0/toolchain/arm/arm-gnu-toolchain/bin/../lib/gcc/arm-none-eabi/6.3.1/thumb/v6-m/crti.o
 .ARM.attributes
                0x0000001e       0x2c c:/program files (x86)/atmel/studio/7.0/toolchain/arm/arm-gnu-toolchain/bin/../lib/gcc/arm-none-eabi/6.3.1/thumb/v6-m/crtbegin.o
 .ARM.attributes
                0x0000004a       0x32 atmel_start.o
 .ARM.attributes
                0x0000007c       0x32 Device_Startup/startup_samd21.o
 .ARM.attributes
                0x000000ae       0x32 driver_init.o
 .ARM.attributes
                0x000000e0       0x32 hal/src/hal_atomic.o
 .ARM.attributes
                0x00000112       0x32 hal/src/hal_flash.o
 .ARM.attributes
                0x00000144       0x32 hal/src/hal_io.o
 .ARM.attributes
                0x00000176       0x32 hal/src/hal_timer.o
 .ARM.attributes
                0x000001a8       0x32 hal/src/hal_usart_async.o
 .ARM.attributes
                0x000001da       0x32 hal/utils/src/utils_assert.o
 .ARM.attributes
                0x0000020c       0x32 hal/utils/src/utils_list.o
 .ARM.attributes
                0x0000023e       0x32 hal/utils/src/utils_ringbuffer.o
 .ARM.attributes
                0x00000270       0x32 hpl/core/hpl_init.o
 .ARM.attributes
                0x000002a2       0x32 hpl/gclk/hpl_gclk.o
 .ARM.attributes
                0x000002d4       0x32 hpl/nvmctrl/hpl_nvmctrl.o
 .ARM.attributes
                0x00000306       0x32 hpl/pm/hpl_pm.o
 .ARM.attributes
                0x00000338       0x32 hpl/rtc/hpl_rtc.o
 .ARM.attributes
                0x0000036a       0x32 hpl/sercom/hpl_sercom.o
 .ARM.attributes
                0x0000039c       0x32 hpl/sysctrl/hpl_sysctrl.o
 .ARM.attributes
                0x000003ce       0x32 main.o
 .ARM.attributes
                0x00000400       0x2c c:/program files (x86)/atmel/studio/7.0/toolchain/arm/arm-gnu-toolchain/bin/../lib/gcc/arm-none-eabi/6.3.1/../../../../arm-none-eabi/lib/thumb/v6-m\libc_nano.a(lib_a-init.o)
 .ARM.attributes
                0x0000042c       0x1e c:/program files (x86)/atmel/studio/7.0/toolchain/arm/arm-gnu-toolchain/bin/../lib/gcc/arm-none-eabi/6.3.1/thumb/v6-m/crtn.o

.comment        0x00000000       0x59
 .comment       0x00000000       0x59 atmel_start.o
                                 0x5a (size before relaxing)
 .comment       0x00000059       0x5a Device_Startup/startup_samd21.o
 .comment       0x00000059       0x5a driver_init.o
 .comment       0x00000059       0x5a hal/src/hal_atomic.o
 .comment       0x00000059       0x5a hal/src/hal_flash.o
 .comment       0x00000059       0x5a hal/src/hal_io.o
 .comment       0x00000059       0x5a hal/src/hal_timer.o
 .comment       0x00000059       0x5a hal/src/hal_usart_async.o
 .comment       0x00000059       0x5a hal/utils/src/utils_assert.o
 .comment       0x00000059       0x5a hal/utils/src/utils_list.o
 .comment       0x00000059       0x5a hal/utils/src/utils_ringbuffer.o
 .comment       0x00000059       0x5a hpl/core/hpl_init.o
 .comment       0x00000059       0x5a hpl/gclk/hpl_gclk.o
 .comment       0x00000059       0x5a hpl/nvmctrl/hpl_nvmctrl.o
 .comment       0x00000059       0x5a hpl/pm/hpl_pm.o
 .comment       0x00000059       0x5a hpl/rtc/hpl_rtc.o
 .comment       0x00000059       0x5a hpl/sercom/hpl_sercom.o
 .comment       0x00000059       0x5a hpl/sysctrl/hpl_sysctrl.o
 .comment       0x00000059       0x5a main.o

.debug_info     0x00000000    0x2430f
 .debug_info    0x00000000      0x5e1 atmel_start.o
 .debug_info    0x000005e1     0x3a2c Device_Startup/startup_samd21.o
 .debug_info    0x0000400d     0x93cc driver_init.o
 .debug_info    0x0000d3d9      0x1d1 hal/src/hal_atomic.o
 .debug_info    0x0000d5aa      0xc20 hal/src/hal_flash.o
 .debug_info    0x0000e1ca      0x2b2 hal/src/hal_io.o
 .debug_info    0x0000e47c      0xb91 hal/src/hal_timer.o
 .debug_info    0x0000f00d     0x129e hal/src/hal_usart_async.o
 .debug_info    0x000102ab      0x107 hal/utils/src/utils_assert.o
 .debug_info    0x000103b2      0x314 hal/utils/src/utils_list.o
 .debug_info    0x000106c6      0x2f1 hal/utils/src/utils_ringbuffer.o
 .debug_info    0x000109b7      0x677 hpl/core/hpl_init.o
 .debug_info    0x0001102e      0x679 hpl/gclk/hpl_gclk.o
 .debug_info    0x000116a7     0x2912 hpl/nvmctrl/hpl_nvmctrl.o
 .debug_info    0x00013fb9      0xc6d hpl/pm/hpl_pm.o
 .debug_info    0x00014c26     0x2070 hpl/rtc/hpl_rtc.o
 .debug_info    0x00016c96     0xb67c hpl/sercom/hpl_sercom.o
 .debug_info    0x00022312     0x1454 hpl/sysctrl/hpl_sysctrl.o
 .debug_info    0x00023766      0xba9 main.o

.debug_abbrev   0x00000000     0x2b8d
 .debug_abbrev  0x00000000       0xea atmel_start.o
 .debug_abbrev  0x000000ea      0x227 Device_Startup/startup_samd21.o
 .debug_abbrev  0x00000311      0x3a2 driver_init.o
 .debug_abbrev  0x000006b3      0x144 hal/src/hal_atomic.o
 .debug_abbrev  0x000007f7      0x1c5 hal/src/hal_flash.o
 .debug_abbrev  0x000009bc      0x115 hal/src/hal_io.o
 .debug_abbrev  0x00000ad1      0x221 hal/src/hal_timer.o
 .debug_abbrev  0x00000cf2      0x29f hal/src/hal_usart_async.o
 .debug_abbrev  0x00000f91       0x86 hal/utils/src/utils_assert.o
 .debug_abbrev  0x00001017      0x152 hal/utils/src/utils_list.o
 .debug_abbrev  0x00001169       0xf4 hal/utils/src/utils_ringbuffer.o
 .debug_abbrev  0x0000125d      0x1cc hpl/core/hpl_init.o
 .debug_abbrev  0x00001429      0x1c3 hpl/gclk/hpl_gclk.o
 .debug_abbrev  0x000015ec      0x5e9 hpl/nvmctrl/hpl_nvmctrl.o
 .debug_abbrev  0x00001bd5      0x211 hpl/pm/hpl_pm.o
 .debug_abbrev  0x00001de6      0x3ed hpl/rtc/hpl_rtc.o
 .debug_abbrev  0x000021d3      0x5bf hpl/sercom/hpl_sercom.o
 .debug_abbrev  0x00002792      0x1fb hpl/sysctrl/hpl_sysctrl.o
 .debug_abbrev  0x0000298d      0x200 main.o

.debug_loc      0x00000000     0xdace
 .debug_loc     0x00000000       0x20 atmel_start.o
 .debug_loc     0x00000020       0x78 Device_Startup/startup_samd21.o
 .debug_loc     0x00000098      0x74f driver_init.o
 .debug_loc     0x000007e7       0x13 hal/src/hal_atomic.o
 .debug_loc     0x000007fa      0xd6e hal/src/hal_flash.o
 .debug_loc     0x00001568      0x1b6 hal/src/hal_io.o
 .debug_loc     0x0000171e      0x767 hal/src/hal_timer.o
 .debug_loc     0x00001e85      0xf92 hal/src/hal_usart_async.o
 .debug_loc     0x00002e17      0x213 hal/utils/src/utils_list.o
 .debug_loc     0x0000302a      0x2d1 hal/utils/src/utils_ringbuffer.o
 .debug_loc     0x000032fb       0x4c hpl/core/hpl_init.o
 .debug_loc     0x00003347      0x27a hpl/gclk/hpl_gclk.o
 .debug_loc     0x000035c1     0x1b9d hpl/nvmctrl/hpl_nvmctrl.o
 .debug_loc     0x0000515e      0x11b hpl/pm/hpl_pm.o
 .debug_loc     0x00005279      0x561 hpl/rtc/hpl_rtc.o
 .debug_loc     0x000057da     0x8019 hpl/sercom/hpl_sercom.o
 .debug_loc     0x0000d7f3      0x153 hpl/sysctrl/hpl_sysctrl.o
 .debug_loc     0x0000d946      0x188 main.o

.debug_aranges  0x00000000      0xb08
 .debug_aranges
                0x00000000       0x20 atmel_start.o
 .debug_aranges
                0x00000020       0x28 Device_Startup/startup_samd21.o
 .debug_aranges
                0x00000048       0x68 driver_init.o
 .debug_aranges
                0x000000b0       0x30 hal/src/hal_atomic.o
 .debug_aranges
                0x000000e0       0x90 hal/src/hal_flash.o
 .debug_aranges
                0x00000170       0x30 hal/src/hal_io.o
 .debug_aranges
                0x000001a0       0x70 hal/src/hal_timer.o
 .debug_aranges
                0x00000210       0xe0 hal/src/hal_usart_async.o
 .debug_aranges
                0x000002f0       0x20 hal/utils/src/utils_assert.o
 .debug_aranges
                0x00000310       0x48 hal/utils/src/utils_list.o
 .debug_aranges
                0x00000358       0x40 hal/utils/src/utils_ringbuffer.o
 .debug_aranges
                0x00000398       0x20 hpl/core/hpl_init.o
 .debug_aranges
                0x000003b8       0x28 hpl/gclk/hpl_gclk.o
 .debug_aranges
                0x000003e0       0xc8 hpl/nvmctrl/hpl_nvmctrl.o
 .debug_aranges
                0x000004a8       0x30 hpl/pm/hpl_pm.o
 .debug_aranges
                0x000004d8       0x70 hpl/rtc/hpl_rtc.o
 .debug_aranges
                0x00000548      0x528 hpl/sercom/hpl_sercom.o
 .debug_aranges
                0x00000a70       0x28 hpl/sysctrl/hpl_sysctrl.o
 .debug_aranges
                0x00000a98       0x70 main.o

.debug_ranges   0x00000000      0xbf0
 .debug_ranges  0x00000000       0x10 atmel_start.o
 .debug_ranges  0x00000010       0x18 Device_Startup/startup_samd21.o
 .debug_ranges  0x00000028       0x58 driver_init.o
 .debug_ranges  0x00000080       0x20 hal/src/hal_atomic.o
 .debug_ranges  0x000000a0       0x80 hal/src/hal_flash.o
 .debug_ranges  0x00000120       0x20 hal/src/hal_io.o
 .debug_ranges  0x00000140       0x90 hal/src/hal_timer.o
 .debug_ranges  0x000001d0       0xd0 hal/src/hal_usart_async.o
 .debug_ranges  0x000002a0       0x10 hal/utils/src/utils_assert.o
 .debug_ranges  0x000002b0       0x38 hal/utils/src/utils_list.o
 .debug_ranges  0x000002e8       0x30 hal/utils/src/utils_ringbuffer.o
 .debug_ranges  0x00000318       0x10 hpl/core/hpl_init.o
 .debug_ranges  0x00000328       0x18 hpl/gclk/hpl_gclk.o
 .debug_ranges  0x00000340       0xd0 hpl/nvmctrl/hpl_nvmctrl.o
 .debug_ranges  0x00000410       0x20 hpl/pm/hpl_pm.o
 .debug_ranges  0x00000430       0x60 hpl/rtc/hpl_rtc.o
 .debug_ranges  0x00000490      0x6e8 hpl/sercom/hpl_sercom.o
 .debug_ranges  0x00000b78       0x18 hpl/sysctrl/hpl_sysctrl.o
 .debug_ranges  0x00000b90       0x60 main.o

.debug_macro    0x00000000    0x18a9a
 .debug_macro   0x00000000      0x54a atmel_start.o
 .debug_macro   0x0000054a      0x89e atmel_start.o
 .debug_macro   0x00000de8      0x16d atmel_start.o
 .debug_macro   0x00000f55       0x22 atmel_start.o
 .debug_macro   0x00000f77       0x87 atmel_start.o
 .debug_macro   0x00000ffe       0x51 atmel_start.o
 .debug_macro   0x0000104f       0xef atmel_start.o
 .debug_macro   0x0000113e       0x6a atmel_start.o
 .debug_macro   0x000011a8      0x1df atmel_start.o
 .debug_macro   0x00001387       0x22 atmel_start.o
 .debug_macro   0x000013a9       0x3f atmel_start.o
 .debug_macro   0x000013e8       0x1c atmel_start.o
 .debug_macro   0x00001404       0x22 atmel_start.o
 .debug_macro   0x00001426       0xb5 atmel_start.o
 .debug_macro   0x000014db      0x3ad atmel_start.o
 .debug_macro   0x00001888      0x67e atmel_start.o
 .debug_macro   0x00001f06      0x8b1 atmel_start.o
 .debug_macro   0x000027b7      0x22e atmel_start.o
 .debug_macro   0x000029e5      0xd5c atmel_start.o
 .debug_macro   0x00003741      0x4dc atmel_start.o
 .debug_macro   0x00003c1d      0x9f6 atmel_start.o
 .debug_macro   0x00004613      0x82b atmel_start.o
 .debug_macro   0x00004e3e      0x45f atmel_start.o
 .debug_macro   0x0000529d       0x5e atmel_start.o
 .debug_macro   0x000052fb      0x8f9 atmel_start.o
 .debug_macro   0x00005bf4      0x21c atmel_start.o
 .debug_macro   0x00005e10      0x735 atmel_start.o
 .debug_macro   0x00006545       0x5e atmel_start.o
 .debug_macro   0x000065a3      0x632 atmel_start.o
 .debug_macro   0x00006bd5      0x3ac atmel_start.o
 .debug_macro   0x00006f81      0xc76 atmel_start.o
 .debug_macro   0x00007bf7     0x1092 atmel_start.o
 .debug_macro   0x00008c89      0xc4a atmel_start.o
 .debug_macro   0x000098d3      0x6ba atmel_start.o
 .debug_macro   0x00009f8d     0x1b3d atmel_start.o
 .debug_macro   0x0000baca     0x143c atmel_start.o
 .debug_macro   0x0000cf06      0x340 atmel_start.o
 .debug_macro   0x0000d246       0x7c atmel_start.o
 .debug_macro   0x0000d2c2       0xa0 atmel_start.o
 .debug_macro   0x0000d362       0x4c atmel_start.o
 .debug_macro   0x0000d3ae       0xca atmel_start.o
 .debug_macro   0x0000d478       0x94 atmel_start.o
 .debug_macro   0x0000d50c       0x58 atmel_start.o
 .debug_macro   0x0000d564      0x341 atmel_start.o
 .debug_macro   0x0000d8a5       0x82 atmel_start.o
 .debug_macro   0x0000d927      0x189 atmel_start.o
 .debug_macro   0x0000dab0       0xb8 atmel_start.o
 .debug_macro   0x0000db68       0xa0 atmel_start.o
 .debug_macro   0x0000dc08       0xb2 atmel_start.o
 .debug_macro   0x0000dcba       0x1c atmel_start.o
 .debug_macro   0x0000dcd6       0x1c atmel_start.o
 .debug_macro   0x0000dcf2       0x1c atmel_start.o
 .debug_macro   0x0000dd0e       0x7c atmel_start.o
 .debug_macro   0x0000dd8a      0x15a atmel_start.o
 .debug_macro   0x0000dee4       0x10 atmel_start.o
 .debug_macro   0x0000def4       0xdc atmel_start.o
 .debug_macro   0x0000dfd0      0x124 atmel_start.o
 .debug_macro   0x0000e0f4      0x124 atmel_start.o
 .debug_macro   0x0000e218      0x124 atmel_start.o
 .debug_macro   0x0000e33c      0x124 atmel_start.o
 .debug_macro   0x0000e460      0x124 atmel_start.o
 .debug_macro   0x0000e584      0x124 atmel_start.o
 .debug_macro   0x0000e6a8      0x124 atmel_start.o
 .debug_macro   0x0000e7cc       0xe2 atmel_start.o
 .debug_macro   0x0000e8ae       0xe2 atmel_start.o
 .debug_macro   0x0000e990       0xe2 atmel_start.o
 .debug_macro   0x0000ea72       0xe2 atmel_start.o
 .debug_macro   0x0000eb54       0xe2 atmel_start.o
 .debug_macro   0x0000ec36      0x12a atmel_start.o
 .debug_macro   0x0000ed60      0x100 atmel_start.o
 .debug_macro   0x0000ee60       0xf4 atmel_start.o
 .debug_macro   0x0000ef54      0x40f atmel_start.o
 .debug_macro   0x0000f363       0x40 atmel_start.o
 .debug_macro   0x0000f3a3      0x392 atmel_start.o
 .debug_macro   0x0000f735     0x1fb0 atmel_start.o
 .debug_macro   0x000116e5       0x6d atmel_start.o
 .debug_macro   0x00011752       0x10 atmel_start.o
 .debug_macro   0x00011762       0x10 atmel_start.o
 .debug_macro   0x00011772       0x16 atmel_start.o
 .debug_macro   0x00011788       0x16 atmel_start.o
 .debug_macro   0x0001179e       0x16 atmel_start.o
 .debug_macro   0x000117b4       0x16 atmel_start.o
 .debug_macro   0x000117ca       0x16 atmel_start.o
 .debug_macro   0x000117e0       0x16 atmel_start.o
 .debug_macro   0x000117f6       0x16 atmel_start.o
 .debug_macro   0x0001180c       0x16 atmel_start.o
 .debug_macro   0x00011822       0x16 atmel_start.o
 .debug_macro   0x00011838       0x16 atmel_start.o
 .debug_macro   0x0001184e       0x16 atmel_start.o
 .debug_macro   0x00011864       0x16 atmel_start.o
 .debug_macro   0x0001187a       0x16 atmel_start.o
 .debug_macro   0x00011890       0x16 atmel_start.o
 .debug_macro   0x000118a6      0x4c3 atmel_start.o
 .debug_macro   0x00011d69       0x94 atmel_start.o
 .debug_macro   0x00011dfd       0x16 atmel_start.o
 .debug_macro   0x00011e13       0x6a atmel_start.o
 .debug_macro   0x00011e7d      0x28c atmel_start.o
 .debug_macro   0x00012109      0x4d8 atmel_start.o
 .debug_macro   0x000125e1       0x16 atmel_start.o
 .debug_macro   0x000125f7       0xca atmel_start.o
 .debug_macro   0x000126c1       0x1c atmel_start.o
 .debug_macro   0x000126dd       0x16 atmel_start.o
 .debug_macro   0x000126f3       0x52 atmel_start.o
 .debug_macro   0x00012745      0x310 Device_Startup/startup_samd21.o
 .debug_macro   0x00012a55       0x39 Device_Startup/startup_samd21.o
 .debug_macro   0x00012a8e      0x581 driver_init.o
 .debug_macro   0x0001300f       0x50 driver_init.o
 .debug_macro   0x0001305f       0xc9 driver_init.o
 .debug_macro   0x00013128      0x43e hal/src/hal_atomic.o
 .debug_macro   0x00013566      0x46e hal/src/hal_flash.o
 .debug_macro   0x000139d4      0x451 hal/src/hal_io.o
 .debug_macro   0x00013e25      0x484 hal/src/hal_timer.o
 .debug_macro   0x000142a9      0x49a hal/src/hal_usart_async.o
 .debug_macro   0x00014743      0x447 hal/utils/src/utils_assert.o
 .debug_macro   0x00014b8a       0x10 hal/utils/src/utils_assert.o
 .debug_macro   0x00014b9a      0x44b hal/utils/src/utils_list.o
 .debug_macro   0x00014fe5      0x44b hal/utils/src/utils_ringbuffer.o
 .debug_macro   0x00015430      0x4b8 hpl/core/hpl_init.o
 .debug_macro   0x000158e8       0x2e hpl/core/hpl_init.o
 .debug_macro   0x00015916      0x6ec hpl/core/hpl_init.o
 .debug_macro   0x00016002      0x45a hpl/gclk/hpl_gclk.o
 .debug_macro   0x0001645c      0x1f3 hpl/gclk/hpl_gclk.o
 .debug_macro   0x0001664f      0x57e hpl/nvmctrl/hpl_nvmctrl.o
 .debug_macro   0x00016bcd       0x1c hpl/nvmctrl/hpl_nvmctrl.o
 .debug_macro   0x00016be9      0x47d hpl/pm/hpl_pm.o
 .debug_macro   0x00017066      0x482 hpl/rtc/hpl_rtc.o
 .debug_macro   0x000174e8       0x64 hpl/rtc/hpl_rtc.o
 .debug_macro   0x0001754c      0x680 hpl/sercom/hpl_sercom.o
 .debug_macro   0x00017bcc       0x70 hpl/sercom/hpl_sercom.o
 .debug_macro   0x00017c3c      0x17e hpl/sercom/hpl_sercom.o
 .debug_macro   0x00017dba       0x10 hpl/sercom/hpl_sercom.o
 .debug_macro   0x00017dca       0x1c hpl/sercom/hpl_sercom.o
 .debug_macro   0x00017de6       0x22 hpl/sercom/hpl_sercom.o
 .debug_macro   0x00017e08       0x10 hpl/sercom/hpl_sercom.o
 .debug_macro   0x00017e18      0x454 hpl/sysctrl/hpl_sysctrl.o
 .debug_macro   0x0001826c      0x2da hpl/sysctrl/hpl_sysctrl.o
 .debug_macro   0x00018546      0x554 main.o

.debug_line     0x00000000     0xea6d
 .debug_line    0x00000000      0xac8 atmel_start.o
 .debug_line    0x00000ac8      0x70c Device_Startup/startup_samd21.o
 .debug_line    0x000011d4      0xc7b driver_init.o
 .debug_line    0x00001e4f      0x986 hal/src/hal_atomic.o
 .debug_line    0x000027d5      0xbc9 hal/src/hal_flash.o
 .debug_line    0x0000339e      0x99e hal/src/hal_io.o
 .debug_line    0x00003d3c      0xb24 hal/src/hal_timer.o
 .debug_line    0x00004860      0xc5e hal/src/hal_usart_async.o
 .debug_line    0x000054be      0x950 hal/utils/src/utils_assert.o
 .debug_line    0x00005e0e      0x9e9 hal/utils/src/utils_list.o
 .debug_line    0x000067f7      0x9ef hal/utils/src/utils_ringbuffer.o
 .debug_line    0x000071e6      0xa30 hpl/core/hpl_init.o
 .debug_line    0x00007c16      0x9ea hpl/gclk/hpl_gclk.o
 .debug_line    0x00008600      0xfaa hpl/nvmctrl/hpl_nvmctrl.o
 .debug_line    0x000095aa      0x9f6 hpl/pm/hpl_pm.o
 .debug_line    0x00009fa0      0xb8e hpl/rtc/hpl_rtc.o
 .debug_line    0x0000ab2e     0x29bc hpl/sercom/hpl_sercom.o
 .debug_line    0x0000d4ea      0x9d9 hpl/sysctrl/hpl_sysctrl.o
 .debug_line    0x0000dec3      0xbaa main.o

.debug_str      0x00000000    0x8862a
 .debug_str     0x00000000    0x79443 atmel_start.o
                              0x798fc (size before relaxing)
 .debug_str     0x00079443     0x10ae Device_Startup/startup_samd21.o
                              0x717b0 (size before relaxing)
 .debug_str     0x0007a4f1     0x1ae1 driver_init.o
                              0x7c215 (size before relaxing)
 .debug_str     0x0007bfd2       0xb7 hal/src/hal_atomic.o
                              0x7926c (size before relaxing)
 .debug_str     0x0007c089      0x1d6 hal/src/hal_flash.o
                              0x79aa4 (size before relaxing)
 .debug_str     0x0007c25f       0x3d hal/src/hal_io.o
                              0x79319 (size before relaxing)
 .debug_str     0x0007c29c      0x2cc hal/src/hal_timer.o
                              0x79bab (size before relaxing)
 .debug_str     0x0007c568      0x694 hal/src/hal_usart_async.o
                              0x7a183 (size before relaxing)
 .debug_str     0x0007cbfc       0x2a hal/utils/src/utils_assert.o
                              0x7927c (size before relaxing)
 .debug_str     0x0007cc26       0x31 hal/utils/src/utils_list.o
                              0x79326 (size before relaxing)
 .debug_str     0x0007cc57       0x24 hal/utils/src/utils_ringbuffer.o
                              0x79322 (size before relaxing)
 .debug_str     0x0007cc7b     0x17d7 hpl/core/hpl_init.o
                              0x7aec0 (size before relaxing)
 .debug_str     0x0007e452      0x84c hpl/gclk/hpl_gclk.o
                              0x79b96 (size before relaxing)
 .debug_str     0x0007ec9e     0x362f hpl/nvmctrl/hpl_nvmctrl.o
                              0x7d1ad (size before relaxing)
 .debug_str     0x000822cd      0x194 hpl/pm/hpl_pm.o
                              0x79a1f (size before relaxing)
 .debug_str     0x00082461      0x35f hpl/rtc/hpl_rtc.o
                              0x79dae (size before relaxing)
 .debug_str     0x000827c0     0x4b7e hpl/sercom/hpl_sercom.o
                              0x7f433 (size before relaxing)
 .debug_str     0x0008733e     0x11d2 hpl/sysctrl/hpl_sysctrl.o
                              0x7a54b (size before relaxing)
 .debug_str     0x00088510      0x11a main.o
                              0x79fb3 (size before relaxing)

.debug_frame    0x00000000     0x1d1c
 .debug_frame   0x00000000       0x28 atmel_start.o
 .debug_frame   0x00000028       0x40 Device_Startup/startup_samd21.o
 .debug_frame   0x00000068       0xf8 driver_init.o
 .debug_frame   0x00000160       0x40 hal/src/hal_atomic.o
 .debug_frame   0x000001a0      0x1b8 hal/src/hal_flash.o
 .debug_frame   0x00000358       0x58 hal/src/hal_io.o
 .debug_frame   0x000003b0      0x13c hal/src/hal_timer.o
 .debug_frame   0x000004ec      0x2a4 hal/src/hal_usart_async.o
 .debug_frame   0x00000790       0x20 hal/utils/src/utils_assert.o
 .debug_frame   0x000007b0       0x88 hal/utils/src/utils_list.o
 .debug_frame   0x00000838       0x94 hal/utils/src/utils_ringbuffer.o
 .debug_frame   0x000008cc       0x28 hpl/core/hpl_init.o
 .debug_frame   0x000008f4       0x30 hpl/gclk/hpl_gclk.o
 .debug_frame   0x00000924      0x260 hpl/nvmctrl/hpl_nvmctrl.o
 .debug_frame   0x00000b84       0x40 hpl/pm/hpl_pm.o
 .debug_frame   0x00000bc4       0xf4 hpl/rtc/hpl_rtc.o
 .debug_frame   0x00000cb8      0xef4 hpl/sercom/hpl_sercom.o
 .debug_frame   0x00001bac       0x30 hpl/sysctrl/hpl_sysctrl.o
 .debug_frame   0x00001bdc      0x114 main.o
 .debug_frame   0x00001cf0       0x2c c:/program files (x86)/atmel/studio/7.0/toolchain/arm/arm-gnu-toolchain/bin/../lib/gcc/arm-none-eabi/6.3.1/../../../../arm-none-eabi/lib/thumb/v6-m\libc_nano.a(lib_a-init.o)
