Archive member included to satisfy reference by file (symbol)

D:\betulkaplan7@gmail.com_drive\Projects\Bosmer\BSM\MCU program\samd21\BSM---SAMD21-Xplained-Pro\BSMCPPMaster\knx_lib\Debug\libknx_lib.a(knx_library.o)
                              main.o (knx_base::knx_base())
c:/program files (x86)/atmel/studio/7.0/toolchain/arm/arm-gnu-toolchain/bin/../lib/gcc/arm-none-eabi/6.3.1/thumb/v6-m\libgcc.a(_udivsi3.o)
                              hal/src/hal_flash.o (__aeabi_uidiv)
c:/program files (x86)/atmel/studio/7.0/toolchain/arm/arm-gnu-toolchain/bin/../lib/gcc/arm-none-eabi/6.3.1/thumb/v6-m\libgcc.a(_dvmd_tls.o)
                              c:/program files (x86)/atmel/studio/7.0/toolchain/arm/arm-gnu-toolchain/bin/../lib/gcc/arm-none-eabi/6.3.1/thumb/v6-m\libgcc.a(_udivsi3.o) (__aeabi_idiv0)
c:/program files (x86)/atmel/studio/7.0/toolchain/arm/arm-gnu-toolchain/bin/../lib/gcc/arm-none-eabi/6.3.1/thumb/v6-m\libgcc.a(_aeabi_uldivmod.o)
                              hpl/sercom/hpl_sercom.o (__aeabi_uldivmod)
c:/program files (x86)/atmel/studio/7.0/toolchain/arm/arm-gnu-toolchain/bin/../lib/gcc/arm-none-eabi/6.3.1/thumb/v6-m\libgcc.a(_muldi3.o)
                              hpl/sercom/hpl_sercom.o (__aeabi_lmul)
c:/program files (x86)/atmel/studio/7.0/toolchain/arm/arm-gnu-toolchain/bin/../lib/gcc/arm-none-eabi/6.3.1/thumb/v6-m\libgcc.a(_fixunsdfsi.o)
                              hpl/sercom/hpl_sercom.o (__aeabi_d2uiz)
c:/program files (x86)/atmel/studio/7.0/toolchain/arm/arm-gnu-toolchain/bin/../lib/gcc/arm-none-eabi/6.3.1/thumb/v6-m\libgcc.a(_udivmoddi4.o)
                              c:/program files (x86)/atmel/studio/7.0/toolchain/arm/arm-gnu-toolchain/bin/../lib/gcc/arm-none-eabi/6.3.1/thumb/v6-m\libgcc.a(_aeabi_uldivmod.o) (__udivmoddi4)
c:/program files (x86)/atmel/studio/7.0/toolchain/arm/arm-gnu-toolchain/bin/../lib/gcc/arm-none-eabi/6.3.1/thumb/v6-m\libgcc.a(divdf3.o)
                              hpl/sercom/hpl_sercom.o (__aeabi_ddiv)
c:/program files (x86)/atmel/studio/7.0/toolchain/arm/arm-gnu-toolchain/bin/../lib/gcc/arm-none-eabi/6.3.1/thumb/v6-m\libgcc.a(muldf3.o)
                              hpl/sercom/hpl_sercom.o (__aeabi_dmul)
c:/program files (x86)/atmel/studio/7.0/toolchain/arm/arm-gnu-toolchain/bin/../lib/gcc/arm-none-eabi/6.3.1/thumb/v6-m\libgcc.a(subdf3.o)
                              hpl/sercom/hpl_sercom.o (__aeabi_dsub)
c:/program files (x86)/atmel/studio/7.0/toolchain/arm/arm-gnu-toolchain/bin/../lib/gcc/arm-none-eabi/6.3.1/thumb/v6-m\libgcc.a(fixdfsi.o)
                              c:/program files (x86)/atmel/studio/7.0/toolchain/arm/arm-gnu-toolchain/bin/../lib/gcc/arm-none-eabi/6.3.1/thumb/v6-m\libgcc.a(_fixunsdfsi.o) (__aeabi_d2iz)
c:/program files (x86)/atmel/studio/7.0/toolchain/arm/arm-gnu-toolchain/bin/../lib/gcc/arm-none-eabi/6.3.1/thumb/v6-m\libgcc.a(floatsidf.o)
                              hpl/sercom/hpl_sercom.o (__aeabi_i2d)
c:/program files (x86)/atmel/studio/7.0/toolchain/arm/arm-gnu-toolchain/bin/../lib/gcc/arm-none-eabi/6.3.1/thumb/v6-m\libgcc.a(floatunsidf.o)
                              hpl/sercom/hpl_sercom.o (__aeabi_ui2d)
c:/program files (x86)/atmel/studio/7.0/toolchain/arm/arm-gnu-toolchain/bin/../lib/gcc/arm-none-eabi/6.3.1/thumb/v6-m\libgcc.a(_arm_cmpdf2.o)
                              c:/program files (x86)/atmel/studio/7.0/toolchain/arm/arm-gnu-toolchain/bin/../lib/gcc/arm-none-eabi/6.3.1/thumb/v6-m\libgcc.a(_fixunsdfsi.o) (__aeabi_dcmpge)
c:/program files (x86)/atmel/studio/7.0/toolchain/arm/arm-gnu-toolchain/bin/../lib/gcc/arm-none-eabi/6.3.1/thumb/v6-m\libgcc.a(_clzsi2.o)
                              c:/program files (x86)/atmel/studio/7.0/toolchain/arm/arm-gnu-toolchain/bin/../lib/gcc/arm-none-eabi/6.3.1/thumb/v6-m\libgcc.a(divdf3.o) (__clzsi2)
c:/program files (x86)/atmel/studio/7.0/toolchain/arm/arm-gnu-toolchain/bin/../lib/gcc/arm-none-eabi/6.3.1/thumb/v6-m\libgcc.a(_clzdi2.o)
                              c:/program files (x86)/atmel/studio/7.0/toolchain/arm/arm-gnu-toolchain/bin/../lib/gcc/arm-none-eabi/6.3.1/thumb/v6-m\libgcc.a(_udivmoddi4.o) (__clzdi2)
c:/program files (x86)/atmel/studio/7.0/toolchain/arm/arm-gnu-toolchain/bin/../lib/gcc/arm-none-eabi/6.3.1/thumb/v6-m\libgcc.a(eqdf2.o)
                              c:/program files (x86)/atmel/studio/7.0/toolchain/arm/arm-gnu-toolchain/bin/../lib/gcc/arm-none-eabi/6.3.1/thumb/v6-m\libgcc.a(_arm_cmpdf2.o) (__eqdf2)
c:/program files (x86)/atmel/studio/7.0/toolchain/arm/arm-gnu-toolchain/bin/../lib/gcc/arm-none-eabi/6.3.1/thumb/v6-m\libgcc.a(gedf2.o)
                              c:/program files (x86)/atmel/studio/7.0/toolchain/arm/arm-gnu-toolchain/bin/../lib/gcc/arm-none-eabi/6.3.1/thumb/v6-m\libgcc.a(_arm_cmpdf2.o) (__gedf2)
c:/program files (x86)/atmel/studio/7.0/toolchain/arm/arm-gnu-toolchain/bin/../lib/gcc/arm-none-eabi/6.3.1/thumb/v6-m\libgcc.a(ledf2.o)
[...]
Memory Configuration

Name             Origin             Length             Attributes
rom              0x00000000         0x00040000         xr
ram              0x20000000         0x00008000         xrw
*default*        0x00000000         0xffffffff

Linker script and memory map

LOAD c:/program files (x86)/atmel/studio/7.0/toolchain/arm/arm-gnu-toolchain/bin/../lib/gcc/arm-none-eabi/6.3.1/thumb/v6-m/crti.o
LOAD c:/program files (x86)/atmel/studio/7.0/toolchain/arm/arm-gnu-toolchain/bin/../lib/gcc/arm-none-eabi/6.3.1/thumb/v6-m/crtbegin.o
LOAD c:/program files (x86)/atmel/studio/7.0/toolchain/arm/arm-gnu-toolchain/bin/../lib/gcc/arm-none-eabi/6.3.1/../../../../arm-none-eabi/lib/thumb/v6-m/crt0.o
LOAD atmel_start.o
LOAD Device_Startup/startup_samd21.o
LOAD Device_Startup/system_samd21.o
LOAD driver_init.o
LOAD examples/driver_examples.o
LOAD hal/src/hal_atomic.o
LOAD hal/src/hal_delay.o
LOAD hal/src/hal_flash.o
LOAD hal/src/hal_gpio.o
LOAD hal/src/hal_init.o
LOAD hal/src/hal_io.o
LOAD hal/src/hal_sleep.o
LOAD hal/src/hal_timer.o
LOAD hal/src/hal_usart_async.o
LOAD hal/utils/src/utils_assert.o
LOAD hal/utils/src/utils_event.o
LOAD hal/utils/src/utils_list.o
LOAD hal/utils/src/utils_ringbuffer.o
LOAD hal/utils/src/utils_syscalls.o
LOAD hpl/core/hpl_core_m0plus_base.o
LOAD hpl/core/hpl_init.o
LOAD hpl/dmac/hpl_dmac.o
LOAD hpl/gclk/hpl_gclk.o
LOAD hpl/nvmctrl/hpl_nvmctrl.o
LOAD hpl/pm/hpl_pm.o
LOAD hpl/rtc/hpl_rtc.o
LOAD hpl/sercom/hpl_sercom.o
LOAD hpl/sysctrl/hpl_sysctrl.o
LOAD main.o
START GROUP
LOAD D:\betulkaplan7@gmail.com_drive\Projects\Bosmer\BSM\MCU program\samd21\BSM---SAMD21-Xplained-Pro\BSMCPPMaster\knx_lib\Debug\libknx_lib.a
END GROUP
LOAD c:/program files (x86)/atmel/studio/7.0/toolchain/arm/arm-gnu-toolchain/bin/../lib/gcc/arm-none-eabi/6.3.1/../../../../arm-none-eabi/lib/thumb/v6-m\libstdc++.a
LOAD c:/program files (x86)/atmel/studio/7.0/toolchain/arm/arm-gnu-toolchain/bin/../lib/gcc/arm-none-eabi/6.3.1/../../../../arm-none-eabi/lib/thumb/v6-m\libm.a
START GROUP
LOAD c:/program files (x86)/atmel/studio/7.0/toolchain/arm/arm-gnu-toolchain/bin/../lib/gcc/arm-none-eabi/6.3.1/thumb/v6-m\libgcc.a
LOAD c:/program files (x86)/atmel/studio/7.0/toolchain/arm/arm-gnu-toolchain/bin/../lib/gcc/arm-none-eabi/6.3.1/../../../../arm-none-eabi/lib/thumb/v6-m\libc.a
END GROUP
LOAD c:/program files (x86)/atmel/studio/7.0/toolchain/arm/arm-gnu-toolchain/bin/../lib/gcc/arm-none-eabi/6.3.1/thumb/v6-m/crtend.o
LOAD c:/program files (x86)/atmel/studio/7.0/toolchain/arm/arm-gnu-toolchain/bin/../lib/gcc/arm-none-eabi/6.3.1/thumb/v6-m/crtn.o
                0x00002000                STACK_SIZE = DEFINED (STACK_SIZE)?STACK_SIZE:DEFINED (__stack_size__)?__stack_size__:0x2000

.text           0x00000000     0x4d1c
                0x00000000                . = ALIGN (0x4)
                0x00000000                _sfixed = .
 *(.vectors .vectors.*)
 .vectors       0x00000000       0xb4 Device_Startup/startup_samd21.o
                0x00000000                exception_table
 *(.text .text.* .gnu.linkonce.t.*)
 .text          0x000000b4       0x60 c:/program files (x86)/atmel/studio/7.0/toolchain/arm/arm-gnu-toolchain/bin/../lib/gcc/arm-none-eabi/6.3.1/thumb/v6-m/crtbegin.o
 .text.atmel_start_init
                0x00000114       0x14 atmel_start.o
                0x00000114                atmel_start_init
 .text.Reset_Handler
                0x00000128       0xf8 Device_Startup/startup_samd21.o
                0x00000128                Reset_Handler
 .text.Dummy_Handler
                0x00000220        0x6 Device_Startup/startup_samd21.o
                0x00000220                SVCall_Handler
                0x00000220                DMAC_Handler
                0x00000220                HardFault_Handler
                0x00000220                AC_Handler
                0x00000220                SysTick_Handler
                0x00000220                PendSV_Handler
                0x00000220                TC7_Handler
                0x00000220                SERCOM1_Handler
                0x00000220                ADC_Handler
                0x00000220                NonMaskableInt_Handler
                0x00000220                TCC1_Handler
                0x00000220                SERCOM2_Handler
                0x00000220                TCC0_Handler
                0x00000220                EIC_Handler
                0x00000220                TC6_Handler
                0x00000220                WDT_Handler
                0x00000220                TC4_Handler
                0x00000220                USB_Handler
                0x00000220                TC3_Handler
                0x00000220                Dummy_Handler
                0x00000220                PM_Handler
                0x00000220                SERCOM5_Handler
                0x00000220                TCC2_Handler
                0x00000220                EVSYS_Handler
                0x00000220                SERCOM4_Handler
                0x00000220                I2S_Handler
                0x00000220                DAC_Handler
                0x00000220                PTC_Handler
                0x00000220                TC5_Handler
                0x00000220                SYSCTRL_Handler
 .text.hri_gclk_write_CLKCTRL_reg
                0x00000226       0x1e driver_init.o
 .text.hri_port_set_DIR_reg
                0x00000244       0x2c driver_init.o
 .text.hri_port_clear_DIR_reg
                0x00000270       0x2c driver_init.o
 .text.hri_port_set_OUT_reg
                0x0000029c       0x2c driver_init.o
 .text.hri_port_clear_OUT_reg
                0x000002c8       0x2c driver_init.o
 .text.hri_port_write_PMUX_PMUXE_bf
                0x000002f4       0x88 driver_init.o
 .text.hri_port_write_PMUX_PMUXO_bf
                0x0000037c       0x86 driver_init.o
 .text.hri_port_write_PINCFG_PMUXEN_bit
                0x00000402       0x82 driver_init.o
 .text.hri_port_write_WRCONFIG_reg
                0x00000484       0x2c driver_init.o
 .text._gpio_set_direction
                0x000004b0      0x118 driver_init.o
 .text._gpio_set_level
                0x000005c8       0x50 driver_init.o
 .text._gpio_set_pin_function
                0x00000618       0xb4 driver_init.o
 .text.gpio_set_pin_function
                0x000006cc       0x24 driver_init.o
 .text.gpio_set_pin_direction
                0x000006f0       0x40 driver_init.o
 .text.gpio_set_pin_level
                0x00000730       0x40 driver_init.o
 .text.init_mcu
                0x00000770       0x14 driver_init.o
 .text._gclk_enable_channel
                0x00000784       0x58 driver_init.o
 .text._pm_get_ahb_index
                0x000007dc       0x74 driver_init.o
 .text._pm_get_apbb_index
                0x00000850       0x74 driver_init.o
 .text._pm_enable_bus_clock
                0x000008c4       0xe4 driver_init.o
 .text.FLASH_CLOCK_init
                0x000009a8       0x1c driver_init.o
                0x000009a8                FLASH_CLOCK_init
 .text.FLASH_init
                0x000009c4       0x2c driver_init.o
                0x000009c4                FLASH_init
 .text.serial_knx_CLOCK_init
                0x000009f0       0x28 driver_init.o
                0x000009f0                serial_knx_CLOCK_init
 .text.serial_knx_PORT_init
                0x00000a18       0x2c driver_init.o
                0x00000a18                serial_knx_PORT_init
 .text.serial_knx_init
                0x00000a44       0x40 driver_init.o
                0x00000a44                serial_knx_init
 .text.serial_bsm_CLOCK_init
                0x00000a84       0x28 driver_init.o
                0x00000a84                serial_bsm_CLOCK_init
 .text.serial_bsm_PORT_init
                0x00000aac       0x2c driver_init.o
                0x00000aac                serial_bsm_PORT_init
 .text.serial_bsm_init
                0x00000ad8       0x40 driver_init.o
                0x00000ad8                serial_bsm_init
 .text.TIMER_init
                0x00000b18       0x44 driver_init.o
 .text.system_init
                0x00000b5c       0x5c driver_init.o
                0x00000b5c                system_init
 .text.atomic_enter_critical
                0x00000bb8       0x22 hal/src/hal_atomic.o
                0x00000bb8                atomic_enter_critical
 .text.atomic_leave_critical
                0x00000bda       0x20 hal/src/hal_atomic.o
                0x00000bda                atomic_leave_critical
 *fill*         0x00000bfa        0x2 
 .text.flash_init
                0x00000bfc       0x74 hal/src/hal_flash.o
                0x00000bfc                flash_init
 .text.flash_write
                0x00000c70       0xb8 hal/src/hal_flash.o
                0x00000c70                flash_write
 .text.flash_get_page_size
                0x00000d28       0x38 hal/src/hal_flash.o
                0x00000d28                flash_get_page_size
 .text.flash_ready
                0x00000d60       0x26 hal/src/hal_flash.o
 .text.flash_error
                0x00000d86       0x26 hal/src/hal_flash.o
 .text.io_read  0x00000dac       0x54 hal/src/hal_io.o
                0x00000dac                io_read
 .text.list_get_head
                0x00000e00       0x14 hal/src/hal_timer.o
 .text.list_get_next_element
                0x00000e14       0x1e hal/src/hal_timer.o
 *fill*         0x00000e32        0x2 
 .text.timer_init
                0x00000e34       0x64 hal/src/hal_timer.o
                0x00000e34                timer_init
 .text.timer_start
                0x00000e98       0x50 hal/src/hal_timer.o
                0x00000e98                timer_start
 .text.timer_add_task
                0x00000ee8       0xfc hal/src/hal_timer.o
                0x00000ee8                timer_add_task
 .text.timer_add_timer_task
                0x00000fe4       0xc4 hal/src/hal_timer.o
 .text.timer_process_counted
                0x000010a8       0xc4 hal/src/hal_timer.o
 .text.usart_async_init
                0x0000116c       0xd4 hal/src/hal_usart_async.o
                0x0000116c                usart_async_init
 .text.usart_async_enable
                0x00001240       0x3c hal/src/hal_usart_async.o
                0x00001240                usart_async_enable
 .text.usart_async_get_io_descriptor
                0x0000127c       0x48 hal/src/hal_usart_async.o
                0x0000127c                usart_async_get_io_descriptor
 .text.usart_async_register_callback
                0x000012c4       0xac hal/src/hal_usart_async.o
                0x000012c4                usart_async_register_callback
 .text.usart_async_write
                0x00001370       0x98 hal/src/hal_usart_async.o
 .text.usart_async_read
                0x00001408       0xcc hal/src/hal_usart_async.o
 .text.usart_process_byte_sent
                0x000014d4       0x70 hal/src/hal_usart_async.o
 .text.usart_transmission_complete
                0x00001544       0x2e hal/src/hal_usart_async.o
 *fill*         0x00001572        0x2 
 .text.usart_fill_rx_buffer
                0x00001574       0x44 hal/src/hal_usart_async.o
 .text.usart_error
                0x000015b8       0x2e hal/src/hal_usart_async.o
 .text.assert   0x000015e6       0x2c hal/utils/src/utils_assert.o
                0x000015e6                assert
 .text.is_list_element
                0x00001612       0x34 hal/utils/src/utils_list.o
                0x00001612                is_list_element
 *fill*         0x00001646        0x2 
 .text.list_insert_as_head
                0x00001648       0x58 hal/utils/src/utils_list.o
                0x00001648                list_insert_as_head
 .text.list_insert_after
                0x000016a0       0x20 hal/utils/src/utils_list.o
                0x000016a0                list_insert_after
 .text.list_remove_head
                0x000016c0       0x2e hal/utils/src/utils_list.o
                0x000016c0                list_remove_head
 *fill*         0x000016ee        0x2 
 .text.ringbuffer_init
                0x000016f0       0x74 hal/utils/src/utils_ringbuffer.o
                0x000016f0                ringbuffer_init
 .text.ringbuffer_get
                0x00001764       0x74 hal/utils/src/utils_ringbuffer.o
                0x00001764                ringbuffer_get
 .text.ringbuffer_put
                0x000017d8       0x74 hal/utils/src/utils_ringbuffer.o
                0x000017d8                ringbuffer_put
 .text.ringbuffer_num
                0x0000184c       0x34 hal/utils/src/utils_ringbuffer.o
                0x0000184c                ringbuffer_num
 .text.hri_nvmctrl_set_CTRLB_RWS_bf
                0x00001880       0x24 hpl/core/hpl_init.o
 .text._init_chip
                0x000018a4       0x40 hpl/core/hpl_init.o
                0x000018a4                _init_chip
 .text.hri_gclk_wait_for_sync
                0x000018e4       0x20 hpl/gclk/hpl_gclk.o
 .text.hri_gclk_write_GENCTRL_reg
                0x00001904       0x24 hpl/gclk/hpl_gclk.o
 .text.hri_gclk_write_GENDIV_reg
                0x00001928       0x18 hpl/gclk/hpl_gclk.o
 .text._gclk_init_generators_by_fref
                0x00001940       0x8c hpl/gclk/hpl_gclk.o
                0x00001940                _gclk_init_generators_by_fref
 .text.__NVIC_EnableIRQ
                0x000019cc       0x34 hpl/nvmctrl/hpl_nvmctrl.o
 .text.__NVIC_DisableIRQ
                0x00001a00       0x40 hpl/nvmctrl/hpl_nvmctrl.o
 .text.__NVIC_ClearPendingIRQ
                0x00001a40       0x38 hpl/nvmctrl/hpl_nvmctrl.o
 .text.hri_nvmctrl_get_interrupt_READY_bit
                0x00001a78       0x22 hpl/nvmctrl/hpl_nvmctrl.o
 .text.hri_nvmctrl_get_interrupt_ERROR_bit
                0x00001a9a       0x22 hpl/nvmctrl/hpl_nvmctrl.o
 .text.hri_nvmctrl_clear_interrupt_ERROR_bit
                0x00001abc       0x16 hpl/nvmctrl/hpl_nvmctrl.o
 .text.hri_nvmctrl_write_CTRLA_reg
                0x00001ad2       0x1e hpl/nvmctrl/hpl_nvmctrl.o
 .text.hri_nvmctrl_get_CTRLB_reg
                0x00001af0       0x22 hpl/nvmctrl/hpl_nvmctrl.o
 .text.hri_nvmctrl_write_CTRLB_reg
                0x00001b12       0x18 hpl/nvmctrl/hpl_nvmctrl.o
 .text.hri_nvmctrl_write_ADDR_reg
                0x00001b2a       0x18 hpl/nvmctrl/hpl_nvmctrl.o
 .text.hri_nvmctrl_get_LOCK_reg
                0x00001b42       0x38 hpl/nvmctrl/hpl_nvmctrl.o
 .text.hri_nvmctrl_clear_STATUS_reg
                0x00001b7a       0x1e hpl/nvmctrl/hpl_nvmctrl.o
 .text._flash_init
                0x00001b98       0xac hpl/nvmctrl/hpl_nvmctrl.o
                0x00001b98                _flash_init
 .text._flash_get_page_size
                0x00001c44       0x12 hpl/nvmctrl/hpl_nvmctrl.o
                0x00001c44                _flash_get_page_size
 .text._flash_get_total_pages
                0x00001c56       0x14 hpl/nvmctrl/hpl_nvmctrl.o
                0x00001c56                _flash_get_total_pages
 *fill*         0x00001c6a        0x2 
 .text._flash_read
                0x00001c6c       0xd4 hpl/nvmctrl/hpl_nvmctrl.o
                0x00001c6c                _flash_read
 .text._flash_write
                0x00001d40      0x210 hpl/nvmctrl/hpl_nvmctrl.o
                0x00001d40                _flash_write
 .text._flash_is_locked
                0x00001f50       0x40 hpl/nvmctrl/hpl_nvmctrl.o
                0x00001f50                _flash_is_locked
 .text._flash_erase_row
                0x00001f90       0x74 hpl/nvmctrl/hpl_nvmctrl.o
 .text._flash_program
                0x00002004      0x158 hpl/nvmctrl/hpl_nvmctrl.o
 .text.NVMCTRL_Handler
                0x0000215c       0x78 hpl/nvmctrl/hpl_nvmctrl.o
                0x0000215c                NVMCTRL_Handler
 .text.hri_pm_set_CPUSEL_CPUDIV_bf
                0x000021d4       0x2e hpl/pm/hpl_pm.o
 .text.hri_pm_set_APBASEL_APBADIV_bf
                0x00002202       0x2e hpl/pm/hpl_pm.o
 .text.hri_pm_set_APBBSEL_APBBDIV_bf
                0x00002230       0x2e hpl/pm/hpl_pm.o
 .text.hri_pm_set_APBCSEL_APBCDIV_bf
                0x0000225e       0x2e hpl/pm/hpl_pm.o
 .text._pm_init
                0x0000228c       0x48 hpl/pm/hpl_pm.o
                0x0000228c                _pm_init
 .text.__NVIC_EnableIRQ
                0x000022d4       0x34 hpl/rtc/hpl_rtc.o
 .text.hri_rtc_wait_for_sync
                0x00002308       0x20 hpl/rtc/hpl_rtc.o
 .text.hri_rtcmode0_clear_interrupt_CMP0_bit
                0x00002328       0x16 hpl/rtc/hpl_rtc.o
 .text.hri_rtcmode0_read_INTFLAG_reg
                0x0000233e       0x16 hpl/rtc/hpl_rtc.o
 .text.hri_rtcmode0_set_INTEN_CMP0_bit
                0x00002354       0x16 hpl/rtc/hpl_rtc.o
 *fill*         0x0000236a        0x2 
 .text.hri_rtcmode0_set_CTRL_ENABLE_bit
                0x0000236c       0x2c hpl/rtc/hpl_rtc.o
 .text.hri_rtcmode0_get_CTRL_ENABLE_bit
                0x00002398       0x48 hpl/rtc/hpl_rtc.o
 .text.hri_rtcmode0_write_CTRL_reg
                0x000023e0       0x2c hpl/rtc/hpl_rtc.o
 .text.hri_rtcmode0_write_COUNT_COUNT_bf
                0x0000240c       0x38 hpl/rtc/hpl_rtc.o
 .text.hri_rtcmode0_write_COMP_COMP_bf
                0x00002444       0x54 hpl/rtc/hpl_rtc.o
 .text._timer_init
                0x00002498       0xb4 hpl/rtc/hpl_rtc.o
                0x00002498                _timer_init
 .text._timer_start
                0x0000254c       0x74 hpl/rtc/hpl_rtc.o
                0x0000254c                _timer_start
 .text._timer_is_started
                0x000025c0       0x20 hpl/rtc/hpl_rtc.o
                0x000025c0                _timer_is_started
 .text._timer_set_irq
                0x000025e0       0x10 hpl/rtc/hpl_rtc.o
                0x000025e0                _timer_set_irq
 .text._rtc_timer_interrupt_handler
                0x000025f0       0x54 hpl/rtc/hpl_rtc.o
 .text._rtc_get_timer
                0x00002644        0xc hpl/rtc/hpl_rtc.o
                0x00002644                _rtc_get_timer
 .text.RTC_Handler
                0x00002650       0x1c hpl/rtc/hpl_rtc.o
                0x00002650                RTC_Handler
 .text.__NVIC_EnableIRQ
                0x0000266c       0x34 hpl/sercom/hpl_sercom.o
 .text.__NVIC_DisableIRQ
                0x000026a0       0x40 hpl/sercom/hpl_sercom.o
 .text.__NVIC_ClearPendingIRQ
                0x000026e0       0x38 hpl/sercom/hpl_sercom.o
 .text.hri_sercomusart_wait_for_sync
                0x00002718       0x1e hpl/sercom/hpl_sercom.o
 .text.hri_sercomusart_is_syncing
                0x00002736       0x20 hpl/sercom/hpl_sercom.o
 .text.hri_sercomusart_get_interrupt_DRE_bit
                0x00002756       0x22 hpl/sercom/hpl_sercom.o
 .text.hri_sercomusart_get_interrupt_TXC_bit
                0x00002778       0x22 hpl/sercom/hpl_sercom.o
 .text.hri_sercomusart_get_interrupt_RXC_bit
                0x0000279a       0x22 hpl/sercom/hpl_sercom.o
 .text.hri_sercomusart_get_interrupt_ERROR_bit
                0x000027bc       0x22 hpl/sercom/hpl_sercom.o
 .text.hri_sercomusart_clear_interrupt_ERROR_bit
                0x000027de       0x16 hpl/sercom/hpl_sercom.o
 .text.hri_sercomusart_set_INTEN_DRE_bit
                0x000027f4       0x16 hpl/sercom/hpl_sercom.o
 .text.hri_sercomusart_get_INTEN_DRE_bit
                0x0000280a       0x22 hpl/sercom/hpl_sercom.o
 .text.hri_sercomusart_write_INTEN_DRE_bit
                0x0000282c       0x32 hpl/sercom/hpl_sercom.o
 .text.hri_sercomusart_clear_INTEN_DRE_bit
                0x0000285e       0x16 hpl/sercom/hpl_sercom.o
 .text.hri_sercomusart_set_INTEN_TXC_bit
                0x00002874       0x16 hpl/sercom/hpl_sercom.o
 .text.hri_sercomusart_get_INTEN_TXC_bit
                0x0000288a       0x22 hpl/sercom/hpl_sercom.o
 .text.hri_sercomusart_write_INTEN_TXC_bit
                0x000028ac       0x32 hpl/sercom/hpl_sercom.o
 .text.hri_sercomusart_clear_INTEN_TXC_bit
                0x000028de       0x16 hpl/sercom/hpl_sercom.o
 .text.hri_sercomusart_write_INTEN_RXC_bit
                0x000028f4       0x32 hpl/sercom/hpl_sercom.o
 .text.hri_sercomusart_write_INTEN_ERROR_bit
                0x00002926       0x32 hpl/sercom/hpl_sercom.o
 .text.hri_sercomusart_set_CTRLA_ENABLE_bit
                0x00002958       0x2c hpl/sercom/hpl_sercom.o
 .text.hri_sercomusart_clear_CTRLA_ENABLE_bit
                0x00002984       0x2c hpl/sercom/hpl_sercom.o
 .text.hri_sercomusart_get_CTRLA_reg
                0x000029b0       0x30 hpl/sercom/hpl_sercom.o
 .text.hri_sercomusart_write_CTRLA_reg
                0x000029e0       0x28 hpl/sercom/hpl_sercom.o
 .text.hri_sercomusart_write_CTRLB_reg
                0x00002a08       0x28 hpl/sercom/hpl_sercom.o
 .text.hri_sercomusart_write_BAUD_reg
                0x00002a30       0x1e hpl/sercom/hpl_sercom.o
 .text.hri_sercomusart_write_RXPL_reg
                0x00002a4e       0x1e hpl/sercom/hpl_sercom.o
 .text.hri_sercomusart_write_DATA_reg
                0x00002a6c       0x1e hpl/sercom/hpl_sercom.o
 .text.hri_sercomusart_read_DATA_reg
                0x00002a8a       0x16 hpl/sercom/hpl_sercom.o
 .text.hri_sercomusart_write_DBGCTRL_reg
                0x00002aa0       0x20 hpl/sercom/hpl_sercom.o
 .text.hri_sercomusart_clear_STATUS_reg
                0x00002ac0       0x1e hpl/sercom/hpl_sercom.o
 .text.hri_sercomusart_read_STATUS_reg
                0x00002ade       0x16 hpl/sercom/hpl_sercom.o
 .text._usart_async_init
                0x00002af4       0xa4 hpl/sercom/hpl_sercom.o
                0x00002af4                _usart_async_init
 .text._usart_async_enable
                0x00002b98       0x20 hpl/sercom/hpl_sercom.o
                0x00002b98                _usart_async_enable
 .text._usart_async_write_byte
                0x00002bb8       0x2c hpl/sercom/hpl_sercom.o
                0x00002bb8                _usart_async_write_byte
 .text._usart_async_enable_byte_sent_irq
                0x00002be4       0x20 hpl/sercom/hpl_sercom.o
                0x00002be4                _usart_async_enable_byte_sent_irq
 .text._usart_async_enable_tx_done_irq
                0x00002c04       0x20 hpl/sercom/hpl_sercom.o
                0x00002c04                _usart_async_enable_tx_done_irq
 .text._sercom_get_hardware_index
                0x00002c24       0x20 hpl/sercom/hpl_sercom.o
 .text._usart_async_set_irq_state
                0x00002c44       0xb0 hpl/sercom/hpl_sercom.o
                0x00002c44                _usart_async_set_irq_state
 .text._sercom_usart_interrupt_handler
                0x00002cf4      0x118 hpl/sercom/hpl_sercom.o
 .text._get_sercom_index
                0x00002e0c       0x88 hpl/sercom/hpl_sercom.o
 .text._sercom_init_irq_param
                0x00002e94       0x40 hpl/sercom/hpl_sercom.o
 .text._usart_init
                0x00002ed4      0x1fc hpl/sercom/hpl_sercom.o
 .text._sercom_get_irq_num
                0x000030d0       0x24 hpl/sercom/hpl_sercom.o
 .text.SERCOM0_Handler
                0x000030f4       0x1c hpl/sercom/hpl_sercom.o
                0x000030f4                SERCOM0_Handler
 .text.SERCOM3_Handler
                0x00003110       0x1c hpl/sercom/hpl_sercom.o
                0x00003110                SERCOM3_Handler
 .text.hri_sysctrl_get_PCLKSR_OSC8MRDY_bit
                0x0000312c       0x20 hpl/sysctrl/hpl_sysctrl.o
 .text.hri_sysctrl_set_OSC32K_ENABLE_bit
                0x0000314c       0x1c hpl/sysctrl/hpl_sysctrl.o
 .text.hri_sysctrl_clear_OSC32K_ENABLE_bit
                0x00003168       0x1e hpl/sysctrl/hpl_sysctrl.o
 .text.hri_sysctrl_read_OSCULP32K_CALIB_bf
                0x00003186       0x30 hpl/sysctrl/hpl_sysctrl.o
 .text.hri_sysctrl_write_OSCULP32K_reg
                0x000031b6       0x1e hpl/sysctrl/hpl_sysctrl.o
 .text.hri_sysctrl_set_OSC8M_ONDEMAND_bit
                0x000031d4       0x1c hpl/sysctrl/hpl_sysctrl.o
 .text.hri_sysctrl_read_OSC8M_CALIB_bf
                0x000031f0       0x22 hpl/sysctrl/hpl_sysctrl.o
 .text.hri_sysctrl_read_OSC8M_FRANGE_bf
                0x00003212       0x1e hpl/sysctrl/hpl_sysctrl.o
 .text.hri_sysctrl_write_OSC8M_reg
                0x00003230       0x18 hpl/sysctrl/hpl_sysctrl.o
 .text._sysctrl_init_sources
                0x00003248       0xc4 hpl/sysctrl/hpl_sysctrl.o
                0x00003248                _sysctrl_init_sources
 .text._sysctrl_init_referenced_generators
                0x0000330c       0x24 hpl/sysctrl/hpl_sysctrl.o
                0x0000330c                _sysctrl_init_referenced_generators
 .text._ZN9atmel_knxC2Ev
                0x00003330       0x28 main.o
                0x00003330                atmel_knx::atmel_knx()
                0x00003330                atmel_knx::atmel_knx()
 .text._ZN9atmel_knx13writeToMemoryEtPht
                0x00003358       0x44 main.o
                0x00003358                atmel_knx::writeToMemory(unsigned short, unsigned char*, unsigned short)
 .text._ZN9atmel_knx14readFromMemoryEtPvt
                0x0000339c       0x26 main.o
                0x0000339c                atmel_knx::readFromMemory(unsigned short, void*, unsigned short)
 *fill*         0x000033c2        0x2 
 .text._Z10USART_onRXc
                0x000033c4       0x2c main.o
                0x000033c4                USART_onRX(char)
 .text._ZL16tx_cb_serial_knxPK22usart_async_descriptor
                0x000033f0       0x10 main.o
 .text._ZL16rx_cb_serial_knxPK22usart_async_descriptor
                0x00003400       0x70 main.o
 .text._Z15serial_knx_Initv
                0x00003470       0x54 main.o
                0x00003470                serial_knx_Init()
 .text._ZL16tx_cb_serial_bsmPK22usart_async_descriptor
                0x000034c4       0x10 main.o
 .text._ZL16rx_cb_serial_bsmPK22usart_async_descriptor
                0x000034d4       0x60 main.o
 .text._Z15serial_bsm_Initv
                0x00003534       0x54 main.o
                0x00003534                serial_bsm_Init()
 .text._ZL14TIMER_task1_cbPK10timer_task
                0x00003588       0x10 main.o
 .text._ZL14TIMER_task2_cbPK10timer_task
                0x00003598       0x10 main.o
 .text._Z10TIMER_Initv
                0x000035a8       0x6c main.o
                0x000035a8                TIMER_Init()
 .text.main     0x00003614       0xc0 main.o
                0x00003614                main
 .text._Z41__static_initialization_and_destruction_0ii
                0x000036d4       0x34 main.o
 .text._GLOBAL__sub_I_knx
                0x00003708       0x1c main.o
 .text._ZN8knx_baseC2Ev
                0x00003724       0x30 D:\betulkaplan7@gmail.com_drive\Projects\Bosmer\BSM\MCU program\samd21\BSM---SAMD21-Xplained-Pro\BSMCPPMaster\knx_lib\Debug\libknx_lib.a(knx_library.o)
                0x00003724                knx_base::knx_base()
                0x00003724                knx_base::knx_base()
 .text._ZN8knx_base4waitEt
                0x00003754       0x16 D:\betulkaplan7@gmail.com_drive\Projects\Bosmer\BSM\MCU program\samd21\BSM---SAMD21-Xplained-Pro\BSMCPPMaster\knx_lib\Debug\libknx_lib.a(knx_library.o)
                0x00003754                knx_base::wait(unsigned short)
 .text._ZN8knx_base10timer_initEv
                0x0000376a       0x10 D:\betulkaplan7@gmail.com_drive\Projects\Bosmer\BSM\MCU program\samd21\BSM---SAMD21-Xplained-Pro\BSMCPPMaster\knx_lib\Debug\libknx_lib.a(knx_library.o)
                0x0000376a                knx_base::timer_init()
 .text._ZN8knx_base8com_initEv
                0x0000377a       0x10 D:\betulkaplan7@gmail.com_drive\Projects\Bosmer\BSM\MCU program\samd21\BSM---SAMD21-Xplained-Pro\BSMCPPMaster\knx_lib\Debug\libknx_lib.a(knx_library.o)
                0x0000377a                knx_base::com_init()
 .text._ZN8knx_base11device_initEv
                0x0000378a       0x10 D:\betulkaplan7@gmail.com_drive\Projects\Bosmer\BSM\MCU program\samd21\BSM---SAMD21-Xplained-Pro\BSMCPPMaster\knx_lib\Debug\libknx_lib.a(knx_library.o)
                0x0000378a                knx_base::device_init()
 .text._ZN8knx_base14setChipAddressEt
                0x0000379a       0x64 D:\betulkaplan7@gmail.com_drive\Projects\Bosmer\BSM\MCU program\samd21\BSM---SAMD21-Xplained-Pro\BSMCPPMaster\knx_lib\Debug\libknx_lib.a(knx_library.o)
                0x0000379a                knx_base::setChipAddress(unsigned short)
 .text._ZN8knx_base3ackEv
                0x000037fe       0x20 D:\betulkaplan7@gmail.com_drive\Projects\Bosmer\BSM\MCU program\samd21\BSM---SAMD21-Xplained-Pro\BSMCPPMaster\knx_lib\Debug\libknx_lib.a(knx_library.o)
                0x000037fe                knx_base::ack()
 *fill*         0x0000381e        0x2 
 .text._ZN8knx_base9on_RXcharEc
                0x00003820      0x320 D:\betulkaplan7@gmail.com_drive\Projects\Bosmer\BSM\MCU program\samd21\BSM---SAMD21-Xplained-Pro\BSMCPPMaster\knx_lib\Debug\libknx_lib.a(knx_library.o)
                0x00003820                knx_base::on_RXchar(char)
 .text._ZN8knx_base7onFrameEv
                0x00003b40      0x198 D:\betulkaplan7@gmail.com_drive\Projects\Bosmer\BSM\MCU program\samd21\BSM---SAMD21-Xplained-Pro\BSMCPPMaster\knx_lib\Debug\libknx_lib.a(knx_library.o)
                0x00003b40                knx_base::onFrame()
 .text._ZN8knx_base12RXapciDecodeEv
                0x00003cd8       0x82 D:\betulkaplan7@gmail.com_drive\Projects\Bosmer\BSM\MCU program\samd21\BSM---SAMD21-Xplained-Pro\BSMCPPMaster\knx_lib\Debug\libknx_lib.a(knx_library.o)
                0x00003cd8                knx_base::RXapciDecode()
 *fill*         0x00003d5a        0x2 
 .text._ZN8knx_base7startTXEhhh
                0x00003d5c       0x74 D:\betulkaplan7@gmail.com_drive\Projects\Bosmer\BSM\MCU program\samd21\BSM---SAMD21-Xplained-Pro\BSMCPPMaster\knx_lib\Debug\libknx_lib.a(knx_library.o)
                0x00003d5c                knx_base::startTX(unsigned char, unsigned char, unsigned char)
 .text._ZN8knx_base6TXcharEc
                0x00003dd0       0x16 D:\betulkaplan7@gmail.com_drive\Projects\Bosmer\BSM\MCU program\samd21\BSM---SAMD21-Xplained-Pro\BSMCPPMaster\knx_lib\Debug\libknx_lib.a(knx_library.o)
                0x00003dd0                knx_base::TXchar(char)
 .text._ZN8knx_base7connectEv
                0x00003de6       0x18 D:\betulkaplan7@gmail.com_drive\Projects\Bosmer\BSM\MCU program\samd21\BSM---SAMD21-Xplained-Pro\BSMCPPMaster\knx_lib\Debug\libknx_lib.a(knx_library.o)
                0x00003de6                knx_base::connect()
 *fill*         0x00003dfe        0x2 
 .text._ZN8knx_base10disconnectEv
                0x00003e00       0x34 D:\betulkaplan7@gmail.com_drive\Projects\Bosmer\BSM\MCU program\samd21\BSM---SAMD21-Xplained-Pro\BSMCPPMaster\knx_lib\Debug\libknx_lib.a(knx_library.o)
                0x00003e00                knx_base::disconnect()
 .text._ZN8knx_base11frameIsToMeEv
                0x00003e34       0x6c D:\betulkaplan7@gmail.com_drive\Projects\Bosmer\BSM\MCU program\samd21\BSM---SAMD21-Xplained-Pro\BSMCPPMaster\knx_lib\Debug\libknx_lib.a(knx_library.o)
                0x00003e34                knx_base::frameIsToMe()
 .text._ZN8knx_base11TXbuff_initEhthhtPh
                0x00003ea0      0x2e8 D:\betulkaplan7@gmail.com_drive\Projects\Bosmer\BSM\MCU program\samd21\BSM---SAMD21-Xplained-Pro\BSMCPPMaster\knx_lib\Debug\libknx_lib.a(knx_library.o)
                0x00003ea0                knx_base::TXbuff_init(unsigned char, unsigned short, unsigned char, unsigned char, unsigned short, unsigned char*)
 .text._ZN8knx_base20individualAddReadresEv
                0x00004188       0x48 D:\betulkaplan7@gmail.com_drive\Projects\Bosmer\BSM\MCU program\samd21\BSM---SAMD21-Xplained-Pro\BSMCPPMaster\knx_lib\Debug\libknx_lib.a(knx_library.o)
                0x00004188                knx_base::individualAddReadres()
 .text._ZN8knx_base21individualAddWriteresEv
                0x000041d0       0x80 D:\betulkaplan7@gmail.com_drive\Projects\Bosmer\BSM\MCU program\samd21\BSM---SAMD21-Xplained-Pro\BSMCPPMaster\knx_lib\Debug\libknx_lib.a(knx_library.o)
                0x000041d0                knx_base::individualAddWriteres()
 .text._ZN8knx_base13memoryReadresEv
                0x00004250       0x10 D:\betulkaplan7@gmail.com_drive\Projects\Bosmer\BSM\MCU program\samd21\BSM---SAMD21-Xplained-Pro\BSMCPPMaster\knx_lib\Debug\libknx_lib.a(knx_library.o)
                0x00004250                knx_base::memoryReadres()
 .text._ZN8knx_base14memoryWriteresEv
                0x00004260      0x14c D:\betulkaplan7@gmail.com_drive\Projects\Bosmer\BSM\MCU program\samd21\BSM---SAMD21-Xplained-Pro\BSMCPPMaster\knx_lib\Debug\libknx_lib.a(knx_library.o)
                0x00004260                knx_base::memoryWriteres()
 .text._ZN8knx_base23deviceDescriptorReadresEv
                0x000043ac       0x60 D:\betulkaplan7@gmail.com_drive\Projects\Bosmer\BSM\MCU program\samd21\BSM---SAMD21-Xplained-Pro\BSMCPPMaster\knx_lib\Debug\libknx_lib.a(knx_library.o)
                0x000043ac                knx_base::deviceDescriptorReadres()
 .text._ZN8knx_base10RestartresEv
                0x0000440c       0x18 D:\betulkaplan7@gmail.com_drive\Projects\Bosmer\BSM\MCU program\samd21\BSM---SAMD21-Xplained-Pro\BSMCPPMaster\knx_lib\Debug\libknx_lib.a(knx_library.o)
                0x0000440c                knx_base::Restartres()
 .text._ZN8knx_base20propertyValueReadresEv
                0x00004424      0x180 D:\betulkaplan7@gmail.com_drive\Projects\Bosmer\BSM\MCU program\samd21\BSM---SAMD21-Xplained-Pro\BSMCPPMaster\knx_lib\Debug\libknx_lib.a(knx_library.o)
                0x00004424                knx_base::propertyValueReadres()
 .text._ZN8knx_base21propertyValueWriteresEv
                0x000045a4       0xcc D:\betulkaplan7@gmail.com_drive\Projects\Bosmer\BSM\MCU program\samd21\BSM---SAMD21-Xplained-Pro\BSMCPPMaster\knx_lib\Debug\libknx_lib.a(knx_library.o)
                0x000045a4                knx_base::propertyValueWriteres()
 .text._ZN8knx_base19authorizeRequestresEv
                0x00004670       0x68 D:\betulkaplan7@gmail.com_drive\Projects\Bosmer\BSM\MCU program\samd21\BSM---SAMD21-Xplained-Pro\BSMCPPMaster\knx_lib\Debug\libknx_lib.a(knx_library.o)
                0x00004670                knx_base::authorizeRequestres()
 .text._ZN8knx_base18groupValueWriteresEv
                0x000046d8       0x2a D:\betulkaplan7@gmail.com_drive\Projects\Bosmer\BSM\MCU program\samd21\BSM---SAMD21-Xplained-Pro\BSMCPPMaster\knx_lib\Debug\libknx_lib.a(knx_library.o)
                0x000046d8                knx_base::groupValueWriteres()
 .text._ZN8knx_base12UnDocumentedEv
                0x00004702       0x10 D:\betulkaplan7@gmail.com_drive\Projects\Bosmer\BSM\MCU program\samd21\BSM---SAMD21-Xplained-Pro\BSMCPPMaster\knx_lib\Debug\libknx_lib.a(knx_library.o)
                0x00004702                knx_base::UnDocumented()
 .text._ZN8knx_base5t_ackEv
                0x00004712       0xac D:\betulkaplan7@gmail.com_drive\Projects\Bosmer\BSM\MCU program\samd21\BSM---SAMD21-Xplained-Pro\BSMCPPMaster\knx_lib\Debug\libknx_lib.a(knx_library.o)
                0x00004712                knx_base::t_ack()
 .text._ZN8knx_base12load_controlEv
                0x000047be       0x68 D:\betulkaplan7@gmail.com_drive\Projects\Bosmer\BSM\MCU program\samd21\BSM---SAMD21-Xplained-Pro\BSMCPPMaster\knx_lib\Debug\libknx_lib.a(knx_library.o)
                0x000047be                knx_base::load_control()
 .text._ZN8knx_base14device_controlEv
                0x00004826       0x2c D:\betulkaplan7@gmail.com_drive\Projects\Bosmer\BSM\MCU program\samd21\BSM---SAMD21-Xplained-Pro\BSMCPPMaster\knx_lib\Debug\libknx_lib.a(knx_library.o)
                0x00004826                knx_base::device_control()
 .text._ZN8knx_base9setTXbusyEh
                0x00004852       0x22 D:\betulkaplan7@gmail.com_drive\Projects\Bosmer\BSM\MCU program\samd21\BSM---SAMD21-Xplained-Pro\BSMCPPMaster\knx_lib\Debug\libknx_lib.a(knx_library.o)
                0x00004852                knx_base::setTXbusy(unsigned char)
 .text._ZN8knx_base9getTXbusyEv
                0x00004874       0x18 D:\betulkaplan7@gmail.com_drive\Projects\Bosmer\BSM\MCU program\samd21\BSM---SAMD21-Xplained-Pro\BSMCPPMaster\knx_lib\Debug\libknx_lib.a(knx_library.o)
                0x00004874                knx_base::getTXbusy()
 .text._ZN8knx_base13setIndAddressEt
                0x0000488c       0x16 D:\betulkaplan7@gmail.com_drive\Projects\Bosmer\BSM\MCU program\samd21\BSM---SAMD21-Xplained-Pro\BSMCPPMaster\knx_lib\Debug\libknx_lib.a(knx_library.o)
                0x0000488c                knx_base::setIndAddress(unsigned short)
 .text._ZN8knx_base13getIndAddressEv
                0x000048a2       0x12 D:\betulkaplan7@gmail.com_drive\Projects\Bosmer\BSM\MCU program\samd21\BSM---SAMD21-Xplained-Pro\BSMCPPMaster\knx_lib\Debug\libknx_lib.a(knx_library.o)
                0x000048a2                knx_base::getIndAddress()
 .text._ZN6indAddC2Ev
                0x000048b4       0x12 D:\betulkaplan7@gmail.com_drive\Projects\Bosmer\BSM\MCU program\samd21\BSM---SAMD21-Xplained-Pro\BSMCPPMaster\knx_lib\Debug\libknx_lib.a(knx_library.o)
                0x000048b4                indAdd::indAdd()
                0x000048b4                indAdd::indAdd()
 .text._ZN8knx_base13writeToMemoryEtPvt
                0x000048c6       0x26 D:\betulkaplan7@gmail.com_drive\Projects\Bosmer\BSM\MCU program\samd21\BSM---SAMD21-Xplained-Pro\BSMCPPMaster\knx_lib\Debug\libknx_lib.a(knx_library.o)
                0x000048c6                knx_base::writeToMemory(unsigned short, void*, unsigned short)
 .text._ZN8knx_base14readFromMemoryEtPvt
                0x000048ec       0x26 D:\betulkaplan7@gmail.com_drive\Projects\Bosmer\BSM\MCU program\samd21\BSM---SAMD21-Xplained-Pro\BSMCPPMaster\knx_lib\Debug\libknx_lib.a(knx_library.o)
                0x000048ec                knx_base::readFromMemory(unsigned short, void*, unsigned short)
 .text._ZN8knx_base18GroupAddIsExistentEt
                0x00004912       0x18 D:\betulkaplan7@gmail.com_drive\Projects\Bosmer\BSM\MCU program\samd21\BSM---SAMD21-Xplained-Pro\BSMCPPMaster\knx_lib\Debug\libknx_lib.a(knx_library.o)
                0x00004912                knx_base::GroupAddIsExistent(unsigned short)
 .text._ZN8knx_base12writeObjectsEtPhP14knx_ObjectBase
                0x0000492a       0x1c D:\betulkaplan7@gmail.com_drive\Projects\Bosmer\BSM\MCU program\samd21\BSM---SAMD21-Xplained-Pro\BSMCPPMaster\knx_lib\Debug\libknx_lib.a(knx_library.o)
                0x0000492a                knx_base::writeObjects(unsigned short, unsigned char*, knx_ObjectBase*)
 .text._ZN8knx_base9getObjectEi
                0x00004946       0x14 D:\betulkaplan7@gmail.com_drive\Projects\Bosmer\BSM\MCU program\samd21\BSM---SAMD21-Xplained-Pro\BSMCPPMaster\knx_lib\Debug\libknx_lib.a(knx_library.o)
                0x00004946                knx_base::getObject(int)
 .text._ZN8knx_base25getFirstGroupAddressofObjEh
                0x0000495a       0x18 D:\betulkaplan7@gmail.com_drive\Projects\Bosmer\BSM\MCU program\samd21\BSM---SAMD21-Xplained-Pro\BSMCPPMaster\knx_lib\Debug\libknx_lib.a(knx_library.o)
                0x0000495a                knx_base::getFirstGroupAddressofObj(unsigned char)
 *fill*         0x00004972        0x2 
 .text.__libc_init_array
                0x00004974       0x48 c:/program files (x86)/atmel/studio/7.0/toolchain/arm/arm-gnu-toolchain/bin/../lib/gcc/arm-none-eabi/6.3.1/../../../../arm-none-eabi/lib/thumb/v6-m\libc.a(lib_a-init.o)
                0x00004974                __libc_init_array
 .text.startup.register_fini
                0x000049bc       0x18 c:/program files (x86)/atmel/studio/7.0/toolchain/arm/arm-gnu-toolchain/bin/../lib/gcc/arm-none-eabi/6.3.1/../../../../arm-none-eabi/lib/thumb/v6-m\libc.a(lib_a-__call_atexit.o)
 .text.atexit   0x000049d4       0x10 c:/program files (x86)/atmel/studio/7.0/toolchain/arm/arm-gnu-toolchain/bin/../lib/gcc/arm-none-eabi/6.3.1/../../../../arm-none-eabi/lib/thumb/v6-m\libc.a(lib_a-atexit.o)
                0x000049d4                atexit
 .text.__libc_fini_array
                0x000049e4       0x34 c:/program files (x86)/atmel/studio/7.0/toolchain/arm/arm-gnu-toolchain/bin/../lib/gcc/arm-none-eabi/6.3.1/../../../../arm-none-eabi/lib/thumb/v6-m\libc.a(lib_a-fini.o)
                0x000049e4                __libc_fini_array
 .text.__retarget_lock_acquire_recursive
                0x00004a18        0x4 c:/program files (x86)/atmel/studio/7.0/toolchain/arm/arm-gnu-toolchain/bin/../lib/gcc/arm-none-eabi/6.3.1/../../../../arm-none-eabi/lib/thumb/v6-m\libc.a(lib_a-lock.o)
                0x00004a18                __retarget_lock_acquire_recursive
 .text.__retarget_lock_release_recursive
                0x00004a1c        0x4 c:/program files (x86)/atmel/studio/7.0/toolchain/arm/arm-gnu-toolchain/bin/../lib/gcc/arm-none-eabi/6.3.1/../../../../arm-none-eabi/lib/thumb/v6-m\libc.a(lib_a-lock.o)
                0x00004a1c                __retarget_lock_release_recursive
 .text.__register_exitproc
                0x00004a20       0xf4 c:/program files (x86)/atmel/studio/7.0/toolchain/arm/arm-gnu-toolchain/bin/../lib/gcc/arm-none-eabi/6.3.1/../../../../arm-none-eabi/lib/thumb/v6-m\libc.a(lib_a-__atexit.o)
                0x00004a20                __register_exitproc
 *(.glue_7t)
 .glue_7t       0x00004b14        0x0 linker stubs
 *(.glue_7)
 .glue_7        0x00004b14        0x0 linker stubs
 *(.rodata .rodata* .gnu.linkonce.r.*)
 .rodata        0x00004b14       0x34 driver_init.o
 .rodata        0x00004b48       0x17 hal/src/hal_flash.o
 *fill*         0x00004b5f        0x1 
 .rodata        0x00004b60       0x14 hal/src/hal_io.o
 .rodata        0x00004b74       0x17 hal/src/hal_timer.o
 *fill*         0x00004b8b        0x1 
 .rodata        0x00004b8c       0x1d hal/src/hal_usart_async.o
 *fill*         0x00004ba9        0x3 
 .rodata        0x00004bac       0x1e hal/utils/src/utils_list.o
 *fill*         0x00004bca        0x2 
 .rodata        0x00004bcc       0x24 hal/utils/src/utils_ringbuffer.o
 .rodata        0x00004bf0       0x1d hpl/nvmctrl/hpl_nvmctrl.o
 *fill*         0x00004c0d        0x3 
 .rodata        0x00004c10       0x15 hpl/rtc/hpl_rtc.o
 *fill*         0x00004c25        0x3 
 .rodata        0x00004c28       0x2d hpl/sercom/hpl_sercom.o
 *fill*         0x00004c55        0x3 
 .rodata        0x00004c58       0x3c main.o
                0x00004c58                vtable for atmel_knx
 .rodata        0x00004c94       0x5c D:\betulkaplan7@gmail.com_drive\Projects\Bosmer\BSM\MCU program\samd21\BSM---SAMD21-Xplained-Pro\BSMCPPMaster\knx_lib\Debug\libknx_lib.a(knx_library.o)
                0x00004cb4                vtable for knx_base
 .rodata._global_impure_ptr
                0x00004cf0        0x4 c:/program files (x86)/atmel/studio/7.0/toolchain/arm/arm-gnu-toolchain/bin/../lib/gcc/arm-none-eabi/6.3.1/../../../../arm-none-eabi/lib/thumb/v6-m\libc.a(lib_a-impure.o)
                0x00004cf0                _global_impure_ptr
 *(.ARM.extab* .gnu.linkonce.armextab.*)
                0x00004cf4                . = ALIGN (0x4)
 *(.init)
 .init          0x00004cf4        0x4 c:/program files (x86)/atmel/studio/7.0/toolchain/arm/arm-gnu-toolchain/bin/../lib/gcc/arm-none-eabi/6.3.1/thumb/v6-m/crti.o
                0x00004cf4                _init
 .init          0x00004cf8        0x8 c:/program files (x86)/atmel/studio/7.0/toolchain/arm/arm-gnu-toolchain/bin/../lib/gcc/arm-none-eabi/6.3.1/thumb/v6-m/crtn.o
                0x00004d00                . = ALIGN (0x4)
                0x00004d00                __preinit_array_start = .
 *(.preinit_array)
                0x00004d00                __preinit_array_end = .
                0x00004d00                . = ALIGN (0x4)
                0x00004d00                __init_array_start = .
 *(SORT(.init_array.*))
 .init_array.00000
                0x00004d00        0x4 c:/program files (x86)/atmel/studio/7.0/toolchain/arm/arm-gnu-toolchain/bin/../lib/gcc/arm-none-eabi/6.3.1/../../../../arm-none-eabi/lib/thumb/v6-m\libc.a(lib_a-__call_atexit.o)
 *(.init_array)
 .init_array    0x00004d04        0x4 c:/program files (x86)/atmel/studio/7.0/toolchain/arm/arm-gnu-toolchain/bin/../lib/gcc/arm-none-eabi/6.3.1/thumb/v6-m/crtbegin.o
 .init_array    0x00004d08        0x4 main.o
                0x00004d0c                __init_array_end = .
                0x00004d0c                . = ALIGN (0x4)
 *crtbegin.o(.ctors)
 *(EXCLUDE_FILE(*crtend.o) .ctors)
 *(SORT(.ctors.*))
 *crtend.o(.ctors)
                0x00004d0c                . = ALIGN (0x4)
 *(.fini)
 .fini          0x00004d0c        0x4 c:/program files (x86)/atmel/studio/7.0/toolchain/arm/arm-gnu-toolchain/bin/../lib/gcc/arm-none-eabi/6.3.1/thumb/v6-m/crti.o
                0x00004d0c                _fini
 .fini          0x00004d10        0x8 c:/program files (x86)/atmel/studio/7.0/toolchain/arm/arm-gnu-toolchain/bin/../lib/gcc/arm-none-eabi/6.3.1/thumb/v6-m/crtn.o
                0x00004d18                . = ALIGN (0x4)
                0x00004d18                __fini_array_start = .
 *(.fini_array)
 .fini_array    0x00004d18        0x4 c:/program files (x86)/atmel/studio/7.0/toolchain/arm/arm-gnu-toolchain/bin/../lib/gcc/arm-none-eabi/6.3.1/thumb/v6-m/crtbegin.o
 *(SORT(.fini_array.*))
                0x00004d1c                __fini_array_end = .
 *crtbegin.o(.dtors)
 *(EXCLUDE_FILE(*crtend.o) .dtors)
 *(SORT(.dtors.*))
 *crtend.o(.dtors)
                0x00004d1c                . = ALIGN (0x4)
                0x00004d1c                _efixed = .
                [!provide]                PROVIDE (__exidx_start, .)

.vfp11_veneer   0x00004d1c        0x0
 .vfp11_veneer  0x00004d1c        0x0 linker stubs

.v4_bx          0x00004d1c        0x0
 .v4_bx         0x00004d1c        0x0 linker stubs

.iplt           0x00004d1c        0x0
 .iplt          0x00004d1c        0x0 c:/program files (x86)/atmel/studio/7.0/toolchain/arm/arm-gnu-toolchain/bin/../lib/gcc/arm-none-eabi/6.3.1/thumb/v6-m/crtbegin.o

.eh_frame       0x00004d1c        0x0
 .eh_frame      0x00004d1c        0x0 c:/program files (x86)/atmel/studio/7.0/toolchain/arm/arm-gnu-toolchain/bin/../lib/gcc/arm-none-eabi/6.3.1/thumb/v6-m/crtbegin.o

.rel.dyn        0x00004d1c        0x0
 .rel.iplt      0x00004d1c        0x0 c:/program files (x86)/atmel/studio/7.0/toolchain/arm/arm-gnu-toolchain/bin/../lib/gcc/arm-none-eabi/6.3.1/thumb/v6-m/crtbegin.o

.jcr            0x00004d1c        0x0
 .jcr           0x00004d1c        0x0 c:/program files (x86)/atmel/studio/7.0/toolchain/arm/arm-gnu-toolchain/bin/../lib/gcc/arm-none-eabi/6.3.1/thumb/v6-m/crtbegin.o

.igot.plt       0x00004d1c        0x0
 .igot.plt      0x00004d1c        0x0 c:/program files (x86)/atmel/studio/7.0/toolchain/arm/arm-gnu-toolchain/bin/../lib/gcc/arm-none-eabi/6.3.1/thumb/v6-m/crtbegin.o

.ARM.exidx
 *(.ARM.exidx* .gnu.linkonce.armexidx.*)
                [!provide]                PROVIDE (__exidx_end, .)
                0x00004d1c                . = ALIGN (0x4)
                0x00004d1c                _etext = .

.relocate       0x20000000      0x454 load address 0x00004d1c
                0x20000000                . = ALIGN (0x4)
                0x20000000                _srelocate = .
 *(.ramfunc .ramfunc.*)
 *(.data .data.*)
 .data          0x20000000       0x28 hpl/sercom/hpl_sercom.o
 .data.impure_data
                0x20000028      0x428 c:/program files (x86)/atmel/studio/7.0/toolchain/arm/arm-gnu-toolchain/bin/../lib/gcc/arm-none-eabi/6.3.1/../../../../arm-none-eabi/lib/thumb/v6-m\libc.a(lib_a-impure.o)
 .data.__atexit_recursive_mutex
                0x20000450        0x4 c:/program files (x86)/atmel/studio/7.0/toolchain/arm/arm-gnu-toolchain/bin/../lib/gcc/arm-none-eabi/6.3.1/../../../../arm-none-eabi/lib/thumb/v6-m\libc.a(lib_a-__call_atexit.o)
                0x20000450                __atexit_recursive_mutex
                0x20000454                . = ALIGN (0x4)
                0x20000454                _erelocate = .

.bss            0x20000454      0x38c load address 0x00005170
                0x20000454                . = ALIGN (0x4)
                0x20000454                _sbss = .
                0x20000454                _szero = .
 *(.bss .bss.*)
 .bss           0x20000454       0x1c c:/program files (x86)/atmel/studio/7.0/toolchain/arm/arm-gnu-toolchain/bin/../lib/gcc/arm-none-eabi/6.3.1/thumb/v6-m/crtbegin.o
 .bss           0x20000470       0x20 driver_init.o
 .bss           0x20000490        0x8 hpl/nvmctrl/hpl_nvmctrl.o
 .bss           0x20000498        0x4 hpl/rtc/hpl_rtc.o
 .bss           0x2000049c       0x30 hpl/sercom/hpl_sercom.o
 .bss           0x200004cc      0x218 main.o
                0x200004cc                knx
                0x20000624                knx_testArray
                0x2000062d                knx_ptr
                0x20000630                testArray
                0x20000639                ptr
 *(COMMON)
 COMMON         0x200006e4       0xd8 driver_init.o
                0x200006e4                TIMER
                0x20000700                FLASH
                0x2000071c                serial_bsm
                0x2000076c                serial_knx
 COMMON         0x200007bc       0x21 c:/program files (x86)/atmel/studio/7.0/toolchain/arm/arm-gnu-toolchain/bin/../lib/gcc/arm-none-eabi/6.3.1/../../../../arm-none-eabi/lib/thumb/v6-m\libc.a(lib_a-lock.o)
                0x200007bc                __lock___atexit_recursive_mutex
                0x200007c0                __lock___arc4random_mutex
                0x200007c4                __lock___env_recursive_mutex
                0x200007c8                __lock___sinit_recursive_mutex
                0x200007cc                __lock___malloc_recursive_mutex
                0x200007d0                __lock___at_quick_exit_mutex
                0x200007d4                __lock___dd_hash_mutex
                0x200007d8                __lock___tz_mutex
                0x200007dc                __lock___sfp_recursive_mutex
                0x200007e0                . = ALIGN (0x4)
 *fill*         0x200007dd        0x3 
                0x200007e0                _ebss = .
                0x200007e0                _ezero = .

.stack          0x200007e0     0x2000 load address 0x000054fc
                0x200007e0                . = ALIGN (0x8)
                0x200007e0                _sstack = .
                0x200027e0                . = (. + STACK_SIZE)
 *fill*         0x200007e0     0x2000 
                0x200027e0                . = ALIGN (0x8)
                0x200027e0                _estack = .
                0x200027e0                . = ALIGN (0x4)
                0x200027e0                _end = .
OUTPUT(BSMCPPMaster.elf elf32-littlearm)

.ARM.attributes
                0x00000000       0x28
 .ARM.attributes
                0x00000000       0x1e c:/program files (x86)/atmel/studio/7.0/toolchain/arm/arm-gnu-toolchain/bin/../lib/gcc/arm-none-eabi/6.3.1/thumb/v6-m/crti.o
 .ARM.attributes
                0x0000001e       0x2c c:/program files (x86)/atmel/studio/7.0/toolchain/arm/arm-gnu-toolchain/bin/../lib/gcc/arm-none-eabi/6.3.1/thumb/v6-m/crtbegin.o
 .ARM.attributes
                0x0000004a       0x32 atmel_start.o
 .ARM.attributes
                0x0000007c       0x32 Device_Startup/startup_samd21.o
 .ARM.attributes
                0x000000ae       0x32 driver_init.o
 .ARM.attributes
                0x000000e0       0x32 hal/src/hal_atomic.o
 .ARM.attributes
                0x00000112       0x32 hal/src/hal_flash.o
 .ARM.attributes
                0x00000144       0x32 hal/src/hal_io.o
 .ARM.attributes
                0x00000176       0x32 hal/src/hal_timer.o
 .ARM.attributes
                0x000001a8       0x32 hal/src/hal_usart_async.o
 .ARM.attributes
                0x000001da       0x32 hal/utils/src/utils_assert.o
 .ARM.attributes
                0x0000020c       0x32 hal/utils/src/utils_list.o
 .ARM.attributes
                0x0000023e       0x32 hal/utils/src/utils_ringbuffer.o
 .ARM.attributes
                0x00000270       0x32 hpl/core/hpl_init.o
 .ARM.attributes
                0x000002a2       0x32 hpl/gclk/hpl_gclk.o
 .ARM.attributes
                0x000002d4       0x32 hpl/nvmctrl/hpl_nvmctrl.o
 .ARM.attributes
                0x00000306       0x32 hpl/pm/hpl_pm.o
 .ARM.attributes
                0x00000338       0x32 hpl/rtc/hpl_rtc.o
 .ARM.attributes
                0x0000036a       0x32 hpl/sercom/hpl_sercom.o
 .ARM.attributes
                0x0000039c       0x32 hpl/sysctrl/hpl_sysctrl.o
 .ARM.attributes
                0x000003ce       0x32 main.o
 .ARM.attributes
                0x00000400       0x32 D:\betulkaplan7@gmail.com_drive\Projects\Bosmer\BSM\MCU program\samd21\BSM---SAMD21-Xplained-Pro\BSMCPPMaster\knx_lib\Debug\libknx_lib.a(knx_library.o)
 .ARM.attributes
                0x00000432       0x2c c:/program files (x86)/atmel/studio/7.0/toolchain/arm/arm-gnu-toolchain/bin/../lib/gcc/arm-none-eabi/6.3.1/../../../../arm-none-eabi/lib/thumb/v6-m\libc.a(lib_a-impure.o)
 .ARM.attributes
                0x0000045e       0x2c c:/program files (x86)/atmel/studio/7.0/toolchain/arm/arm-gnu-toolchain/bin/../lib/gcc/arm-none-eabi/6.3.1/../../../../arm-none-eabi/lib/thumb/v6-m\libc.a(lib_a-init.o)
 .ARM.attributes
                0x0000048a       0x2c c:/program files (x86)/atmel/studio/7.0/toolchain/arm/arm-gnu-toolchain/bin/../lib/gcc/arm-none-eabi/6.3.1/../../../../arm-none-eabi/lib/thumb/v6-m\libc.a(lib_a-__call_atexit.o)
 .ARM.attributes
                0x000004b6       0x2c c:/program files (x86)/atmel/studio/7.0/toolchain/arm/arm-gnu-toolchain/bin/../lib/gcc/arm-none-eabi/6.3.1/../../../../arm-none-eabi/lib/thumb/v6-m\libc.a(lib_a-atexit.o)
 .ARM.attributes
                0x000004e2       0x2c c:/program files (x86)/atmel/studio/7.0/toolchain/arm/arm-gnu-toolchain/bin/../lib/gcc/arm-none-eabi/6.3.1/../../../../arm-none-eabi/lib/thumb/v6-m\libc.a(lib_a-fini.o)
 .ARM.attributes
                0x0000050e       0x2c c:/program files (x86)/atmel/studio/7.0/toolchain/arm/arm-gnu-toolchain/bin/../lib/gcc/arm-none-eabi/6.3.1/../../../../arm-none-eabi/lib/thumb/v6-m\libc.a(lib_a-lock.o)
 .ARM.attributes
                0x0000053a       0x2c c:/program files (x86)/atmel/studio/7.0/toolchain/arm/arm-gnu-toolchain/bin/../lib/gcc/arm-none-eabi/6.3.1/../../../../arm-none-eabi/lib/thumb/v6-m\libc.a(lib_a-__atexit.o)
 .ARM.attributes
                0x00000566       0x1e c:/program files (x86)/atmel/studio/7.0/toolchain/arm/arm-gnu-toolchain/bin/../lib/gcc/arm-none-eabi/6.3.1/thumb/v6-m/crtn.o

.comment        0x00000000       0x59
 .comment       0x00000000       0x59 atmel_start.o
                                 0x5a (size before relaxing)
 .comment       0x00000059       0x5a Device_Startup/startup_samd21.o
 .comment       0x00000059       0x5a driver_init.o
 .comment       0x00000059       0x5a hal/src/hal_atomic.o
 .comment       0x00000059       0x5a hal/src/hal_flash.o
 .comment       0x00000059       0x5a hal/src/hal_io.o
 .comment       0x00000059       0x5a hal/src/hal_timer.o
 .comment       0x00000059       0x5a hal/src/hal_usart_async.o
 .comment       0x00000059       0x5a hal/utils/src/utils_assert.o
 .comment       0x00000059       0x5a hal/utils/src/utils_list.o
 .comment       0x00000059       0x5a hal/utils/src/utils_ringbuffer.o
 .comment       0x00000059       0x5a hpl/core/hpl_init.o
 .comment       0x00000059       0x5a hpl/gclk/hpl_gclk.o
 .comment       0x00000059       0x5a hpl/nvmctrl/hpl_nvmctrl.o
 .comment       0x00000059       0x5a hpl/pm/hpl_pm.o
 .comment       0x00000059       0x5a hpl/rtc/hpl_rtc.o
 .comment       0x00000059       0x5a hpl/sercom/hpl_sercom.o
 .comment       0x00000059       0x5a hpl/sysctrl/hpl_sysctrl.o
 .comment       0x00000059       0x5a main.o
 .comment       0x00000059       0x5a D:\betulkaplan7@gmail.com_drive\Projects\Bosmer\BSM\MCU program\samd21\BSM---SAMD21-Xplained-Pro\BSMCPPMaster\knx_lib\Debug\libknx_lib.a(knx_library.o)

.debug_info     0x00000000    0x21c0f
 .debug_info    0x00000000      0x5e1 atmel_start.o
 .debug_info    0x000005e1     0x3a2b Device_Startup/startup_samd21.o
 .debug_info    0x0000400c     0x8f0e driver_init.o
 .debug_info    0x0000cf1a      0x1d8 hal/src/hal_atomic.o
 .debug_info    0x0000d0f2      0x90c hal/src/hal_flash.o
 .debug_info    0x0000d9fe      0x255 hal/src/hal_io.o
 .debug_info    0x0000dc53      0x987 hal/src/hal_timer.o
 .debug_info    0x0000e5da      0xef3 hal/src/hal_usart_async.o
 .debug_info    0x0000f4cd      0x10b hal/utils/src/utils_assert.o
 .debug_info    0x0000f5d8      0x2d1 hal/utils/src/utils_list.o
 .debug_info    0x0000f8a9      0x280 hal/utils/src/utils_ringbuffer.o
 .debug_info    0x0000fb29      0x665 hpl/core/hpl_init.o
 .debug_info    0x0001018e      0x4c8 hpl/gclk/hpl_gclk.o
 .debug_info    0x00010656     0x225b hpl/nvmctrl/hpl_nvmctrl.o
 .debug_info    0x000128b1      0xc46 hpl/pm/hpl_pm.o
 .debug_info    0x000134f7     0x1e4b hpl/rtc/hpl_rtc.o
 .debug_info    0x00015342     0x839f hpl/sercom/hpl_sercom.o
 .debug_info    0x0001d6e1     0x13f4 hpl/sysctrl/hpl_sysctrl.o
 .debug_info    0x0001ead5      0xd26 main.o
 .debug_info    0x0001f7fb     0x2414 D:\betulkaplan7@gmail.com_drive\Projects\Bosmer\BSM\MCU program\samd21\BSM---SAMD21-Xplained-Pro\BSMCPPMaster\knx_lib\Debug\libknx_lib.a(knx_library.o)

.debug_abbrev   0x00000000     0x2960
 .debug_abbrev  0x00000000       0xea atmel_start.o
 .debug_abbrev  0x000000ea      0x227 Device_Startup/startup_samd21.o
 .debug_abbrev  0x00000311      0x2f2 driver_init.o
 .debug_abbrev  0x00000603      0x146 hal/src/hal_atomic.o
 .debug_abbrev  0x00000749      0x1b6 hal/src/hal_flash.o
 .debug_abbrev  0x000008ff       0xfe hal/src/hal_io.o
 .debug_abbrev  0x000009fd      0x1bf hal/src/hal_timer.o
 .debug_abbrev  0x00000bbc      0x26c hal/src/hal_usart_async.o
 .debug_abbrev  0x00000e28       0x86 hal/utils/src/utils_assert.o
 .debug_abbrev  0x00000eae      0x101 hal/utils/src/utils_list.o
 .debug_abbrev  0x00000faf       0xe8 hal/utils/src/utils_ringbuffer.o
 .debug_abbrev  0x00001097      0x1a6 hpl/core/hpl_init.o
 .debug_abbrev  0x0000123d      0x192 hpl/gclk/hpl_gclk.o
 .debug_abbrev  0x000013cf      0x3ec hpl/nvmctrl/hpl_nvmctrl.o
 .debug_abbrev  0x000017bb      0x207 hpl/pm/hpl_pm.o
 .debug_abbrev  0x000019c2      0x313 hpl/rtc/hpl_rtc.o
 .debug_abbrev  0x00001cd5      0x3d7 hpl/sercom/hpl_sercom.o
 .debug_abbrev  0x000020ac      0x1cd hpl/sysctrl/hpl_sysctrl.o
 .debug_abbrev  0x00002279      0x2c5 main.o
 .debug_abbrev  0x0000253e      0x422 D:\betulkaplan7@gmail.com_drive\Projects\Bosmer\BSM\MCU program\samd21\BSM---SAMD21-Xplained-Pro\BSMCPPMaster\knx_lib\Debug\libknx_lib.a(knx_library.o)

.debug_loc      0x00000000     0x7a67
 .debug_loc     0x00000000       0x2c atmel_start.o
 .debug_loc     0x0000002c       0x64 Device_Startup/startup_samd21.o
 .debug_loc     0x00000090      0x624 driver_init.o
 .debug_loc     0x000006b4       0x9c hal/src/hal_atomic.o
 .debug_loc     0x00000750      0x33c hal/src/hal_flash.o
 .debug_loc     0x00000a8c       0x9c hal/src/hal_io.o
 .debug_loc     0x00000b28      0x2cc hal/src/hal_timer.o
 .debug_loc     0x00000df4      0x56c hal/src/hal_usart_async.o
 .debug_loc     0x00001360       0x38 hal/utils/src/utils_assert.o
 .debug_loc     0x00001398      0x150 hal/utils/src/utils_list.o
 .debug_loc     0x000014e8      0x118 hal/utils/src/utils_ringbuffer.o
 .debug_loc     0x00001600       0x64 hpl/core/hpl_init.o
 .debug_loc     0x00001664      0x10c hpl/gclk/hpl_gclk.o
 .debug_loc     0x00001770      0x96c hpl/nvmctrl/hpl_nvmctrl.o
 .debug_loc     0x000020dc      0x1a8 hpl/pm/hpl_pm.o
 .debug_loc     0x00002284      0x528 hpl/rtc/hpl_rtc.o
 .debug_loc     0x000027ac     0x418a hpl/sercom/hpl_sercom.o
 .debug_loc     0x00006936      0x268 hpl/sysctrl/hpl_sysctrl.o
 .debug_loc     0x00006b9e      0x368 main.o
 .debug_loc     0x00006f06      0xb61 D:\betulkaplan7@gmail.com_drive\Projects\Bosmer\BSM\MCU program\samd21\BSM---SAMD21-Xplained-Pro\BSMCPPMaster\knx_lib\Debug\libknx_lib.a(knx_library.o)

.debug_aranges  0x00000000     0x1388
 .debug_aranges
                0x00000000       0x20 atmel_start.o
 .debug_aranges
                0x00000020       0x28 Device_Startup/startup_samd21.o
 .debug_aranges
                0x00000048      0x108 driver_init.o
 .debug_aranges
                0x00000150       0x30 hal/src/hal_atomic.o
 .debug_aranges
                0x00000180       0x90 hal/src/hal_flash.o
 .debug_aranges
                0x00000210       0x30 hal/src/hal_io.o
 .debug_aranges
                0x00000240       0x80 hal/src/hal_timer.o
 .debug_aranges
                0x000002c0       0xe0 hal/src/hal_usart_async.o
 .debug_aranges
                0x000003a0       0x20 hal/utils/src/utils_assert.o
 .debug_aranges
                0x000003c0       0x48 hal/utils/src/utils_list.o
 .debug_aranges
                0x00000408       0x40 hal/utils/src/utils_ringbuffer.o
 .debug_aranges
                0x00000448       0x28 hpl/core/hpl_init.o
 .debug_aranges
                0x00000470       0x40 hpl/gclk/hpl_gclk.o
 .debug_aranges
                0x000004b0      0x170 hpl/nvmctrl/hpl_nvmctrl.o
 .debug_aranges
                0x00000620       0x58 hpl/pm/hpl_pm.o
 .debug_aranges
                0x00000678       0xd8 hpl/rtc/hpl_rtc.o
 .debug_aranges
                0x00000750      0x978 hpl/sercom/hpl_sercom.o
 .debug_aranges
                0x000010c8       0x70 hpl/sysctrl/hpl_sysctrl.o
 .debug_aranges
                0x00001138       0x98 main.o
 .debug_aranges
                0x000011d0      0x1b8 D:\betulkaplan7@gmail.com_drive\Projects\Bosmer\BSM\MCU program\samd21\BSM---SAMD21-Xplained-Pro\BSMCPPMaster\knx_lib\Debug\libknx_lib.a(knx_library.o)

.debug_ranges   0x00000000     0x1260
 .debug_ranges  0x00000000       0x10 atmel_start.o
 .debug_ranges  0x00000010       0x18 Device_Startup/startup_samd21.o
 .debug_ranges  0x00000028       0xf8 driver_init.o
 .debug_ranges  0x00000120       0x20 hal/src/hal_atomic.o
 .debug_ranges  0x00000140       0x80 hal/src/hal_flash.o
 .debug_ranges  0x000001c0       0x20 hal/src/hal_io.o
 .debug_ranges  0x000001e0       0x88 hal/src/hal_timer.o
 .debug_ranges  0x00000268       0xd0 hal/src/hal_usart_async.o
 .debug_ranges  0x00000338       0x10 hal/utils/src/utils_assert.o
 .debug_ranges  0x00000348       0x38 hal/utils/src/utils_list.o
 .debug_ranges  0x00000380       0x30 hal/utils/src/utils_ringbuffer.o
 .debug_ranges  0x000003b0       0x18 hpl/core/hpl_init.o
 .debug_ranges  0x000003c8       0x30 hpl/gclk/hpl_gclk.o
 .debug_ranges  0x000003f8      0x160 hpl/nvmctrl/hpl_nvmctrl.o
 .debug_ranges  0x00000558       0x48 hpl/pm/hpl_pm.o
 .debug_ranges  0x000005a0       0xc8 hpl/rtc/hpl_rtc.o
 .debug_ranges  0x00000668      0x968 hpl/sercom/hpl_sercom.o
 .debug_ranges  0x00000fd0       0x60 hpl/sysctrl/hpl_sysctrl.o
 .debug_ranges  0x00001030       0x88 main.o
 .debug_ranges  0x000010b8      0x1a8 D:\betulkaplan7@gmail.com_drive\Projects\Bosmer\BSM\MCU program\samd21\BSM---SAMD21-Xplained-Pro\BSMCPPMaster\knx_lib\Debug\libknx_lib.a(knx_library.o)

.debug_macro    0x00000000    0x1abcd
 .debug_macro   0x00000000      0x54a atmel_start.o
 .debug_macro   0x0000054a      0x89e atmel_start.o
 .debug_macro   0x00000de8      0x16d atmel_start.o
 .debug_macro   0x00000f55       0x22 atmel_start.o
 .debug_macro   0x00000f77       0x87 atmel_start.o
 .debug_macro   0x00000ffe       0x51 atmel_start.o
 .debug_macro   0x0000104f       0xef atmel_start.o
 .debug_macro   0x0000113e       0x6a atmel_start.o
 .debug_macro   0x000011a8      0x1df atmel_start.o
 .debug_macro   0x00001387       0x22 atmel_start.o
 .debug_macro   0x000013a9       0x3f atmel_start.o
 .debug_macro   0x000013e8       0x1c atmel_start.o
 .debug_macro   0x00001404       0x22 atmel_start.o
 .debug_macro   0x00001426       0xb5 atmel_start.o
 .debug_macro   0x000014db      0x3ad atmel_start.o
 .debug_macro   0x00001888      0x67e atmel_start.o
 .debug_macro   0x00001f06      0x8b1 atmel_start.o
 .debug_macro   0x000027b7      0x22e atmel_start.o
 .debug_macro   0x000029e5      0xd5c atmel_start.o
 .debug_macro   0x00003741      0x4dc atmel_start.o
 .debug_macro   0x00003c1d      0x9f6 atmel_start.o
 .debug_macro   0x00004613      0x82b atmel_start.o
 .debug_macro   0x00004e3e      0x45f atmel_start.o
 .debug_macro   0x0000529d       0x5e atmel_start.o
 .debug_macro   0x000052fb      0x8f9 atmel_start.o
 .debug_macro   0x00005bf4      0x21c atmel_start.o
 .debug_macro   0x00005e10      0x735 atmel_start.o
 .debug_macro   0x00006545       0x5e atmel_start.o
 .debug_macro   0x000065a3      0x632 atmel_start.o
 .debug_macro   0x00006bd5      0x3ac atmel_start.o
 .debug_macro   0x00006f81      0xc76 atmel_start.o
 .debug_macro   0x00007bf7     0x1092 atmel_start.o
 .debug_macro   0x00008c89      0xc4a atmel_start.o
 .debug_macro   0x000098d3      0x6ba atmel_start.o
 .debug_macro   0x00009f8d     0x1b3d atmel_start.o
 .debug_macro   0x0000baca     0x143c atmel_start.o
 .debug_macro   0x0000cf06      0x340 atmel_start.o
 .debug_macro   0x0000d246       0x7c atmel_start.o
 .debug_macro   0x0000d2c2       0xa0 atmel_start.o
 .debug_macro   0x0000d362       0x4c atmel_start.o
 .debug_macro   0x0000d3ae       0xca atmel_start.o
 .debug_macro   0x0000d478       0x94 atmel_start.o
 .debug_macro   0x0000d50c       0x58 atmel_start.o
 .debug_macro   0x0000d564      0x341 atmel_start.o
 .debug_macro   0x0000d8a5       0x82 atmel_start.o
 .debug_macro   0x0000d927      0x189 atmel_start.o
 .debug_macro   0x0000dab0       0xb8 atmel_start.o
 .debug_macro   0x0000db68       0xa0 atmel_start.o
 .debug_macro   0x0000dc08       0xb2 atmel_start.o
 .debug_macro   0x0000dcba       0x1c atmel_start.o
 .debug_macro   0x0000dcd6       0x1c atmel_start.o
 .debug_macro   0x0000dcf2       0x1c atmel_start.o
 .debug_macro   0x0000dd0e       0x7c atmel_start.o
 .debug_macro   0x0000dd8a      0x15a atmel_start.o
 .debug_macro   0x0000dee4       0x10 atmel_start.o
 .debug_macro   0x0000def4       0xdc atmel_start.o
 .debug_macro   0x0000dfd0      0x124 atmel_start.o
 .debug_macro   0x0000e0f4      0x124 atmel_start.o
 .debug_macro   0x0000e218      0x124 atmel_start.o
 .debug_macro   0x0000e33c      0x124 atmel_start.o
 .debug_macro   0x0000e460      0x124 atmel_start.o
 .debug_macro   0x0000e584      0x124 atmel_start.o
 .debug_macro   0x0000e6a8      0x124 atmel_start.o
 .debug_macro   0x0000e7cc       0xe2 atmel_start.o
 .debug_macro   0x0000e8ae       0xe2 atmel_start.o
 .debug_macro   0x0000e990       0xe2 atmel_start.o
 .debug_macro   0x0000ea72       0xe2 atmel_start.o
 .debug_macro   0x0000eb54       0xe2 atmel_start.o
 .debug_macro   0x0000ec36      0x12a atmel_start.o
 .debug_macro   0x0000ed60      0x100 atmel_start.o
 .debug_macro   0x0000ee60       0xf4 atmel_start.o
 .debug_macro   0x0000ef54      0x40f atmel_start.o
 .debug_macro   0x0000f363       0x40 atmel_start.o
 .debug_macro   0x0000f3a3      0x392 atmel_start.o
 .debug_macro   0x0000f735     0x1fb0 atmel_start.o
 .debug_macro   0x000116e5       0x6d atmel_start.o
 .debug_macro   0x00011752       0x10 atmel_start.o
 .debug_macro   0x00011762       0x10 atmel_start.o
 .debug_macro   0x00011772       0x16 atmel_start.o
 .debug_macro   0x00011788       0x16 atmel_start.o
 .debug_macro   0x0001179e       0x16 atmel_start.o
 .debug_macro   0x000117b4       0x16 atmel_start.o
 .debug_macro   0x000117ca       0x16 atmel_start.o
 .debug_macro   0x000117e0       0x16 atmel_start.o
 .debug_macro   0x000117f6       0x16 atmel_start.o
 .debug_macro   0x0001180c       0x16 atmel_start.o
 .debug_macro   0x00011822       0x16 atmel_start.o
 .debug_macro   0x00011838       0x16 atmel_start.o
 .debug_macro   0x0001184e       0x16 atmel_start.o
 .debug_macro   0x00011864       0x16 atmel_start.o
 .debug_macro   0x0001187a       0x16 atmel_start.o
 .debug_macro   0x00011890       0x16 atmel_start.o
 .debug_macro   0x000118a6      0x4c3 atmel_start.o
 .debug_macro   0x00011d69       0x94 atmel_start.o
 .debug_macro   0x00011dfd       0x16 atmel_start.o
 .debug_macro   0x00011e13       0x6a atmel_start.o
 .debug_macro   0x00011e7d      0x28c atmel_start.o
 .debug_macro   0x00012109      0x4d8 atmel_start.o
 .debug_macro   0x000125e1       0x16 atmel_start.o
 .debug_macro   0x000125f7       0xca atmel_start.o
 .debug_macro   0x000126c1       0x1c atmel_start.o
 .debug_macro   0x000126dd       0x16 atmel_start.o
 .debug_macro   0x000126f3       0x52 atmel_start.o
 .debug_macro   0x00012745      0x310 Device_Startup/startup_samd21.o
 .debug_macro   0x00012a55       0x39 Device_Startup/startup_samd21.o
 .debug_macro   0x00012a8e      0x580 driver_init.o
 .debug_macro   0x0001300e       0x50 driver_init.o
 .debug_macro   0x0001305e       0xc9 driver_init.o
 .debug_macro   0x00013127      0x43e hal/src/hal_atomic.o
 .debug_macro   0x00013565      0x46e hal/src/hal_flash.o
 .debug_macro   0x000139d3      0x451 hal/src/hal_io.o
 .debug_macro   0x00013e24      0x484 hal/src/hal_timer.o
 .debug_macro   0x000142a8      0x49a hal/src/hal_usart_async.o
 .debug_macro   0x00014742      0x447 hal/utils/src/utils_assert.o
 .debug_macro   0x00014b89       0x10 hal/utils/src/utils_assert.o
 .debug_macro   0x00014b99      0x44b hal/utils/src/utils_list.o
 .debug_macro   0x00014fe4      0x44b hal/utils/src/utils_ringbuffer.o
 .debug_macro   0x0001542f      0x4b8 hpl/core/hpl_init.o
 .debug_macro   0x000158e7       0x2e hpl/core/hpl_init.o
 .debug_macro   0x00015915      0x6ec hpl/core/hpl_init.o
 .debug_macro   0x00016001      0x45a hpl/gclk/hpl_gclk.o
 .debug_macro   0x0001645b      0x1f3 hpl/gclk/hpl_gclk.o
 .debug_macro   0x0001664e      0x57e hpl/nvmctrl/hpl_nvmctrl.o
 .debug_macro   0x00016bcc       0x1c hpl/nvmctrl/hpl_nvmctrl.o
 .debug_macro   0x00016be8      0x47d hpl/pm/hpl_pm.o
 .debug_macro   0x00017065      0x482 hpl/rtc/hpl_rtc.o
 .debug_macro   0x000174e7       0x64 hpl/rtc/hpl_rtc.o
 .debug_macro   0x0001754b      0x680 hpl/sercom/hpl_sercom.o
 .debug_macro   0x00017bcb       0x70 hpl/sercom/hpl_sercom.o
 .debug_macro   0x00017c3b      0x17e hpl/sercom/hpl_sercom.o
 .debug_macro   0x00017db9       0x10 hpl/sercom/hpl_sercom.o
 .debug_macro   0x00017dc9       0x1c hpl/sercom/hpl_sercom.o
 .debug_macro   0x00017de5       0x22 hpl/sercom/hpl_sercom.o
 .debug_macro   0x00017e07       0x10 hpl/sercom/hpl_sercom.o
 .debug_macro   0x00017e17      0x454 hpl/sysctrl/hpl_sysctrl.o
 .debug_macro   0x0001826b      0x2da hpl/sysctrl/hpl_sysctrl.o
 .debug_macro   0x00018545      0x559 main.o
 .debug_macro   0x00018a9e      0x970 main.o
 .debug_macro   0x0001940e      0x17b main.o
 .debug_macro   0x00019589       0x1c main.o
 .debug_macro   0x000195a5       0x87 main.o
 .debug_macro   0x0001962c       0x16 main.o
 .debug_macro   0x00019642      0x3ad main.o
 .debug_macro   0x000199ef       0x16 main.o
 .debug_macro   0x00019a05      0x1b3 D:\betulkaplan7@gmail.com_drive\Projects\Bosmer\BSM\MCU program\samd21\BSM---SAMD21-Xplained-Pro\BSMCPPMaster\knx_lib\Debug\libknx_lib.a(knx_library.o)
 .debug_macro   0x00019bb8      0x970 D:\betulkaplan7@gmail.com_drive\Projects\Bosmer\BSM\MCU program\samd21\BSM---SAMD21-Xplained-Pro\BSMCPPMaster\knx_lib\Debug\libknx_lib.a(knx_library.o)
 .debug_macro   0x0001a528       0x8d D:\betulkaplan7@gmail.com_drive\Projects\Bosmer\BSM\MCU program\samd21\BSM---SAMD21-Xplained-Pro\BSMCPPMaster\knx_lib\Debug\libknx_lib.a(knx_library.o)
 .debug_macro   0x0001a5b5       0x9c D:\betulkaplan7@gmail.com_drive\Projects\Bosmer\BSM\MCU program\samd21\BSM---SAMD21-Xplained-Pro\BSMCPPMaster\knx_lib\Debug\libknx_lib.a(knx_library.o)
 .debug_macro   0x0001a651       0x97 D:\betulkaplan7@gmail.com_drive\Projects\Bosmer\BSM\MCU program\samd21\BSM---SAMD21-Xplained-Pro\BSMCPPMaster\knx_lib\Debug\libknx_lib.a(knx_library.o)
 .debug_macro   0x0001a6e8      0x353 D:\betulkaplan7@gmail.com_drive\Projects\Bosmer\BSM\MCU program\samd21\BSM---SAMD21-Xplained-Pro\BSMCPPMaster\knx_lib\Debug\libknx_lib.a(knx_library.o)
 .debug_macro   0x0001aa3b      0x104 D:\betulkaplan7@gmail.com_drive\Projects\Bosmer\BSM\MCU program\samd21\BSM---SAMD21-Xplained-Pro\BSMCPPMaster\knx_lib\Debug\libknx_lib.a(knx_library.o)
 .debug_macro   0x0001ab3f       0x43 D:\betulkaplan7@gmail.com_drive\Projects\Bosmer\BSM\MCU program\samd21\BSM---SAMD21-Xplained-Pro\BSMCPPMaster\knx_lib\Debug\libknx_lib.a(knx_library.o)
 .debug_macro   0x0001ab82       0x16 D:\betulkaplan7@gmail.com_drive\Projects\Bosmer\BSM\MCU program\samd21\BSM---SAMD21-Xplained-Pro\BSMCPPMaster\knx_lib\Debug\libknx_lib.a(knx_library.o)
 .debug_macro   0x0001ab98       0x35 D:\betulkaplan7@gmail.com_drive\Projects\Bosmer\BSM\MCU program\samd21\BSM---SAMD21-Xplained-Pro\BSMCPPMaster\knx_lib\Debug\libknx_lib.a(knx_library.o)

.debug_line     0x00000000     0xf960
 .debug_line    0x00000000      0xac8 atmel_start.o
 .debug_line    0x00000ac8      0x715 Device_Startup/startup_samd21.o
 .debug_line    0x000011dd      0xddf driver_init.o
 .debug_line    0x00001fbc      0x988 hal/src/hal_atomic.o
 .debug_line    0x00002944      0xbee hal/src/hal_flash.o
 .debug_line    0x00003532      0x9af hal/src/hal_io.o
 .debug_line    0x00003ee1      0xb7f hal/src/hal_timer.o
 .debug_line    0x00004a60      0xc87 hal/src/hal_usart_async.o
 .debug_line    0x000056e7      0x950 hal/utils/src/utils_assert.o
 .debug_line    0x00006037      0x9ea hal/utils/src/utils_list.o
 .debug_line    0x00006a21      0x9fd hal/utils/src/utils_ringbuffer.o
 .debug_line    0x0000741e      0xa3a hpl/core/hpl_init.o
 .debug_line    0x00007e58      0x9e0 hpl/gclk/hpl_gclk.o
 .debug_line    0x00008838      0xffd hpl/nvmctrl/hpl_nvmctrl.o
 .debug_line    0x00009835      0xa35 hpl/pm/hpl_pm.o
 .debug_line    0x0000a26a      0xc12 hpl/rtc/hpl_rtc.o
 .debug_line    0x0000ae7c     0x2ae4 hpl/sercom/hpl_sercom.o
 .debug_line    0x0000d960      0xa55 hpl/sysctrl/hpl_sysctrl.o
 .debug_line    0x0000e3b5      0xc32 main.o
 .debug_line    0x0000efe7      0x979 D:\betulkaplan7@gmail.com_drive\Projects\Bosmer\BSM\MCU program\samd21\BSM---SAMD21-Xplained-Pro\BSMCPPMaster\knx_lib\Debug\libknx_lib.a(knx_library.o)

.debug_str      0x00000000    0x8acfb
 .debug_str     0x00000000    0x79462 atmel_start.o
                              0x7991b (size before relaxing)
 .debug_str     0x00079462     0x10ae Device_Startup/startup_samd21.o
                              0x717cf (size before relaxing)
 .debug_str     0x0007a510     0x1ae1 driver_init.o
                              0x7c23b (size before relaxing)
 .debug_str     0x0007bff1       0xb7 hal/src/hal_atomic.o
                              0x7928b (size before relaxing)
 .debug_str     0x0007c0a8      0x1cf hal/src/hal_flash.o
                              0x79ac3 (size before relaxing)
 .debug_str     0x0007c277       0x3d hal/src/hal_io.o
                              0x79338 (size before relaxing)
 .debug_str     0x0007c2b4      0x2cc hal/src/hal_timer.o
                              0x79bca (size before relaxing)
 .debug_str     0x0007c580      0x694 hal/src/hal_usart_async.o
                              0x7a1a2 (size before relaxing)
 .debug_str     0x0007cc14       0x2a hal/utils/src/utils_assert.o
                              0x7929b (size before relaxing)
 .debug_str     0x0007cc3e       0x31 hal/utils/src/utils_list.o
                              0x79345 (size before relaxing)
 .debug_str     0x0007cc6f       0x24 hal/utils/src/utils_ringbuffer.o
                              0x79341 (size before relaxing)
 .debug_str     0x0007cc93     0x17d7 hpl/core/hpl_init.o
                              0x7aedf (size before relaxing)
 .debug_str     0x0007e46a      0x84c hpl/gclk/hpl_gclk.o
                              0x79bb5 (size before relaxing)
 .debug_str     0x0007ecb6     0x3629 hpl/nvmctrl/hpl_nvmctrl.o
                              0x7d1dd (size before relaxing)
 .debug_str     0x000822df      0x194 hpl/pm/hpl_pm.o
                              0x79a3e (size before relaxing)
 .debug_str     0x00082473      0x35f hpl/rtc/hpl_rtc.o
                              0x79dcd (size before relaxing)
 .debug_str     0x000827d2     0x4b7e hpl/sercom/hpl_sercom.o
                              0x7f452 (size before relaxing)
 .debug_str     0x00087350     0x11d2 hpl/sysctrl/hpl_sysctrl.o
                              0x7a56a (size before relaxing)
 .debug_str     0x00088522      0x8ad main.o
                              0x7a17c (size before relaxing)
 .debug_str     0x00088dcf     0x1f2c D:\betulkaplan7@gmail.com_drive\Projects\Bosmer\BSM\MCU program\samd21\BSM---SAMD21-Xplained-Pro\BSMCPPMaster\knx_lib\Debug\libknx_lib.a(knx_library.o)
                               0x7c37 (size before relaxing)

.debug_frame    0x00000000     0x4950
 .debug_frame   0x00000000       0x2c atmel_start.o
 .debug_frame   0x0000002c       0x4c Device_Startup/startup_samd21.o
 .debug_frame   0x00000078      0x3ac driver_init.o
 .debug_frame   0x00000424       0x6c hal/src/hal_atomic.o
 .debug_frame   0x00000490      0x1ec hal/src/hal_flash.o
 .debug_frame   0x0000067c       0x6c hal/src/hal_io.o
 .debug_frame   0x000006e8      0x1ac hal/src/hal_timer.o
 .debug_frame   0x00000894      0x330 hal/src/hal_usart_async.o
 .debug_frame   0x00000bc4       0x30 hal/utils/src/utils_assert.o
 .debug_frame   0x00000bf4       0xd0 hal/utils/src/utils_list.o
 .debug_frame   0x00000cc4       0xb0 hal/utils/src/utils_ringbuffer.o
 .debug_frame   0x00000d74       0x4c hpl/core/hpl_init.o
 .debug_frame   0x00000dc0       0xac hpl/gclk/hpl_gclk.o
 .debug_frame   0x00000e6c      0x574 hpl/nvmctrl/hpl_nvmctrl.o
 .debug_frame   0x000013e0      0x108 hpl/pm/hpl_pm.o
 .debug_frame   0x000014e8      0x308 hpl/rtc/hpl_rtc.o
 .debug_frame   0x000017f0     0x2594 hpl/sercom/hpl_sercom.o
 .debug_frame   0x00003d84      0x170 hpl/sysctrl/hpl_sysctrl.o
 .debug_frame   0x00003ef4      0x208 main.o
 .debug_frame   0x000040fc      0x694 D:\betulkaplan7@gmail.com_drive\Projects\Bosmer\BSM\MCU program\samd21\BSM---SAMD21-Xplained-Pro\BSMCPPMaster\knx_lib\Debug\libknx_lib.a(knx_library.o)
 .debug_frame   0x00004790       0x2c c:/program files (x86)/atmel/studio/7.0/toolchain/arm/arm-gnu-toolchain/bin/../lib/gcc/arm-none-eabi/6.3.1/../../../../arm-none-eabi/lib/thumb/v6-m\libc.a(lib_a-init.o)
 .debug_frame   0x000047bc       0x54 c:/program files (x86)/atmel/studio/7.0/toolchain/arm/arm-gnu-toolchain/bin/../lib/gcc/arm-none-eabi/6.3.1/../../../../arm-none-eabi/lib/thumb/v6-m\libc.a(lib_a-__call_atexit.o)
 .debug_frame   0x00004810       0x28 c:/program files (x86)/atmel/studio/7.0/toolchain/arm/arm-gnu-toolchain/bin/../lib/gcc/arm-none-eabi/6.3.1/../../../../arm-none-eabi/lib/thumb/v6-m\libc.a(lib_a-atexit.o)
 .debug_frame   0x00004838       0x2c c:/program files (x86)/atmel/studio/7.0/toolchain/arm/arm-gnu-toolchain/bin/../lib/gcc/arm-none-eabi/6.3.1/../../../../arm-none-eabi/lib/thumb/v6-m\libc.a(lib_a-fini.o)
 .debug_frame   0x00004864       0xb0 c:/program files (x86)/atmel/studio/7.0/toolchain/arm/arm-gnu-toolchain/bin/../lib/gcc/arm-none-eabi/6.3.1/../../../../arm-none-eabi/lib/thumb/v6-m\libc.a(lib_a-lock.o)
 .debug_frame   0x00004914       0x3c c:/program files (x86)/atmel/studio/7.0/toolchain/arm/arm-gnu-toolchain/bin/../lib/gcc/arm-none-eabi/6.3.1/../../../../arm-none-eabi/lib/thumb/v6-m\libc.a(lib_a-__atexit.o)
