Archive member included to satisfy reference by file (symbol)

c:/program files (x86)/atmel/studio/7.0/toolchain/arm/arm-gnu-toolchain/bin/../lib/gcc/arm-none-eabi/6.3.1/thumb/v6-m\libgcc.a(_udivsi3.o)
                              hal/src/hal_flash.o (__aeabi_uidiv)
c:/program files (x86)/atmel/studio/7.0/toolchain/arm/arm-gnu-toolchain/bin/../lib/gcc/arm-none-eabi/6.3.1/thumb/v6-m\libgcc.a(_dvmd_tls.o)
                              c:/program files (x86)/atmel/studio/7.0/toolchain/arm/arm-gnu-toolchain/bin/../lib/gcc/arm-none-eabi/6.3.1/thumb/v6-m\libgcc.a(_udivsi3.o) (__aeabi_idiv0)
c:/program files (x86)/atmel/studio/7.0/toolchain/arm/arm-gnu-toolchain/bin/../lib/gcc/arm-none-eabi/6.3.1/thumb/v6-m\libgcc.a(_aeabi_uldivmod.o)
                              hpl/sercom/hpl_sercom.o (__aeabi_uldivmod)
c:/program files (x86)/atmel/studio/7.0/toolchain/arm/arm-gnu-toolchain/bin/../lib/gcc/arm-none-eabi/6.3.1/thumb/v6-m\libgcc.a(_muldi3.o)
                              hpl/sercom/hpl_sercom.o (__aeabi_lmul)
c:/program files (x86)/atmel/studio/7.0/toolchain/arm/arm-gnu-toolchain/bin/../lib/gcc/arm-none-eabi/6.3.1/thumb/v6-m\libgcc.a(_fixunsdfsi.o)
                              hpl/sercom/hpl_sercom.o (__aeabi_d2uiz)
c:/program files (x86)/atmel/studio/7.0/toolchain/arm/arm-gnu-toolchain/bin/../lib/gcc/arm-none-eabi/6.3.1/thumb/v6-m\libgcc.a(_udivmoddi4.o)
                              c:/program files (x86)/atmel/studio/7.0/toolchain/arm/arm-gnu-toolchain/bin/../lib/gcc/arm-none-eabi/6.3.1/thumb/v6-m\libgcc.a(_aeabi_uldivmod.o) (__udivmoddi4)
c:/program files (x86)/atmel/studio/7.0/toolchain/arm/arm-gnu-toolchain/bin/../lib/gcc/arm-none-eabi/6.3.1/thumb/v6-m\libgcc.a(divdf3.o)
                              hpl/sercom/hpl_sercom.o (__aeabi_ddiv)
c:/program files (x86)/atmel/studio/7.0/toolchain/arm/arm-gnu-toolchain/bin/../lib/gcc/arm-none-eabi/6.3.1/thumb/v6-m\libgcc.a(muldf3.o)
                              hpl/sercom/hpl_sercom.o (__aeabi_dmul)
c:/program files (x86)/atmel/studio/7.0/toolchain/arm/arm-gnu-toolchain/bin/../lib/gcc/arm-none-eabi/6.3.1/thumb/v6-m\libgcc.a(subdf3.o)
                              hpl/sercom/hpl_sercom.o (__aeabi_dsub)
c:/program files (x86)/atmel/studio/7.0/toolchain/arm/arm-gnu-toolchain/bin/../lib/gcc/arm-none-eabi/6.3.1/thumb/v6-m\libgcc.a(fixdfsi.o)
                              c:/program files (x86)/atmel/studio/7.0/toolchain/arm/arm-gnu-toolchain/bin/../lib/gcc/arm-none-eabi/6.3.1/thumb/v6-m\libgcc.a(_fixunsdfsi.o) (__aeabi_d2iz)
c:/program files (x86)/atmel/studio/7.0/toolchain/arm/arm-gnu-toolchain/bin/../lib/gcc/arm-none-eabi/6.3.1/thumb/v6-m\libgcc.a(floatsidf.o)
                              hpl/sercom/hpl_sercom.o (__aeabi_i2d)
c:/program files (x86)/atmel/studio/7.0/toolchain/arm/arm-gnu-toolchain/bin/../lib/gcc/arm-none-eabi/6.3.1/thumb/v6-m\libgcc.a(floatunsidf.o)
                              hpl/sercom/hpl_sercom.o (__aeabi_ui2d)
c:/program files (x86)/atmel/studio/7.0/toolchain/arm/arm-gnu-toolchain/bin/../lib/gcc/arm-none-eabi/6.3.1/thumb/v6-m\libgcc.a(_arm_cmpdf2.o)
                              c:/program files (x86)/atmel/studio/7.0/toolchain/arm/arm-gnu-toolchain/bin/../lib/gcc/arm-none-eabi/6.3.1/thumb/v6-m\libgcc.a(_fixunsdfsi.o) (__aeabi_dcmpge)
c:/program files (x86)/atmel/studio/7.0/toolchain/arm/arm-gnu-toolchain/bin/../lib/gcc/arm-none-eabi/6.3.1/thumb/v6-m\libgcc.a(_clzsi2.o)
                              c:/program files (x86)/atmel/studio/7.0/toolchain/arm/arm-gnu-toolchain/bin/../lib/gcc/arm-none-eabi/6.3.1/thumb/v6-m\libgcc.a(divdf3.o) (__clzsi2)
c:/program files (x86)/atmel/studio/7.0/toolchain/arm/arm-gnu-toolchain/bin/../lib/gcc/arm-none-eabi/6.3.1/thumb/v6-m\libgcc.a(_clzdi2.o)
                              c:/program files (x86)/atmel/studio/7.0/toolchain/arm/arm-gnu-toolchain/bin/../lib/gcc/arm-none-eabi/6.3.1/thumb/v6-m\libgcc.a(_udivmoddi4.o) (__clzdi2)
c:/program files (x86)/atmel/studio/7.0/toolchain/arm/arm-gnu-toolchain/bin/../lib/gcc/arm-none-eabi/6.3.1/thumb/v6-m\libgcc.a(eqdf2.o)
                              c:/program files (x86)/atmel/studio/7.0/toolchain/arm/arm-gnu-toolchain/bin/../lib/gcc/arm-none-eabi/6.3.1/thumb/v6-m\libgcc.a(_arm_cmpdf2.o) (__eqdf2)
c:/program files (x86)/atmel/studio/7.0/toolchain/arm/arm-gnu-toolchain/bin/../lib/gcc/arm-none-eabi/6.3.1/thumb/v6-m\libgcc.a(gedf2.o)
                              c:/program files (x86)/atmel/studio/7.0/toolchain/arm/arm-gnu-toolchain/bin/../lib/gcc/arm-none-eabi/6.3.1/thumb/v6-m\libgcc.a(_arm_cmpdf2.o) (__gedf2)
c:/program files (x86)/atmel/studio/7.0/toolchain/arm/arm-gnu-toolchain/bin/../lib/gcc/arm-none-eabi/6.3.1/thumb/v6-m\libgcc.a(ledf2.o)
                              c:/program files (x86)/atmel/studio/7.0/toolchain/arm/arm-gnu-toolchain/bin/../lib/gcc/arm-none-eabi/6.3.1/thumb/v6-m\libgcc.a(_arm_cmpdf2.o) (__ledf2)
[...]
Memory Configuration

Name             Origin             Length             Attributes
rom              0x00000000         0x00040000         xr
ram              0x20000000         0x00008000         xrw
*default*        0x00000000         0xffffffff

Linker script and memory map

LOAD c:/program files (x86)/atmel/studio/7.0/toolchain/arm/arm-gnu-toolchain/bin/../lib/gcc/arm-none-eabi/6.3.1/thumb/v6-m/crti.o
LOAD c:/program files (x86)/atmel/studio/7.0/toolchain/arm/arm-gnu-toolchain/bin/../lib/gcc/arm-none-eabi/6.3.1/thumb/v6-m/crtbegin.o
LOAD c:/program files (x86)/atmel/studio/7.0/toolchain/arm/arm-gnu-toolchain/bin/../lib/gcc/arm-none-eabi/6.3.1/../../../../arm-none-eabi/lib/thumb/v6-m/crt0.o
LOAD atmel_start.o
LOAD Device_Startup/startup_samd21.o
LOAD Device_Startup/system_samd21.o
LOAD driver_init.o
LOAD examples/driver_examples.o
LOAD hal/src/hal_atomic.o
LOAD hal/src/hal_delay.o
LOAD hal/src/hal_flash.o
LOAD hal/src/hal_gpio.o
LOAD hal/src/hal_init.o
LOAD hal/src/hal_io.o
LOAD hal/src/hal_sleep.o
LOAD hal/src/hal_timer.o
LOAD hal/src/hal_usart_async.o
LOAD hal/utils/src/utils_assert.o
LOAD hal/utils/src/utils_event.o
LOAD hal/utils/src/utils_list.o
LOAD hal/utils/src/utils_ringbuffer.o
LOAD hal/utils/src/utils_syscalls.o
LOAD hpl/core/hpl_core_m0plus_base.o
LOAD hpl/core/hpl_init.o
LOAD hpl/dmac/hpl_dmac.o
LOAD hpl/gclk/hpl_gclk.o
LOAD hpl/nvmctrl/hpl_nvmctrl.o
LOAD hpl/pm/hpl_pm.o
LOAD hpl/rtc/hpl_rtc.o
LOAD hpl/sercom/hpl_sercom.o
LOAD hpl/sysctrl/hpl_sysctrl.o
LOAD main.o
START GROUP
END GROUP
LOAD c:/program files (x86)/atmel/studio/7.0/toolchain/arm/arm-gnu-toolchain/bin/../lib/gcc/arm-none-eabi/6.3.1/../../../../arm-none-eabi/lib/thumb/v6-m\libstdc++.a
LOAD c:/program files (x86)/atmel/studio/7.0/toolchain/arm/arm-gnu-toolchain/bin/../lib/gcc/arm-none-eabi/6.3.1/../../../../arm-none-eabi/lib/thumb/v6-m\libm.a
START GROUP
LOAD c:/program files (x86)/atmel/studio/7.0/toolchain/arm/arm-gnu-toolchain/bin/../lib/gcc/arm-none-eabi/6.3.1/thumb/v6-m\libgcc.a
LOAD c:/program files (x86)/atmel/studio/7.0/toolchain/arm/arm-gnu-toolchain/bin/../lib/gcc/arm-none-eabi/6.3.1/../../../../arm-none-eabi/lib/thumb/v6-m\libc.a
END GROUP
LOAD c:/program files (x86)/atmel/studio/7.0/toolchain/arm/arm-gnu-toolchain/bin/../lib/gcc/arm-none-eabi/6.3.1/thumb/v6-m/crtend.o
LOAD c:/program files (x86)/atmel/studio/7.0/toolchain/arm/arm-gnu-toolchain/bin/../lib/gcc/arm-none-eabi/6.3.1/thumb/v6-m/crtn.o
                0x00002000                STACK_SIZE = DEFINED (STACK_SIZE)?STACK_SIZE:DEFINED (__stack_size__)?__stack_size__:0x2000

.text           0x00000000     0x1544
                0x00000000                . = ALIGN (0x4)
                0x00000000                _sfixed = .
 *(.vectors .vectors.*)
 .vectors       0x00000000       0xb4 Device_Startup/startup_samd21.o
                0x00000000                exception_table
 *(.text .text.* .gnu.linkonce.t.*)
 .text          0x000000b4       0x60 c:/program files (x86)/atmel/studio/7.0/toolchain/arm/arm-gnu-toolchain/bin/../lib/gcc/arm-none-eabi/6.3.1/thumb/v6-m/crtbegin.o
 .text.atmel_start_init
                0x00000114        0xc atmel_start.o
                0x00000114                atmel_start_init
 .text.Dummy_Handler
                0x00000120        0x2 Device_Startup/startup_samd21.o
                0x00000120                SVCall_Handler
                0x00000120                DMAC_Handler
                0x00000120                HardFault_Handler
                0x00000120                AC_Handler
                0x00000120                SysTick_Handler
                0x00000120                PendSV_Handler
                0x00000120                TC7_Handler
                0x00000120                SERCOM1_Handler
                0x00000120                ADC_Handler
                0x00000120                NonMaskableInt_Handler
                0x00000120                TCC1_Handler
                0x00000120                SERCOM2_Handler
                0x00000120                TCC0_Handler
                0x00000120                EIC_Handler
                0x00000120                TC6_Handler
                0x00000120                WDT_Handler
                0x00000120                TC4_Handler
                0x00000120                USB_Handler
                0x00000120                TC3_Handler
                0x00000120                Dummy_Handler
                0x00000120                PM_Handler
                0x00000120                SERCOM5_Handler
                0x00000120                TCC2_Handler
                0x00000120                EVSYS_Handler
                0x00000120                SERCOM4_Handler
                0x00000120                I2S_Handler
                0x00000120                DAC_Handler
                0x00000120                PTC_Handler
                0x00000120                TC5_Handler
                0x00000120                SYSCTRL_Handler
 *fill*         0x00000122        0x2 
 .text.Reset_Handler
                0x00000124       0xc4 Device_Startup/startup_samd21.o
                0x00000124                Reset_Handler
 .text.TIMER_init
                0x000001e8       0x40 driver_init.o
 .text.FLASH_CLOCK_init
                0x00000228       0x10 driver_init.o
                0x00000228                FLASH_CLOCK_init
 .text.FLASH_init
                0x00000238       0x20 driver_init.o
                0x00000238                FLASH_init
 .text.serial_knx_CLOCK_init
                0x00000258       0x20 driver_init.o
                0x00000258                serial_knx_CLOCK_init
 .text.serial_knx_PORT_init
                0x00000278       0x44 driver_init.o
                0x00000278                serial_knx_PORT_init
 .text.serial_knx_init
                0x000002bc       0x38 driver_init.o
                0x000002bc                serial_knx_init
 .text.serial_bsm_CLOCK_init
                0x000002f4       0x20 driver_init.o
                0x000002f4                serial_bsm_CLOCK_init
 .text.serial_bsm_PORT_init
                0x00000314       0x44 driver_init.o
                0x00000314                serial_bsm_PORT_init
 .text.serial_bsm_init
                0x00000358       0x3c driver_init.o
                0x00000358                serial_bsm_init
 .text.system_init
                0x00000394       0x58 driver_init.o
                0x00000394                system_init
 .text.atomic_enter_critical
                0x000003ec        0xe hal/src/hal_atomic.o
                0x000003ec                atomic_enter_critical
 .text.atomic_leave_critical
                0x000003fa        0xc hal/src/hal_atomic.o
                0x000003fa                atomic_leave_critical
 .text.flash_ready
                0x00000406        0xc hal/src/hal_flash.o
 .text.flash_error
                0x00000412        0xc hal/src/hal_flash.o
 *fill*         0x0000041e        0x2 
 .text.flash_init
                0x00000420       0x4c hal/src/hal_flash.o
                0x00000420                flash_init
 .text.io_read  0x0000046c       0x38 hal/src/hal_io.o
                0x0000046c                io_read
 .text.timer_add_timer_task
                0x000004a4       0x58 hal/src/hal_timer.o
 .text.timer_process_counted
                0x000004fc       0x64 hal/src/hal_timer.o
 .text.timer_init
                0x00000560       0x44 hal/src/hal_timer.o
                0x00000560                timer_init
 .text.timer_start
                0x000005a4       0x3c hal/src/hal_timer.o
                0x000005a4                timer_start
 .text.timer_add_task
                0x000005e0       0xb0 hal/src/hal_timer.o
                0x000005e0                timer_add_task
 .text.usart_transmission_complete
                0x00000690       0x12 hal/src/hal_usart_async.o
 .text.usart_error
                0x000006a2       0x12 hal/src/hal_usart_async.o
 .text.usart_fill_rx_buffer
                0x000006b4       0x1c hal/src/hal_usart_async.o
 .text.usart_async_write
                0x000006d0       0x68 hal/src/hal_usart_async.o
 .text.usart_process_byte_sent
                0x00000738       0x44 hal/src/hal_usart_async.o
 .text.usart_async_read
                0x0000077c       0x80 hal/src/hal_usart_async.o
 .text.usart_async_init
                0x000007fc       0x9c hal/src/hal_usart_async.o
                0x000007fc                usart_async_init
 .text.usart_async_enable
                0x00000898       0x2c hal/src/hal_usart_async.o
                0x00000898                usart_async_enable
 .text.usart_async_get_io_descriptor
                0x000008c4       0x30 hal/src/hal_usart_async.o
                0x000008c4                usart_async_get_io_descriptor
 .text.usart_async_register_callback
                0x000008f4       0x78 hal/src/hal_usart_async.o
                0x000008f4                usart_async_register_callback
 .text.assert   0x0000096c        0x8 hal/utils/src/utils_assert.o
                0x0000096c                assert
 .text.is_list_element
                0x00000974       0x16 hal/utils/src/utils_list.o
                0x00000974                is_list_element
 *fill*         0x0000098a        0x2 
 .text.list_insert_as_head
                0x0000098c       0x2c hal/utils/src/utils_list.o
                0x0000098c                list_insert_as_head
 .text.list_insert_after
                0x000009b8        0x8 hal/utils/src/utils_list.o
                0x000009b8                list_insert_after
 .text.list_remove_head
                0x000009c0       0x12 hal/utils/src/utils_list.o
                0x000009c0                list_remove_head
 *fill*         0x000009d2        0x2 
 .text.ringbuffer_init
                0x000009d4       0x4c hal/utils/src/utils_ringbuffer.o
                0x000009d4                ringbuffer_init
 .text.ringbuffer_get
                0x00000a20       0x4c hal/utils/src/utils_ringbuffer.o
                0x00000a20                ringbuffer_get
 .text.ringbuffer_put
                0x00000a6c       0x40 hal/utils/src/utils_ringbuffer.o
                0x00000a6c                ringbuffer_put
 .text.ringbuffer_num
                0x00000aac       0x24 hal/utils/src/utils_ringbuffer.o
                0x00000aac                ringbuffer_num
 .text._init_chip
                0x00000ad0       0x30 hpl/core/hpl_init.o
                0x00000ad0                _init_chip
 .text._gclk_init_generators_by_fref
                0x00000b00       0x58 hpl/gclk/hpl_gclk.o
                0x00000b00                _gclk_init_generators_by_fref
 .text._flash_init
                0x00000b58       0x60 hpl/nvmctrl/hpl_nvmctrl.o
                0x00000b58                _flash_init
 .text.NVMCTRL_Handler
                0x00000bb8       0x30 hpl/nvmctrl/hpl_nvmctrl.o
                0x00000bb8                NVMCTRL_Handler
 .text._pm_init
                0x00000be8       0x20 hpl/pm/hpl_pm.o
                0x00000be8                _pm_init
 .text._rtc_timer_interrupt_handler
                0x00000c08       0x1c hpl/rtc/hpl_rtc.o
 .text._timer_init
                0x00000c24       0x5c hpl/rtc/hpl_rtc.o
                0x00000c24                _timer_init
 .text._timer_start
                0x00000c80       0x58 hpl/rtc/hpl_rtc.o
                0x00000c80                _timer_start
 .text._timer_is_started
                0x00000cd8       0x12 hpl/rtc/hpl_rtc.o
                0x00000cd8                _timer_is_started
 .text._timer_set_irq
                0x00000cea        0x2 hpl/rtc/hpl_rtc.o
                0x00000cea                _timer_set_irq
 .text._rtc_get_timer
                0x00000cec        0x4 hpl/rtc/hpl_rtc.o
                0x00000cec                _rtc_get_timer
 .text.RTC_Handler
                0x00000cf0       0x14 hpl/rtc/hpl_rtc.o
                0x00000cf0                RTC_Handler
 .text._sercom_get_hardware_index
                0x00000d04       0x10 hpl/sercom/hpl_sercom.o
 .text._sercom_usart_interrupt_handler
                0x00000d14       0x64 hpl/sercom/hpl_sercom.o
 .text._sercom_init_irq_param
                0x00000d78       0x28 hpl/sercom/hpl_sercom.o
 .text._sercom_get_irq_num
                0x00000da0       0x10 hpl/sercom/hpl_sercom.o
 .text._get_sercom_index
                0x00000db0       0x44 hpl/sercom/hpl_sercom.o
 .text._usart_init
                0x00000df4       0xf0 hpl/sercom/hpl_sercom.o
 .text._usart_async_init
                0x00000ee4       0x8c hpl/sercom/hpl_sercom.o
                0x00000ee4                _usart_async_init
 .text._usart_async_enable
                0x00000f70       0x12 hpl/sercom/hpl_sercom.o
                0x00000f70                _usart_async_enable
 .text._usart_async_write_byte
                0x00000f82        0x8 hpl/sercom/hpl_sercom.o
                0x00000f82                _usart_async_write_byte
 .text._usart_async_enable_byte_sent_irq
                0x00000f8a        0x8 hpl/sercom/hpl_sercom.o
                0x00000f8a                _usart_async_enable_byte_sent_irq
 .text._usart_async_enable_tx_done_irq
                0x00000f92        0x8 hpl/sercom/hpl_sercom.o
                0x00000f92                _usart_async_enable_tx_done_irq
 *fill*         0x00000f9a        0x2 
 .text._usart_async_set_irq_state
                0x00000f9c       0x78 hpl/sercom/hpl_sercom.o
                0x00000f9c                _usart_async_set_irq_state
 .text.SERCOM0_Handler
                0x00001014       0x14 hpl/sercom/hpl_sercom.o
                0x00001014                SERCOM0_Handler
 .text.SERCOM3_Handler
                0x00001028       0x14 hpl/sercom/hpl_sercom.o
                0x00001028                SERCOM3_Handler
 .text._sysctrl_init_sources
                0x0000103c       0x4c hpl/sysctrl/hpl_sysctrl.o
                0x0000103c                _sysctrl_init_sources
 .text._sysctrl_init_referenced_generators
                0x00001088       0x10 hpl/sysctrl/hpl_sysctrl.o
                0x00001088                _sysctrl_init_referenced_generators
 .text._ZL16tx_cb_serial_knxPK22usart_async_descriptor
                0x00001098        0x2 main.o
 .text._ZL16tx_cb_serial_bsmPK22usart_async_descriptor
                0x0000109a        0x2 main.o
 .text._ZL14TIMER_task1_cbPK10timer_task
                0x0000109c        0x2 main.o
 .text._ZL14TIMER_task2_cbPK10timer_task
                0x0000109e        0x2 main.o
 .text._ZL16rx_cb_serial_knxPK22usart_async_descriptor
                0x000010a0       0x40 main.o
 .text._ZL16rx_cb_serial_bsmPK22usart_async_descriptor
                0x000010e0       0x40 main.o
 .text._Z15serial_knx_Initv
                0x00001120       0x44 main.o
                0x00001120                serial_knx_Init()
 .text._Z15serial_bsm_Initv
                0x00001164       0x44 main.o
                0x00001164                serial_bsm_Init()
 .text._Z10TIMER_Initv
                0x000011a8       0x50 main.o
                0x000011a8                TIMER_Init()
 .text.main     0x000011f8       0x24 main.o
                0x000011f8                main
 .text.__libc_init_array
                0x0000121c       0x48 c:/program files (x86)/atmel/studio/7.0/toolchain/arm/arm-gnu-toolchain/bin/../lib/gcc/arm-none-eabi/6.3.1/../../../../arm-none-eabi/lib/thumb/v6-m\libc.a(lib_a-init.o)
                0x0000121c                __libc_init_array
 .text.startup.register_fini
                0x00001264       0x18 c:/program files (x86)/atmel/studio/7.0/toolchain/arm/arm-gnu-toolchain/bin/../lib/gcc/arm-none-eabi/6.3.1/../../../../arm-none-eabi/lib/thumb/v6-m\libc.a(lib_a-__call_atexit.o)
 .text.atexit   0x0000127c       0x10 c:/program files (x86)/atmel/studio/7.0/toolchain/arm/arm-gnu-toolchain/bin/../lib/gcc/arm-none-eabi/6.3.1/../../../../arm-none-eabi/lib/thumb/v6-m\libc.a(lib_a-atexit.o)
                0x0000127c                atexit
 .text.__libc_fini_array
                0x0000128c       0x34 c:/program files (x86)/atmel/studio/7.0/toolchain/arm/arm-gnu-toolchain/bin/../lib/gcc/arm-none-eabi/6.3.1/../../../../arm-none-eabi/lib/thumb/v6-m\libc.a(lib_a-fini.o)
                0x0000128c                __libc_fini_array
 .text.__retarget_lock_acquire_recursive
                0x000012c0        0x4 c:/program files (x86)/atmel/studio/7.0/toolchain/arm/arm-gnu-toolchain/bin/../lib/gcc/arm-none-eabi/6.3.1/../../../../arm-none-eabi/lib/thumb/v6-m\libc.a(lib_a-lock.o)
                0x000012c0                __retarget_lock_acquire_recursive
 .text.__retarget_lock_release_recursive
                0x000012c4        0x4 c:/program files (x86)/atmel/studio/7.0/toolchain/arm/arm-gnu-toolchain/bin/../lib/gcc/arm-none-eabi/6.3.1/../../../../arm-none-eabi/lib/thumb/v6-m\libc.a(lib_a-lock.o)
                0x000012c4                __retarget_lock_release_recursive
 .text.__register_exitproc
                0x000012c8       0xf4 c:/program files (x86)/atmel/studio/7.0/toolchain/arm/arm-gnu-toolchain/bin/../lib/gcc/arm-none-eabi/6.3.1/../../../../arm-none-eabi/lib/thumb/v6-m\libc.a(lib_a-__atexit.o)
                0x000012c8                __register_exitproc
 *(.glue_7t)
 .glue_7t       0x000013bc        0x0 linker stubs
 *(.glue_7)
 .glue_7        0x000013bc        0x0 linker stubs
 *(.rodata .rodata* .gnu.linkonce.r.*)
 .rodata.str1.4
                0x000013bc       0x17 hal/src/hal_flash.o
 *fill*         0x000013d3        0x1 
 .rodata.str1.4
                0x000013d4       0x14 hal/src/hal_io.o
 .rodata.str1.4
                0x000013e8       0x17 hal/src/hal_timer.o
 *fill*         0x000013ff        0x1 
 .rodata.str1.4
                0x00001400       0x1d hal/src/hal_usart_async.o
 *fill*         0x0000141d        0x3 
 .rodata.str1.4
                0x00001420       0x1e hal/utils/src/utils_list.o
 *fill*         0x0000143e        0x2 
 .rodata.str1.4
                0x00001440       0x24 hal/utils/src/utils_ringbuffer.o
 .rodata.str1.4
                0x00001464       0x1d hpl/nvmctrl/hpl_nvmctrl.o
 *fill*         0x00001481        0x3 
 .rodata.str1.4
                0x00001484       0x15 hpl/rtc/hpl_rtc.o
 *fill*         0x00001499        0x3 
 .rodata        0x0000149c       0x61 hpl/sercom/hpl_sercom.o
 *fill*         0x000014fd        0x3 
 .rodata.str1.4
                0x00001500       0x1c hpl/sercom/hpl_sercom.o
                                 0x1b (size before relaxing)
 .rodata._global_impure_ptr
                0x0000151c        0x4 c:/program files (x86)/atmel/studio/7.0/toolchain/arm/arm-gnu-toolchain/bin/../lib/gcc/arm-none-eabi/6.3.1/../../../../arm-none-eabi/lib/thumb/v6-m\libc.a(lib_a-impure.o)
                0x0000151c                _global_impure_ptr
 *(.ARM.extab* .gnu.linkonce.armextab.*)
                0x00001520                . = ALIGN (0x4)
 *(.init)
 .init          0x00001520        0x4 c:/program files (x86)/atmel/studio/7.0/toolchain/arm/arm-gnu-toolchain/bin/../lib/gcc/arm-none-eabi/6.3.1/thumb/v6-m/crti.o
                0x00001520                _init
 .init          0x00001524        0x8 c:/program files (x86)/atmel/studio/7.0/toolchain/arm/arm-gnu-toolchain/bin/../lib/gcc/arm-none-eabi/6.3.1/thumb/v6-m/crtn.o
                0x0000152c                . = ALIGN (0x4)
                0x0000152c                __preinit_array_start = .
 *(.preinit_array)
                0x0000152c                __preinit_array_end = .
                0x0000152c                . = ALIGN (0x4)
                0x0000152c                __init_array_start = .
 *(SORT(.init_array.*))
 .init_array.00000
                0x0000152c        0x4 c:/program files (x86)/atmel/studio/7.0/toolchain/arm/arm-gnu-toolchain/bin/../lib/gcc/arm-none-eabi/6.3.1/../../../../arm-none-eabi/lib/thumb/v6-m\libc.a(lib_a-__call_atexit.o)
 *(.init_array)
 .init_array    0x00001530        0x4 c:/program files (x86)/atmel/studio/7.0/toolchain/arm/arm-gnu-toolchain/bin/../lib/gcc/arm-none-eabi/6.3.1/thumb/v6-m/crtbegin.o
                0x00001534                __init_array_end = .
                0x00001534                . = ALIGN (0x4)
 *crtbegin.o(.ctors)
 *(EXCLUDE_FILE(*crtend.o) .ctors)
 *(SORT(.ctors.*))
 *crtend.o(.ctors)
                0x00001534                . = ALIGN (0x4)
 *(.fini)
 .fini          0x00001534        0x4 c:/program files (x86)/atmel/studio/7.0/toolchain/arm/arm-gnu-toolchain/bin/../lib/gcc/arm-none-eabi/6.3.1/thumb/v6-m/crti.o
                0x00001534                _fini
 .fini          0x00001538        0x8 c:/program files (x86)/atmel/studio/7.0/toolchain/arm/arm-gnu-toolchain/bin/../lib/gcc/arm-none-eabi/6.3.1/thumb/v6-m/crtn.o
                0x00001540                . = ALIGN (0x4)
                0x00001540                __fini_array_start = .
 *(.fini_array)
 .fini_array    0x00001540        0x4 c:/program files (x86)/atmel/studio/7.0/toolchain/arm/arm-gnu-toolchain/bin/../lib/gcc/arm-none-eabi/6.3.1/thumb/v6-m/crtbegin.o
 *(SORT(.fini_array.*))
                0x00001544                __fini_array_end = .
 *crtbegin.o(.dtors)
 *(EXCLUDE_FILE(*crtend.o) .dtors)
 *(SORT(.dtors.*))
 *crtend.o(.dtors)
                0x00001544                . = ALIGN (0x4)
                0x00001544                _efixed = .
                [!provide]                PROVIDE (__exidx_start, .)

.vfp11_veneer   0x00001544        0x0
 .vfp11_veneer  0x00001544        0x0 linker stubs

.v4_bx          0x00001544        0x0
 .v4_bx         0x00001544        0x0 linker stubs

.iplt           0x00001544        0x0
 .iplt          0x00001544        0x0 c:/program files (x86)/atmel/studio/7.0/toolchain/arm/arm-gnu-toolchain/bin/../lib/gcc/arm-none-eabi/6.3.1/thumb/v6-m/crtbegin.o

.eh_frame       0x00001544        0x0
 .eh_frame      0x00001544        0x0 c:/program files (x86)/atmel/studio/7.0/toolchain/arm/arm-gnu-toolchain/bin/../lib/gcc/arm-none-eabi/6.3.1/thumb/v6-m/crtbegin.o

.rel.dyn        0x00001544        0x0
 .rel.iplt      0x00001544        0x0 c:/program files (x86)/atmel/studio/7.0/toolchain/arm/arm-gnu-toolchain/bin/../lib/gcc/arm-none-eabi/6.3.1/thumb/v6-m/crtbegin.o

.jcr            0x00001544        0x0
 .jcr           0x00001544        0x0 c:/program files (x86)/atmel/studio/7.0/toolchain/arm/arm-gnu-toolchain/bin/../lib/gcc/arm-none-eabi/6.3.1/thumb/v6-m/crtbegin.o

.igot.plt       0x00001544        0x0
 .igot.plt      0x00001544        0x0 c:/program files (x86)/atmel/studio/7.0/toolchain/arm/arm-gnu-toolchain/bin/../lib/gcc/arm-none-eabi/6.3.1/thumb/v6-m/crtbegin.o

.ARM.exidx
 *(.ARM.exidx* .gnu.linkonce.armexidx.*)
                [!provide]                PROVIDE (__exidx_end, .)
                0x00001544                . = ALIGN (0x4)
                0x00001544                _etext = .

.relocate       0x20000000      0x42c load address 0x00001544
                0x20000000                . = ALIGN (0x4)
                0x20000000                _srelocate = .
 *(.ramfunc .ramfunc.*)
 *(.data .data.*)
 .data.impure_data
                0x20000000      0x428 c:/program files (x86)/atmel/studio/7.0/toolchain/arm/arm-gnu-toolchain/bin/../lib/gcc/arm-none-eabi/6.3.1/../../../../arm-none-eabi/lib/thumb/v6-m\libc.a(lib_a-impure.o)
 .data.__atexit_recursive_mutex
                0x20000428        0x4 c:/program files (x86)/atmel/studio/7.0/toolchain/arm/arm-gnu-toolchain/bin/../lib/gcc/arm-none-eabi/6.3.1/../../../../arm-none-eabi/lib/thumb/v6-m\libc.a(lib_a-__call_atexit.o)
                0x20000428                __atexit_recursive_mutex
                0x2000042c                . = ALIGN (0x4)
                0x2000042c                _erelocate = .

.bss            0x2000042c      0x18c load address 0x00001970
                0x2000042c                . = ALIGN (0x4)
                0x2000042c                _sbss = .
                0x2000042c                _szero = .
 *(.bss .bss.*)
 .bss           0x2000042c       0x1c c:/program files (x86)/atmel/studio/7.0/toolchain/arm/arm-gnu-toolchain/bin/../lib/gcc/arm-none-eabi/6.3.1/thumb/v6-m/crtbegin.o
 .bss           0x20000448       0x20 driver_init.o
 .bss           0x20000468        0x4 hpl/nvmctrl/hpl_nvmctrl.o
 .bss           0x2000046c        0x4 hpl/rtc/hpl_rtc.o
 .bss           0x20000470        0x8 hpl/sercom/hpl_sercom.o
 .bss           0x20000478       0x44 main.o
                0x20000478                knx_ptr
                0x2000047c                knx_testArray
                0x20000485                ptr
                0x20000488                testArray
 *(COMMON)
 COMMON         0x200004bc       0xd8 driver_init.o
                0x200004bc                TIMER
                0x200004d8                FLASH
                0x200004f4                serial_bsm
                0x20000544                serial_knx
 COMMON         0x20000594       0x21 c:/program files (x86)/atmel/studio/7.0/toolchain/arm/arm-gnu-toolchain/bin/../lib/gcc/arm-none-eabi/6.3.1/../../../../arm-none-eabi/lib/thumb/v6-m\libc.a(lib_a-lock.o)
                0x20000594                __lock___atexit_recursive_mutex
                0x20000598                __lock___arc4random_mutex
                0x2000059c                __lock___env_recursive_mutex
                0x200005a0                __lock___sinit_recursive_mutex
                0x200005a4                __lock___malloc_recursive_mutex
                0x200005a8                __lock___at_quick_exit_mutex
                0x200005ac                __lock___dd_hash_mutex
                0x200005b0                __lock___tz_mutex
                0x200005b4                __lock___sfp_recursive_mutex
                0x200005b8                . = ALIGN (0x4)
 *fill*         0x200005b5        0x3 
                0x200005b8                _ebss = .
                0x200005b8                _ezero = .

.stack          0x200005b8     0x2000 load address 0x00001afc
                0x200005b8                . = ALIGN (0x8)
                0x200005b8                _sstack = .
                0x200025b8                . = (. + STACK_SIZE)
 *fill*         0x200005b8     0x2000 
                0x200025b8                . = ALIGN (0x8)
                0x200025b8                _estack = .
                0x200025b8                . = ALIGN (0x4)
                0x200025b8                _end = .
OUTPUT(BSMCPPMaster.elf elf32-littlearm)

.ARM.attributes
                0x00000000       0x28
 .ARM.attributes
                0x00000000       0x1e c:/program files (x86)/atmel/studio/7.0/toolchain/arm/arm-gnu-toolchain/bin/../lib/gcc/arm-none-eabi/6.3.1/thumb/v6-m/crti.o
 .ARM.attributes
                0x0000001e       0x2c c:/program files (x86)/atmel/studio/7.0/toolchain/arm/arm-gnu-toolchain/bin/../lib/gcc/arm-none-eabi/6.3.1/thumb/v6-m/crtbegin.o
 .ARM.attributes
                0x0000004a       0x32 atmel_start.o
 .ARM.attributes
                0x0000007c       0x32 Device_Startup/startup_samd21.o
 .ARM.attributes
                0x000000ae       0x32 driver_init.o
 .ARM.attributes
                0x000000e0       0x32 hal/src/hal_atomic.o
 .ARM.attributes
                0x00000112       0x32 hal/src/hal_flash.o
 .ARM.attributes
                0x00000144       0x32 hal/src/hal_io.o
 .ARM.attributes
                0x00000176       0x32 hal/src/hal_timer.o
 .ARM.attributes
                0x000001a8       0x32 hal/src/hal_usart_async.o
 .ARM.attributes
                0x000001da       0x32 hal/utils/src/utils_assert.o
 .ARM.attributes
                0x0000020c       0x32 hal/utils/src/utils_list.o
 .ARM.attributes
                0x0000023e       0x32 hal/utils/src/utils_ringbuffer.o
 .ARM.attributes
                0x00000270       0x32 hpl/core/hpl_init.o
 .ARM.attributes
                0x000002a2       0x32 hpl/gclk/hpl_gclk.o
 .ARM.attributes
                0x000002d4       0x32 hpl/nvmctrl/hpl_nvmctrl.o
 .ARM.attributes
                0x00000306       0x32 hpl/pm/hpl_pm.o
 .ARM.attributes
                0x00000338       0x32 hpl/rtc/hpl_rtc.o
 .ARM.attributes
                0x0000036a       0x32 hpl/sercom/hpl_sercom.o
 .ARM.attributes
                0x0000039c       0x32 hpl/sysctrl/hpl_sysctrl.o
 .ARM.attributes
                0x000003ce       0x32 main.o
 .ARM.attributes
                0x00000400       0x2c c:/program files (x86)/atmel/studio/7.0/toolchain/arm/arm-gnu-toolchain/bin/../lib/gcc/arm-none-eabi/6.3.1/../../../../arm-none-eabi/lib/thumb/v6-m\libc.a(lib_a-impure.o)
 .ARM.attributes
                0x0000042c       0x2c c:/program files (x86)/atmel/studio/7.0/toolchain/arm/arm-gnu-toolchain/bin/../lib/gcc/arm-none-eabi/6.3.1/../../../../arm-none-eabi/lib/thumb/v6-m\libc.a(lib_a-init.o)
 .ARM.attributes
                0x00000458       0x2c c:/program files (x86)/atmel/studio/7.0/toolchain/arm/arm-gnu-toolchain/bin/../lib/gcc/arm-none-eabi/6.3.1/../../../../arm-none-eabi/lib/thumb/v6-m\libc.a(lib_a-__call_atexit.o)
 .ARM.attributes
                0x00000484       0x2c c:/program files (x86)/atmel/studio/7.0/toolchain/arm/arm-gnu-toolchain/bin/../lib/gcc/arm-none-eabi/6.3.1/../../../../arm-none-eabi/lib/thumb/v6-m\libc.a(lib_a-atexit.o)
 .ARM.attributes
                0x000004b0       0x2c c:/program files (x86)/atmel/studio/7.0/toolchain/arm/arm-gnu-toolchain/bin/../lib/gcc/arm-none-eabi/6.3.1/../../../../arm-none-eabi/lib/thumb/v6-m\libc.a(lib_a-fini.o)
 .ARM.attributes
                0x000004dc       0x2c c:/program files (x86)/atmel/studio/7.0/toolchain/arm/arm-gnu-toolchain/bin/../lib/gcc/arm-none-eabi/6.3.1/../../../../arm-none-eabi/lib/thumb/v6-m\libc.a(lib_a-lock.o)
 .ARM.attributes
                0x00000508       0x2c c:/program files (x86)/atmel/studio/7.0/toolchain/arm/arm-gnu-toolchain/bin/../lib/gcc/arm-none-eabi/6.3.1/../../../../arm-none-eabi/lib/thumb/v6-m\libc.a(lib_a-__atexit.o)
 .ARM.attributes
                0x00000534       0x1e c:/program files (x86)/atmel/studio/7.0/toolchain/arm/arm-gnu-toolchain/bin/../lib/gcc/arm-none-eabi/6.3.1/thumb/v6-m/crtn.o

.comment        0x00000000       0x59
 .comment       0x00000000       0x59 atmel_start.o
                                 0x5a (size before relaxing)
 .comment       0x00000059       0x5a Device_Startup/startup_samd21.o
 .comment       0x00000059       0x5a driver_init.o
 .comment       0x00000059       0x5a hal/src/hal_atomic.o
 .comment       0x00000059       0x5a hal/src/hal_flash.o
 .comment       0x00000059       0x5a hal/src/hal_io.o
 .comment       0x00000059       0x5a hal/src/hal_timer.o
 .comment       0x00000059       0x5a hal/src/hal_usart_async.o
 .comment       0x00000059       0x5a hal/utils/src/utils_assert.o
 .comment       0x00000059       0x5a hal/utils/src/utils_list.o
 .comment       0x00000059       0x5a hal/utils/src/utils_ringbuffer.o
 .comment       0x00000059       0x5a hpl/core/hpl_init.o
 .comment       0x00000059       0x5a hpl/gclk/hpl_gclk.o
 .comment       0x00000059       0x5a hpl/nvmctrl/hpl_nvmctrl.o
 .comment       0x00000059       0x5a hpl/pm/hpl_pm.o
 .comment       0x00000059       0x5a hpl/rtc/hpl_rtc.o
 .comment       0x00000059       0x5a hpl/sercom/hpl_sercom.o
 .comment       0x00000059       0x5a hpl/sysctrl/hpl_sysctrl.o
 .comment       0x00000059       0x5a main.o

.debug_info     0x00000000    0x241aa
 .debug_info    0x00000000      0x5e1 atmel_start.o
 .debug_info    0x000005e1     0x3a2c Device_Startup/startup_samd21.o
 .debug_info    0x0000400d     0x93cc driver_init.o
 .debug_info    0x0000d3d9      0x1d1 hal/src/hal_atomic.o
 .debug_info    0x0000d5aa      0xc20 hal/src/hal_flash.o
 .debug_info    0x0000e1ca      0x2b2 hal/src/hal_io.o
 .debug_info    0x0000e47c      0xb91 hal/src/hal_timer.o
 .debug_info    0x0000f00d     0x129e hal/src/hal_usart_async.o
 .debug_info    0x000102ab      0x107 hal/utils/src/utils_assert.o
 .debug_info    0x000103b2      0x314 hal/utils/src/utils_list.o
 .debug_info    0x000106c6      0x2f1 hal/utils/src/utils_ringbuffer.o
 .debug_info    0x000109b7      0x677 hpl/core/hpl_init.o
 .debug_info    0x0001102e      0x679 hpl/gclk/hpl_gclk.o
 .debug_info    0x000116a7     0x2912 hpl/nvmctrl/hpl_nvmctrl.o
 .debug_info    0x00013fb9      0xc6d hpl/pm/hpl_pm.o
 .debug_info    0x00014c26     0x2070 hpl/rtc/hpl_rtc.o
 .debug_info    0x00016c96     0xb67c hpl/sercom/hpl_sercom.o
 .debug_info    0x00022312     0x1454 hpl/sysctrl/hpl_sysctrl.o
 .debug_info    0x00023766      0xa44 main.o

.debug_abbrev   0x00000000     0x2b7c
 .debug_abbrev  0x00000000       0xea atmel_start.o
 .debug_abbrev  0x000000ea      0x227 Device_Startup/startup_samd21.o
 .debug_abbrev  0x00000311      0x3a2 driver_init.o
 .debug_abbrev  0x000006b3      0x144 hal/src/hal_atomic.o
 .debug_abbrev  0x000007f7      0x1c5 hal/src/hal_flash.o
 .debug_abbrev  0x000009bc      0x115 hal/src/hal_io.o
 .debug_abbrev  0x00000ad1      0x221 hal/src/hal_timer.o
 .debug_abbrev  0x00000cf2      0x29f hal/src/hal_usart_async.o
 .debug_abbrev  0x00000f91       0x86 hal/utils/src/utils_assert.o
 .debug_abbrev  0x00001017      0x152 hal/utils/src/utils_list.o
 .debug_abbrev  0x00001169       0xf4 hal/utils/src/utils_ringbuffer.o
 .debug_abbrev  0x0000125d      0x1cc hpl/core/hpl_init.o
 .debug_abbrev  0x00001429      0x1c3 hpl/gclk/hpl_gclk.o
 .debug_abbrev  0x000015ec      0x5e9 hpl/nvmctrl/hpl_nvmctrl.o
 .debug_abbrev  0x00001bd5      0x211 hpl/pm/hpl_pm.o
 .debug_abbrev  0x00001de6      0x3ed hpl/rtc/hpl_rtc.o
 .debug_abbrev  0x000021d3      0x5bf hpl/sercom/hpl_sercom.o
 .debug_abbrev  0x00002792      0x1fb hpl/sysctrl/hpl_sysctrl.o
 .debug_abbrev  0x0000298d      0x1ef main.o

.debug_loc      0x00000000     0xda78
 .debug_loc     0x00000000       0x20 atmel_start.o
 .debug_loc     0x00000020       0x78 Device_Startup/startup_samd21.o
 .debug_loc     0x00000098      0x74f driver_init.o
 .debug_loc     0x000007e7       0x13 hal/src/hal_atomic.o
 .debug_loc     0x000007fa      0xd6e hal/src/hal_flash.o
 .debug_loc     0x00001568      0x1b6 hal/src/hal_io.o
 .debug_loc     0x0000171e      0x767 hal/src/hal_timer.o
 .debug_loc     0x00001e85      0xf92 hal/src/hal_usart_async.o
 .debug_loc     0x00002e17      0x213 hal/utils/src/utils_list.o
 .debug_loc     0x0000302a      0x2d1 hal/utils/src/utils_ringbuffer.o
 .debug_loc     0x000032fb       0x4c hpl/core/hpl_init.o
 .debug_loc     0x00003347      0x27a hpl/gclk/hpl_gclk.o
 .debug_loc     0x000035c1     0x1b9d hpl/nvmctrl/hpl_nvmctrl.o
 .debug_loc     0x0000515e      0x11b hpl/pm/hpl_pm.o
 .debug_loc     0x00005279      0x561 hpl/rtc/hpl_rtc.o
 .debug_loc     0x000057da     0x8019 hpl/sercom/hpl_sercom.o
 .debug_loc     0x0000d7f3      0x153 hpl/sysctrl/hpl_sysctrl.o
 .debug_loc     0x0000d946      0x132 main.o

.debug_aranges  0x00000000      0xb00
 .debug_aranges
                0x00000000       0x20 atmel_start.o
 .debug_aranges
                0x00000020       0x28 Device_Startup/startup_samd21.o
 .debug_aranges
                0x00000048       0x68 driver_init.o
 .debug_aranges
                0x000000b0       0x30 hal/src/hal_atomic.o
 .debug_aranges
                0x000000e0       0x90 hal/src/hal_flash.o
 .debug_aranges
                0x00000170       0x30 hal/src/hal_io.o
 .debug_aranges
                0x000001a0       0x70 hal/src/hal_timer.o
 .debug_aranges
                0x00000210       0xe0 hal/src/hal_usart_async.o
 .debug_aranges
                0x000002f0       0x20 hal/utils/src/utils_assert.o
 .debug_aranges
                0x00000310       0x48 hal/utils/src/utils_list.o
 .debug_aranges
                0x00000358       0x40 hal/utils/src/utils_ringbuffer.o
 .debug_aranges
                0x00000398       0x20 hpl/core/hpl_init.o
 .debug_aranges
                0x000003b8       0x28 hpl/gclk/hpl_gclk.o
 .debug_aranges
                0x000003e0       0xc8 hpl/nvmctrl/hpl_nvmctrl.o
 .debug_aranges
                0x000004a8       0x30 hpl/pm/hpl_pm.o
 .debug_aranges
                0x000004d8       0x70 hpl/rtc/hpl_rtc.o
 .debug_aranges
                0x00000548      0x528 hpl/sercom/hpl_sercom.o
 .debug_aranges
                0x00000a70       0x28 hpl/sysctrl/hpl_sysctrl.o
 .debug_aranges
                0x00000a98       0x68 main.o

.debug_ranges   0x00000000      0xbe8
 .debug_ranges  0x00000000       0x10 atmel_start.o
 .debug_ranges  0x00000010       0x18 Device_Startup/startup_samd21.o
 .debug_ranges  0x00000028       0x58 driver_init.o
 .debug_ranges  0x00000080       0x20 hal/src/hal_atomic.o
 .debug_ranges  0x000000a0       0x80 hal/src/hal_flash.o
 .debug_ranges  0x00000120       0x20 hal/src/hal_io.o
 .debug_ranges  0x00000140       0x90 hal/src/hal_timer.o
 .debug_ranges  0x000001d0       0xd0 hal/src/hal_usart_async.o
 .debug_ranges  0x000002a0       0x10 hal/utils/src/utils_assert.o
 .debug_ranges  0x000002b0       0x38 hal/utils/src/utils_list.o
 .debug_ranges  0x000002e8       0x30 hal/utils/src/utils_ringbuffer.o
 .debug_ranges  0x00000318       0x10 hpl/core/hpl_init.o
 .debug_ranges  0x00000328       0x18 hpl/gclk/hpl_gclk.o
 .debug_ranges  0x00000340       0xd0 hpl/nvmctrl/hpl_nvmctrl.o
 .debug_ranges  0x00000410       0x20 hpl/pm/hpl_pm.o
 .debug_ranges  0x00000430       0x60 hpl/rtc/hpl_rtc.o
 .debug_ranges  0x00000490      0x6e8 hpl/sercom/hpl_sercom.o
 .debug_ranges  0x00000b78       0x18 hpl/sysctrl/hpl_sysctrl.o
 .debug_ranges  0x00000b90       0x58 main.o

.debug_macro    0x00000000    0x199e6
 .debug_macro   0x00000000      0x54a atmel_start.o
 .debug_macro   0x0000054a      0x89e atmel_start.o
 .debug_macro   0x00000de8      0x16d atmel_start.o
 .debug_macro   0x00000f55       0x22 atmel_start.o
 .debug_macro   0x00000f77       0x87 atmel_start.o
 .debug_macro   0x00000ffe       0x51 atmel_start.o
 .debug_macro   0x0000104f       0xef atmel_start.o
 .debug_macro   0x0000113e       0x6a atmel_start.o
 .debug_macro   0x000011a8      0x1df atmel_start.o
 .debug_macro   0x00001387       0x22 atmel_start.o
 .debug_macro   0x000013a9       0x3f atmel_start.o
 .debug_macro   0x000013e8       0x1c atmel_start.o
 .debug_macro   0x00001404       0x22 atmel_start.o
 .debug_macro   0x00001426       0xb5 atmel_start.o
 .debug_macro   0x000014db      0x3ad atmel_start.o
 .debug_macro   0x00001888      0x67e atmel_start.o
 .debug_macro   0x00001f06      0x8b1 atmel_start.o
 .debug_macro   0x000027b7      0x22e atmel_start.o
 .debug_macro   0x000029e5      0xd5c atmel_start.o
 .debug_macro   0x00003741      0x4dc atmel_start.o
 .debug_macro   0x00003c1d      0x9f6 atmel_start.o
 .debug_macro   0x00004613      0x82b atmel_start.o
 .debug_macro   0x00004e3e      0x45f atmel_start.o
 .debug_macro   0x0000529d       0x5e atmel_start.o
 .debug_macro   0x000052fb      0x8f9 atmel_start.o
 .debug_macro   0x00005bf4      0x21c atmel_start.o
 .debug_macro   0x00005e10      0x735 atmel_start.o
 .debug_macro   0x00006545       0x5e atmel_start.o
 .debug_macro   0x000065a3      0x632 atmel_start.o
 .debug_macro   0x00006bd5      0x3ac atmel_start.o
 .debug_macro   0x00006f81      0xc76 atmel_start.o
 .debug_macro   0x00007bf7     0x1092 atmel_start.o
 .debug_macro   0x00008c89      0xc4a atmel_start.o
 .debug_macro   0x000098d3      0x6ba atmel_start.o
 .debug_macro   0x00009f8d     0x1b3d atmel_start.o
 .debug_macro   0x0000baca     0x143c atmel_start.o
 .debug_macro   0x0000cf06      0x340 atmel_start.o
 .debug_macro   0x0000d246       0x7c atmel_start.o
 .debug_macro   0x0000d2c2       0xa0 atmel_start.o
 .debug_macro   0x0000d362       0x4c atmel_start.o
 .debug_macro   0x0000d3ae       0xca atmel_start.o
 .debug_macro   0x0000d478       0x94 atmel_start.o
 .debug_macro   0x0000d50c       0x58 atmel_start.o
 .debug_macro   0x0000d564      0x341 atmel_start.o
 .debug_macro   0x0000d8a5       0x82 atmel_start.o
 .debug_macro   0x0000d927      0x189 atmel_start.o
 .debug_macro   0x0000dab0       0xb8 atmel_start.o
 .debug_macro   0x0000db68       0xa0 atmel_start.o
 .debug_macro   0x0000dc08       0xb2 atmel_start.o
 .debug_macro   0x0000dcba       0x1c atmel_start.o
 .debug_macro   0x0000dcd6       0x1c atmel_start.o
 .debug_macro   0x0000dcf2       0x1c atmel_start.o
 .debug_macro   0x0000dd0e       0x7c atmel_start.o
 .debug_macro   0x0000dd8a      0x15a atmel_start.o
 .debug_macro   0x0000dee4       0x10 atmel_start.o
 .debug_macro   0x0000def4       0xdc atmel_start.o
 .debug_macro   0x0000dfd0      0x124 atmel_start.o
 .debug_macro   0x0000e0f4      0x124 atmel_start.o
 .debug_macro   0x0000e218      0x124 atmel_start.o
 .debug_macro   0x0000e33c      0x124 atmel_start.o
 .debug_macro   0x0000e460      0x124 atmel_start.o
 .debug_macro   0x0000e584      0x124 atmel_start.o
 .debug_macro   0x0000e6a8      0x124 atmel_start.o
 .debug_macro   0x0000e7cc       0xe2 atmel_start.o
 .debug_macro   0x0000e8ae       0xe2 atmel_start.o
 .debug_macro   0x0000e990       0xe2 atmel_start.o
 .debug_macro   0x0000ea72       0xe2 atmel_start.o
 .debug_macro   0x0000eb54       0xe2 atmel_start.o
 .debug_macro   0x0000ec36      0x12a atmel_start.o
 .debug_macro   0x0000ed60      0x100 atmel_start.o
 .debug_macro   0x0000ee60       0xf4 atmel_start.o
 .debug_macro   0x0000ef54      0x40f atmel_start.o
 .debug_macro   0x0000f363       0x40 atmel_start.o
 .debug_macro   0x0000f3a3      0x392 atmel_start.o
 .debug_macro   0x0000f735     0x1fb0 atmel_start.o
 .debug_macro   0x000116e5       0x6d atmel_start.o
 .debug_macro   0x00011752       0x10 atmel_start.o
 .debug_macro   0x00011762       0x10 atmel_start.o
 .debug_macro   0x00011772       0x16 atmel_start.o
 .debug_macro   0x00011788       0x16 atmel_start.o
 .debug_macro   0x0001179e       0x16 atmel_start.o
 .debug_macro   0x000117b4       0x16 atmel_start.o
 .debug_macro   0x000117ca       0x16 atmel_start.o
 .debug_macro   0x000117e0       0x16 atmel_start.o
 .debug_macro   0x000117f6       0x16 atmel_start.o
 .debug_macro   0x0001180c       0x16 atmel_start.o
 .debug_macro   0x00011822       0x16 atmel_start.o
 .debug_macro   0x00011838       0x16 atmel_start.o
 .debug_macro   0x0001184e       0x16 atmel_start.o
 .debug_macro   0x00011864       0x16 atmel_start.o
 .debug_macro   0x0001187a       0x16 atmel_start.o
 .debug_macro   0x00011890       0x16 atmel_start.o
 .debug_macro   0x000118a6      0x4c3 atmel_start.o
 .debug_macro   0x00011d69       0x94 atmel_start.o
 .debug_macro   0x00011dfd       0x16 atmel_start.o
 .debug_macro   0x00011e13       0x6a atmel_start.o
 .debug_macro   0x00011e7d      0x28c atmel_start.o
 .debug_macro   0x00012109      0x4d8 atmel_start.o
 .debug_macro   0x000125e1       0x16 atmel_start.o
 .debug_macro   0x000125f7       0xca atmel_start.o
 .debug_macro   0x000126c1       0x1c atmel_start.o
 .debug_macro   0x000126dd       0x16 atmel_start.o
 .debug_macro   0x000126f3       0x52 atmel_start.o
 .debug_macro   0x00012745      0x310 Device_Startup/startup_samd21.o
 .debug_macro   0x00012a55       0x39 Device_Startup/startup_samd21.o
 .debug_macro   0x00012a8e      0x581 driver_init.o
 .debug_macro   0x0001300f       0x50 driver_init.o
 .debug_macro   0x0001305f       0xc9 driver_init.o
 .debug_macro   0x00013128      0x43e hal/src/hal_atomic.o
 .debug_macro   0x00013566      0x46e hal/src/hal_flash.o
 .debug_macro   0x000139d4      0x451 hal/src/hal_io.o
 .debug_macro   0x00013e25      0x484 hal/src/hal_timer.o
 .debug_macro   0x000142a9      0x49a hal/src/hal_usart_async.o
 .debug_macro   0x00014743      0x447 hal/utils/src/utils_assert.o
 .debug_macro   0x00014b8a       0x10 hal/utils/src/utils_assert.o
 .debug_macro   0x00014b9a      0x44b hal/utils/src/utils_list.o
 .debug_macro   0x00014fe5      0x44b hal/utils/src/utils_ringbuffer.o
 .debug_macro   0x00015430      0x4b8 hpl/core/hpl_init.o
 .debug_macro   0x000158e8       0x2e hpl/core/hpl_init.o
 .debug_macro   0x00015916      0x6ec hpl/core/hpl_init.o
 .debug_macro   0x00016002      0x45a hpl/gclk/hpl_gclk.o
 .debug_macro   0x0001645c      0x1f3 hpl/gclk/hpl_gclk.o
 .debug_macro   0x0001664f      0x57e hpl/nvmctrl/hpl_nvmctrl.o
 .debug_macro   0x00016bcd       0x1c hpl/nvmctrl/hpl_nvmctrl.o
 .debug_macro   0x00016be9      0x47d hpl/pm/hpl_pm.o
 .debug_macro   0x00017066      0x482 hpl/rtc/hpl_rtc.o
 .debug_macro   0x000174e8       0x64 hpl/rtc/hpl_rtc.o
 .debug_macro   0x0001754c      0x680 hpl/sercom/hpl_sercom.o
 .debug_macro   0x00017bcc       0x70 hpl/sercom/hpl_sercom.o
 .debug_macro   0x00017c3c      0x17e hpl/sercom/hpl_sercom.o
 .debug_macro   0x00017dba       0x10 hpl/sercom/hpl_sercom.o
 .debug_macro   0x00017dca       0x1c hpl/sercom/hpl_sercom.o
 .debug_macro   0x00017de6       0x22 hpl/sercom/hpl_sercom.o
 .debug_macro   0x00017e08       0x10 hpl/sercom/hpl_sercom.o
 .debug_macro   0x00017e18      0x454 hpl/sysctrl/hpl_sysctrl.o
 .debug_macro   0x0001826c      0x2da hpl/sysctrl/hpl_sysctrl.o
 .debug_macro   0x00018546      0x54f main.o
 .debug_macro   0x00018a95      0x970 main.o
 .debug_macro   0x00019405      0x17b main.o
 .debug_macro   0x00019580       0x1c main.o
 .debug_macro   0x0001959c       0x87 main.o
 .debug_macro   0x00019623       0x16 main.o
 .debug_macro   0x00019639      0x3ad main.o

.debug_line     0x00000000     0xea39
 .debug_line    0x00000000      0xac8 atmel_start.o
 .debug_line    0x00000ac8      0x70c Device_Startup/startup_samd21.o
 .debug_line    0x000011d4      0xc7b driver_init.o
 .debug_line    0x00001e4f      0x986 hal/src/hal_atomic.o
 .debug_line    0x000027d5      0xbc9 hal/src/hal_flash.o
 .debug_line    0x0000339e      0x99e hal/src/hal_io.o
 .debug_line    0x00003d3c      0xb24 hal/src/hal_timer.o
 .debug_line    0x00004860      0xc5e hal/src/hal_usart_async.o
 .debug_line    0x000054be      0x950 hal/utils/src/utils_assert.o
 .debug_line    0x00005e0e      0x9e9 hal/utils/src/utils_list.o
 .debug_line    0x000067f7      0x9ef hal/utils/src/utils_ringbuffer.o
 .debug_line    0x000071e6      0xa30 hpl/core/hpl_init.o
 .debug_line    0x00007c16      0x9ea hpl/gclk/hpl_gclk.o
 .debug_line    0x00008600      0xfaa hpl/nvmctrl/hpl_nvmctrl.o
 .debug_line    0x000095aa      0x9f6 hpl/pm/hpl_pm.o
 .debug_line    0x00009fa0      0xb8e hpl/rtc/hpl_rtc.o
 .debug_line    0x0000ab2e     0x29bc hpl/sercom/hpl_sercom.o
 .debug_line    0x0000d4ea      0x9d9 hpl/sysctrl/hpl_sysctrl.o
 .debug_line    0x0000dec3      0xb76 main.o

.debug_str      0x00000000    0x88c18
 .debug_str     0x00000000    0x79447 atmel_start.o
                              0x79900 (size before relaxing)
 .debug_str     0x00079447     0x10ae Device_Startup/startup_samd21.o
                              0x717b4 (size before relaxing)
 .debug_str     0x0007a4f5     0x1ae1 driver_init.o
                              0x7c219 (size before relaxing)
 .debug_str     0x0007bfd6       0xb7 hal/src/hal_atomic.o
                              0x79270 (size before relaxing)
 .debug_str     0x0007c08d      0x1d6 hal/src/hal_flash.o
                              0x79aa8 (size before relaxing)
 .debug_str     0x0007c263       0x3d hal/src/hal_io.o
                              0x7931d (size before relaxing)
 .debug_str     0x0007c2a0      0x2cc hal/src/hal_timer.o
                              0x79baf (size before relaxing)
 .debug_str     0x0007c56c      0x694 hal/src/hal_usart_async.o
                              0x7a187 (size before relaxing)
 .debug_str     0x0007cc00       0x2a hal/utils/src/utils_assert.o
                              0x79280 (size before relaxing)
 .debug_str     0x0007cc2a       0x31 hal/utils/src/utils_list.o
                              0x7932a (size before relaxing)
 .debug_str     0x0007cc5b       0x24 hal/utils/src/utils_ringbuffer.o
                              0x79326 (size before relaxing)
 .debug_str     0x0007cc7f     0x17d7 hpl/core/hpl_init.o
                              0x7aec4 (size before relaxing)
 .debug_str     0x0007e456      0x84c hpl/gclk/hpl_gclk.o
                              0x79b9a (size before relaxing)
 .debug_str     0x0007eca2     0x3635 hpl/nvmctrl/hpl_nvmctrl.o
                              0x7d1b1 (size before relaxing)
 .debug_str     0x000822d7      0x194 hpl/pm/hpl_pm.o
                              0x79a23 (size before relaxing)
 .debug_str     0x0008246b      0x35f hpl/rtc/hpl_rtc.o
                              0x79db2 (size before relaxing)
 .debug_str     0x000827ca     0x4b7e hpl/sercom/hpl_sercom.o
                              0x7f437 (size before relaxing)
 .debug_str     0x00087348     0x11d2 hpl/sysctrl/hpl_sysctrl.o
                              0x7a54f (size before relaxing)
 .debug_str     0x0008851a      0x6fe main.o
                              0x79f6e (size before relaxing)

.debug_frame    0x00000000     0x1e90
 .debug_frame   0x00000000       0x28 atmel_start.o
 .debug_frame   0x00000028       0x40 Device_Startup/startup_samd21.o
 .debug_frame   0x00000068       0xf8 driver_init.o
 .debug_frame   0x00000160       0x40 hal/src/hal_atomic.o
 .debug_frame   0x000001a0      0x1b8 hal/src/hal_flash.o
 .debug_frame   0x00000358       0x58 hal/src/hal_io.o
 .debug_frame   0x000003b0      0x13c hal/src/hal_timer.o
 .debug_frame   0x000004ec      0x2a4 hal/src/hal_usart_async.o
 .debug_frame   0x00000790       0x20 hal/utils/src/utils_assert.o
 .debug_frame   0x000007b0       0x88 hal/utils/src/utils_list.o
 .debug_frame   0x00000838       0x94 hal/utils/src/utils_ringbuffer.o
 .debug_frame   0x000008cc       0x28 hpl/core/hpl_init.o
 .debug_frame   0x000008f4       0x30 hpl/gclk/hpl_gclk.o
 .debug_frame   0x00000924      0x260 hpl/nvmctrl/hpl_nvmctrl.o
 .debug_frame   0x00000b84       0x40 hpl/pm/hpl_pm.o
 .debug_frame   0x00000bc4       0xf4 hpl/rtc/hpl_rtc.o
 .debug_frame   0x00000cb8      0xef4 hpl/sercom/hpl_sercom.o
 .debug_frame   0x00001bac       0x30 hpl/sysctrl/hpl_sysctrl.o
 .debug_frame   0x00001bdc       0xf4 main.o
 .debug_frame   0x00001cd0       0x2c c:/program files (x86)/atmel/studio/7.0/toolchain/arm/arm-gnu-toolchain/bin/../lib/gcc/arm-none-eabi/6.3.1/../../../../arm-none-eabi/lib/thumb/v6-m\libc.a(lib_a-init.o)
 .debug_frame   0x00001cfc       0x54 c:/program files (x86)/atmel/studio/7.0/toolchain/arm/arm-gnu-toolchain/bin/../lib/gcc/arm-none-eabi/6.3.1/../../../../arm-none-eabi/lib/thumb/v6-m\libc.a(lib_a-__call_atexit.o)
 .debug_frame   0x00001d50       0x28 c:/program files (x86)/atmel/studio/7.0/toolchain/arm/arm-gnu-toolchain/bin/../lib/gcc/arm-none-eabi/6.3.1/../../../../arm-none-eabi/lib/thumb/v6-m\libc.a(lib_a-atexit.o)
 .debug_frame   0x00001d78       0x2c c:/program files (x86)/atmel/studio/7.0/toolchain/arm/arm-gnu-toolchain/bin/../lib/gcc/arm-none-eabi/6.3.1/../../../../arm-none-eabi/lib/thumb/v6-m\libc.a(lib_a-fini.o)
 .debug_frame   0x00001da4       0xb0 c:/program files (x86)/atmel/studio/7.0/toolchain/arm/arm-gnu-toolchain/bin/../lib/gcc/arm-none-eabi/6.3.1/../../../../arm-none-eabi/lib/thumb/v6-m\libc.a(lib_a-lock.o)
 .debug_frame   0x00001e54       0x3c c:/program files (x86)/atmel/studio/7.0/toolchain/arm/arm-gnu-toolchain/bin/../lib/gcc/arm-none-eabi/6.3.1/../../../../arm-none-eabi/lib/thumb/v6-m\libc.a(lib_a-__atexit.o)
